
> privlink@0.1.0 build
> next build

node.exe : [baseline-
browser-mapping] The 
data in this module 
is over two months 
old.  To ensure 
accurate Baseline 
data, please update: 
`npm i baseline-brows
er-mapping@latest -D`
At line:1 char:1
+ & "C:\Program Files
\nodejs/node.exe" 
"C:\Program 
Files\nodejs/node_mo 
...
+ ~~~~~~~~~~~~~~~~~~~
~~~~~~~~~~~~~~~~~~~~~
~~~~~~~~~~~~~~~~~~~~~
~~~~~~~~
    + CategoryInfo   
           : 
NotSpecifi    ed: 
([baseline-bro    
ws...ping@latest -   
 D`:String) [], Rem  
  oteException
    + 
FullyQualifiedEr    
rorId : NativeComm   
 andError
 
 ΓÜá Warning: 
Next.js inferred 
your workspace root, 
but it may not be 
correct.
 We detected 
multiple lockfiles 
and selected the 
directory of 
D:\Projects\My projec
t\package-lock.json 
as the root 
directory.
 To silence this 
warning, set 
`turbopack.root` in 
your Next.js config, 
or consider removing 
one of the lockfiles 
if it's not needed.
   See https://nextjs
.org/docs/app/api-ref
erence/config/next-co
nfig-js/turbopack#roo
t-directory for more 
information.
 Detected additional 
lockfiles: 
   * D:\Projects\My p
roject\privlink\packa
ge-lock.json

   Γû▓ Next.js 16.0.10 (Turbopack)
   - Environments: .env

   Creating an optimized production build ...
[baseline-browser-map
ping] The data in 
this module is over 
two months old.  To 
ensure accurate 
Baseline data, 
please update: `npm 
i baseline-browser-ma
pping@latest -D`
[baseline-browser-map
ping] The data in 
this module is over 
two months old.  To 
ensure accurate 
Baseline data, 
please update: `npm 
i baseline-browser-ma
pping@latest -D`
Turbopack build 
encountered 83 
warnings:
[next]/internal/font/
google/037b6aa687f94b
32-s.woff2
Error while 
requesting resource
There was an issue 
establishing a 
connection while 
requesting https://fo
nts.gstatic.com/s/osw
ald/v57/TK3iWkUHHAIjg
752Fz8Gl-1PK62t.woff2
Hint: It looks like 
this error was 
TLS-related. Try 
enabling system TLS 
certificates with NEX
T_TURBOPACK_EXPERIMEN
TAL_USE_SYSTEM_TLS_CE
RTS=1 as an 
environment 
variable, or set expe
rimental.turbopackUse
SystemTlsCerts in 
your next.config.js 
file.


[next]/internal/font/
google/07454f8ad8aaac
57-s.p.woff2
Error while 
requesting resource
There was an issue 
establishing a 
connection while 
requesting https://fo
nts.gstatic.com/s/nun
ito/v32/XRXV3I6Li01BK
ofINeaBTMnFcQ.woff2
Hint: It looks like 
this error was 
TLS-related. Try 
enabling system TLS 
certificates with NEX
T_TURBOPACK_EXPERIMEN
TAL_USE_SYSTEM_TLS_CE
RTS=1 as an 
environment 
variable, or set expe
rimental.turbopackUse
SystemTlsCerts in 
your next.config.js 
file.


[next]/internal/font/
google/0781808e3393db
fb-s.woff2
Error while 
requesting resource
There was an issue 
establishing a 
connection while 
requesting https://fo
nts.gstatic.com/s/qui
cksand/v37/6xKtdSZaM9
iE8KbpRA_hJFQNYuDyP7b
h.woff2
Hint: It looks like 
this error was 
TLS-related. Try 
enabling system TLS 
certificates with NEX
T_TURBOPACK_EXPERIMEN
TAL_USE_SYSTEM_TLS_CE
RTS=1 as an 
environment 
variable, or set expe
rimental.turbopackUse
SystemTlsCerts in 
your next.config.js 
file.


[next]/internal/font/
google/0fe8cf670dc792
9a-s.woff2
Error while 
requesting resource
There was an issue 
establishing a 
connection while 
requesting https://fo
nts.gstatic.com/s/sou
rcecodepro/v31/HI_SiY
sKILxRpg3hIP6sJ7fM7Pq
lPuvWnsUnxlC9.woff2
Hint: It looks like 
this error was 
TLS-related. Try 
enabling system TLS 
certificates with NEX
T_TURBOPACK_EXPERIMEN
TAL_USE_SYSTEM_TLS_CE
RTS=1 as an 
environment 
variable, or set expe
rimental.turbopackUse
SystemTlsCerts in 
your next.config.js 
file.


[next]/internal/font/
google/1bc7fc94203521
e3-s.p.woff2
Error while 
requesting resource
There was an issue 
establishing a 
connection while 
requesting https://fo
nts.gstatic.com/s/ubu
ntu/v21/4iCv6KVjbNBYl
goCxCvjsGyNPYZvgw.wof
f2
Hint: It looks like 
this error was 
TLS-related. Try 
enabling system TLS 
certificates with NEX
T_TURBOPACK_EXPERIMEN
TAL_USE_SYSTEM_TLS_CE
RTS=1 as an 
environment 
variable, or set expe
rimental.turbopackUse
SystemTlsCerts in 
your next.config.js 
file.


[next]/internal/font/
google/202f69fb654d2e
8e-s.p.woff2
Error while 
requesting resource
There was an issue 
establishing a 
connection while 
requesting https://fo
nts.gstatic.com/s/tit
illiumweb/v19/NaPDcZT
IAOhVxoMyOr9n_E7ffHjD
GItzY5abuWI.woff2
Hint: It looks like 
this error was 
TLS-related. Try 
enabling system TLS 
certificates with NEX
T_TURBOPACK_EXPERIMEN
TAL_USE_SYSTEM_TLS_CE
RTS=1 as an 
environment 
variable, or set expe
rimental.turbopackUse
SystemTlsCerts in 
your next.config.js 
file.


[next]/internal/font/
google/216579b50e5489
14-s.p.woff2
Error while 
requesting resource
There was an issue 
establishing a 
connection while 
requesting https://fo
nts.gstatic.com/s/ubu
ntu/v21/4iCs6KVjbNBYl
goKfw72nU6AFw.woff2
Hint: It looks like 
this error was 
TLS-related. Try 
enabling system TLS 
certificates with NEX
T_TURBOPACK_EXPERIMEN
TAL_USE_SYSTEM_TLS_CE
RTS=1 as an 
environment 
variable, or set expe
rimental.turbopackUse
SystemTlsCerts in 
your next.config.js 
file.


[next]/internal/font/
google/224e262ef877bf
a4-s.woff2
Error while 
requesting resource
There was an issue 
establishing a 
connection while 
requesting https://fo
nts.gstatic.com/s/nun
ito/v32/XRXV3I6Li01BK
ofIOOaBTMnFcQIG.woff2
Hint: It looks like 
this error was 
TLS-related. Try 
enabling system TLS 
certificates with NEX
T_TURBOPACK_EXPERIMEN
TAL_USE_SYSTEM_TLS_CE
RTS=1 as an 
environment 
variable, or set expe
rimental.turbopackUse
SystemTlsCerts in 
your next.config.js 
file.


[next]/internal/font/
google/28e60ca39c9ae5
54-s.woff2
Error while 
requesting resource
There was an issue 
establishing a 
connection while 
requesting https://fo
nts.gstatic.com/s/spa
cemono/v17/i7dMIFZifj
KcF5UAWdDRaPpZUFuaHi6
WZ3S_Yg.woff2
Hint: It looks like 
this error was 
TLS-related. Try 
enabling system TLS 
certificates with NEX
T_TURBOPACK_EXPERIMEN
TAL_USE_SYSTEM_TLS_CE
RTS=1 as an 
environment 
variable, or set expe
rimental.turbopackUse
SystemTlsCerts in 
your next.config.js 
file.


[next]/internal/font/
google/31a7435702a308
bc-s.woff2
Error while 
requesting resource
There was an issue 
establishing a 
connection while 
requesting https://fo
nts.gstatic.com/s/sou
rcecodepro/v31/HI_SiY
sKILxRpg3hIP6sJ7fM7Pq
lM-vWnsUnxlC9.woff2
Hint: It looks like 
this error was 
TLS-related. Try 
enabling system TLS 
certificates with NEX
T_TURBOPACK_EXPERIMEN
TAL_USE_SYSTEM_TLS_CE
RTS=1 as an 
environment 
variable, or set expe
rimental.turbopackUse
SystemTlsCerts in 
your next.config.js 
file.


[next]/internal/font/
google/32fe63294b6cd1
8c-s.woff2
Error while 
requesting resource
There was an issue 
establishing a 
connection while 
requesting https://fo
nts.gstatic.com/s/dan
cingscript/v29/If2RXT
r6YS-zF4S-kcSWSVi_szL
viuEHiC4Wl-8.woff2
Hint: It looks like 
this error was 
TLS-related. Try 
enabling system TLS 
certificates with NEX
T_TURBOPACK_EXPERIMEN
TAL_USE_SYSTEM_TLS_CE
RTS=1 as an 
environment 
variable, or set expe
rimental.turbopackUse
SystemTlsCerts in 
your next.config.js 
file.


[next]/internal/font/
google/33f266618f7bf8
bb-s.woff2
Error while 
requesting resource
There was an issue 
establishing a 
connection while 
requesting https://fo
nts.gstatic.com/s/sou
rcecodepro/v31/HI_SiY
sKILxRpg3hIP6sJ7fM7Pq
lOevWnsUnxlC9.woff2
Hint: It looks like 
this error was 
TLS-related. Try 
enabling system TLS 
certificates with NEX
T_TURBOPACK_EXPERIMEN
TAL_USE_SYSTEM_TLS_CE
RTS=1 as an 
environment 
variable, or set expe
rimental.turbopackUse
SystemTlsCerts in 
your next.config.js 
file.


[next]/internal/font/
google/35dab0372a5084
68-s.woff2
Error while 
requesting resource
There was an issue 
establishing a 
connection while 
requesting https://fo
nts.gstatic.com/s/ubu
ntu/v21/4iCs6KVjbNBYl
goKcQ72nU6AF7xm.woff2
Hint: It looks like 
this error was 
TLS-related. Try 
enabling system TLS 
certificates with NEX
T_TURBOPACK_EXPERIMEN
TAL_USE_SYSTEM_TLS_CE
RTS=1 as an 
environment 
variable, or set expe
rimental.turbopackUse
SystemTlsCerts in 
your next.config.js 
file.


[next]/internal/font/
google/36f8835f1b5285
ee-s.woff2
Error while 
requesting resource
There was an issue 
establishing a 
connection while 
requesting https://fo
nts.gstatic.com/s/sou
rcecodepro/v31/HI_SiY
sKILxRpg3hIP6sJ7fM7Pq
lMevWnsUnxlC9.woff2
Hint: It looks like 
this error was 
TLS-related. Try 
enabling system TLS 
certificates with NEX
T_TURBOPACK_EXPERIMEN
TAL_USE_SYSTEM_TLS_CE
RTS=1 as an 
environment 
variable, or set expe
rimental.turbopackUse
SystemTlsCerts in 
your next.config.js 
file.


[next]/internal/font/
google/38772d1e0cde90
9c-s.woff2
Error while 
requesting resource
There was an issue 
establishing a 
connection while 
requesting https://fo
nts.gstatic.com/s/rob
oto/v50/KFO7CnqEu92Fr
1ME7kSn66aGLdTylUAMa3
CUBHMdazTgWw.woff2
Hint: It looks like 
this error was 
TLS-related. Try 
enabling system TLS 
certificates with NEX
T_TURBOPACK_EXPERIMEN
TAL_USE_SYSTEM_TLS_CE
RTS=1 as an 
environment 
variable, or set expe
rimental.turbopackUse
SystemTlsCerts in 
your next.config.js 
file.


[next]/internal/font/
google/406d3fc8d5ec9f
59-s.p.woff2
Error while 
requesting resource
There was an issue 
establishing a 
connection while 
requesting https://fo
nts.gstatic.com/s/dan
cingscript/v29/If2RXT
r6YS-zF4S-kcSWSVi_szL
giuEHiC4W.woff2
Hint: It looks like 
this error was 
TLS-related. Try 
enabling system TLS 
certificates with NEX
T_TURBOPACK_EXPERIMEN
TAL_USE_SYSTEM_TLS_CE
RTS=1 as an 
environment 
variable, or set expe
rimental.turbopackUse
SystemTlsCerts in 
your next.config.js 
file.


[next]/internal/font/
google/49f63022355b87
4d-s.woff2
Error while 
requesting resource
There was an issue 
establishing a 
connection while 
requesting https://fo
nts.gstatic.com/s/ubu
ntu/v21/4iCs6KVjbNBYl
goKcg72nU6AF7xm.woff2
Hint: It looks like 
this error was 
TLS-related. Try 
enabling system TLS 
certificates with NEX
T_TURBOPACK_EXPERIMEN
TAL_USE_SYSTEM_TLS_CE
RTS=1 as an 
environment 
variable, or set expe
rimental.turbopackUse
SystemTlsCerts in 
your next.config.js 
file.


[next]/internal/font/
google/4a7551bcc3548e
67-s.p.woff2
Error while 
requesting resource
There was an issue 
establishing a 
connection while 
requesting https://fo
nts.gstatic.com/s/qui
cksand/v37/6xKtdSZaM9
iE8KbpRA_hK1QNYuDyPw.
woff2
Hint: It looks like 
this error was 
TLS-related. Try 
enabling system TLS 
certificates with NEX
T_TURBOPACK_EXPERIMEN
TAL_USE_SYSTEM_TLS_CE
RTS=1 as an 
environment 
variable, or set expe
rimental.turbopackUse
SystemTlsCerts in 
your next.config.js 
file.


[next]/internal/font/
google/4ba802ed8e67ea
c5-s.woff2
Error while 
requesting resource
There was an issue 
establishing a 
connection while 
requesting https://fo
nts.gstatic.com/s/spa
cemono/v17/i7dPIFZifj
KcF5UAWdDRYE58RXi4EwS
sbg.woff2
Hint: It looks like 
this error was 
TLS-related. Try 
enabling system TLS 
certificates with NEX
T_TURBOPACK_EXPERIMEN
TAL_USE_SYSTEM_TLS_CE
RTS=1 as an 
environment 
variable, or set expe
rimental.turbopackUse
SystemTlsCerts in 
your next.config.js 
file.


[next]/internal/font/
google/4fa387ec64143e
14-s.woff2
Error while 
requesting resource
There was an issue 
establishing a 
connection while 
requesting https://fo
nts.gstatic.com/s/gei
stmono/v4/or3nQ6H-1_W
fwkMZI_qYFrMdmhHkjkot
bA.woff2
Hint: It looks like 
this error was 
TLS-related. Try 
enabling system TLS 
certificates with NEX
T_TURBOPACK_EXPERIMEN
TAL_USE_SYSTEM_TLS_CE
RTS=1 as an 
environment 
variable, or set expe
rimental.turbopackUse
SystemTlsCerts in 
your next.config.js 
file.


[next]/internal/font/
google/572c13468b8cff
87-s.woff2
Error while 
requesting resource
There was an issue 
establishing a 
connection while 
requesting https://fo
nts.gstatic.com/s/rob
oto/v50/KFO7CnqEu92Fr
1ME7kSn66aGLdTylUAMa3
GUBHMdazTgWw.woff2
Hint: It looks like 
this error was 
TLS-related. Try 
enabling system TLS 
certificates with NEX
T_TURBOPACK_EXPERIMEN
TAL_USE_SYSTEM_TLS_CE
RTS=1 as an 
environment 
variable, or set expe
rimental.turbopackUse
SystemTlsCerts in 
your next.config.js 
file.


[next]/internal/font/
google/5fc322119a88a3
3d-s.woff2
Error while 
requesting resource
There was an issue 
establishing a 
connection while 
requesting https://fo
nts.gstatic.com/s/jos
efinsans/v34/Qw3aZQNV
ED7rKGKxtqIqX5EUA3x4V
n8siqM7.woff2
Hint: It looks like 
this error was 
TLS-related. Try 
enabling system TLS 
certificates with NEX
T_TURBOPACK_EXPERIMEN
TAL_USE_SYSTEM_TLS_CE
RTS=1 as an 
environment 
variable, or set expe
rimental.turbopackUse
SystemTlsCerts in 
your next.config.js 
file.


[next]/internal/font/
google/62d4b50592542c
9f-s.woff2
Error while 
requesting resource
There was an issue 
establishing a 
connection while 
requesting https://fo
nts.gstatic.com/s/rob
oto/v50/KFO7CnqEu92Fr
1ME7kSn66aGLdTylUAMa3
iUBHMdazTgWw.woff2
Hint: It looks like 
this error was 
TLS-related. Try 
enabling system TLS 
certificates with NEX
T_TURBOPACK_EXPERIMEN
TAL_USE_SYSTEM_TLS_CE
RTS=1 as an 
environment 
variable, or set expe
rimental.turbopackUse
SystemTlsCerts in 
your next.config.js 
file.


[next]/internal/font/
google/7178b3e590c643
07-s.woff2
Error while 
requesting resource
There was an issue 
establishing a 
connection while 
requesting https://fo
nts.gstatic.com/s/gei
st/v4/gyByhwUxId8gMEw
SGFWNOITddY4.woff2
Hint: It looks like 
this error was 
TLS-related. Try 
enabling system TLS 
certificates with NEX
T_TURBOPACK_EXPERIMEN
TAL_USE_SYSTEM_TLS_CE
RTS=1 as an 
environment 
variable, or set expe
rimental.turbopackUse
SystemTlsCerts in 
your next.config.js 
file.


[next]/internal/font/
google/75a8566361c6e7
4e-s.woff2
Error while 
requesting resource
There was an issue 
establishing a 
connection while 
requesting https://fo
nts.gstatic.com/s/pac
ifico/v23/FwZY7-Qmy14
u9lezJ-6I6MmBp0u-zK4.
woff2
Hint: It looks like 
this error was 
TLS-related. Try 
enabling system TLS 
certificates with NEX
T_TURBOPACK_EXPERIMEN
TAL_USE_SYSTEM_TLS_CE
RTS=1 as an 
environment 
variable, or set expe
rimental.turbopackUse
SystemTlsCerts in 
your next.config.js 
file.


[next]/internal/font/
google/769a6a68ede5e4
96-s.p.woff2
Error while 
requesting resource
There was an issue 
establishing a 
connection while 
requesting https://fo
nts.gstatic.com/s/jos
efinsans/v34/Qw3aZQNV
ED7rKGKxtqIqX5EUDXx4V
n8sig.woff2
Hint: It looks like 
this error was 
TLS-related. Try 
enabling system TLS 
certificates with NEX
T_TURBOPACK_EXPERIMEN
TAL_USE_SYSTEM_TLS_CE
RTS=1 as an 
environment 
variable, or set expe
rimental.turbopackUse
SystemTlsCerts in 
your next.config.js 
file.


[next]/internal/font/
google/797e433ab94858
6e-s.p.woff2
Error while 
requesting resource
There was an issue 
establishing a 
connection while 
requesting https://fo
nts.gstatic.com/s/gei
stmono/v4/or3nQ6H-1_W
fwkMZI_qYFrcdmhHkjko.
woff2
Hint: It looks like 
this error was 
TLS-related. Try 
enabling system TLS 
certificates with NEX
T_TURBOPACK_EXPERIMEN
TAL_USE_SYSTEM_TLS_CE
RTS=1 as an 
environment 
variable, or set expe
rimental.turbopackUse
SystemTlsCerts in 
your next.config.js 
file.


[next]/internal/font/
google/798f80a4b3a62a
e7-s.woff2
Error while 
requesting resource
There was an issue 
establishing a 
connection while 
requesting https://fo
nts.gstatic.com/s/ubu
ntu/v21/4iCv6KVjbNBYl
goCxCvjvmyNPYZvg7UI.w
off2
Hint: It looks like 
this error was 
TLS-related. Try 
enabling system TLS 
certificates with NEX
T_TURBOPACK_EXPERIMEN
TAL_USE_SYSTEM_TLS_CE
RTS=1 as an 
environment 
variable, or set expe
rimental.turbopackUse
SystemTlsCerts in 
your next.config.js 
file.


[next]/internal/font/
google/7e93c0a52799e8
49-s.woff2
Error while 
requesting resource
There was an issue 
establishing a 
connection while 
requesting https://fo
nts.gstatic.com/s/osw
ald/v57/TK3iWkUHHAIjg
752Fj8Gl-1PK62t.woff2
Hint: It looks like 
this error was 
TLS-related. Try 
enabling system TLS 
certificates with NEX
T_TURBOPACK_EXPERIMEN
TAL_USE_SYSTEM_TLS_CE
RTS=1 as an 
environment 
variable, or set expe
rimental.turbopackUse
SystemTlsCerts in 
your next.config.js 
file.


[next]/internal/font/
google/7f11d98043fded
c9-s.woff2
Error while 
requesting resource
There was an issue 
establishing a 
connection while 
requesting https://fo
nts.gstatic.com/s/nun
ito/v32/XRXV3I6Li01BK
ofIMeaBTMnFcQIG.woff2
Hint: It looks like 
this error was 
TLS-related. Try 
enabling system TLS 
certificates with NEX
T_TURBOPACK_EXPERIMEN
TAL_USE_SYSTEM_TLS_CE
RTS=1 as an 
environment 
variable, or set expe
rimental.turbopackUse
SystemTlsCerts in 
your next.config.js 
file.


[next]/internal/font/
google/8637c86382b2ca
b5-s.woff2
Error while 
requesting resource
There was an issue 
establishing a 
connection while 
requesting https://fo
nts.gstatic.com/s/pac
ifico/v23/FwZY7-Qmy14
u9lezJ-6D6MmBp0u-zK4.
woff2
Hint: It looks like 
this error was 
TLS-related. Try 
enabling system TLS 
certificates with NEX
T_TURBOPACK_EXPERIMEN
TAL_USE_SYSTEM_TLS_CE
RTS=1 as an 
environment 
variable, or set expe
rimental.turbopackUse
SystemTlsCerts in 
your next.config.js 
file.


[next]/internal/font/
google/893ae83aca20c1
9d-s.woff2
Error while 
requesting resource
There was an issue 
establishing a 
connection while 
requesting https://fo
nts.gstatic.com/s/ubu
ntu/v21/4iCv6KVjbNBYl
goCxCvjvWyNPYZvg7UI.w
off2
Hint: It looks like 
this error was 
TLS-related. Try 
enabling system TLS 
certificates with NEX
T_TURBOPACK_EXPERIMEN
TAL_USE_SYSTEM_TLS_CE
RTS=1 as an 
environment 
variable, or set expe
rimental.turbopackUse
SystemTlsCerts in 
your next.config.js 
file.


[next]/internal/font/
google/8a480f0b521d4e
75-s.woff2
Error while 
requesting resource
There was an issue 
establishing a 
connection while 
requesting https://fo
nts.gstatic.com/s/gei
st/v4/gyByhwUxId8gMEw
YGFWNOITddY4.woff2
Hint: It looks like 
this error was 
TLS-related. Try 
enabling system TLS 
certificates with NEX
T_TURBOPACK_EXPERIMEN
TAL_USE_SYSTEM_TLS_CE
RTS=1 as an 
environment 
variable, or set expe
rimental.turbopackUse
SystemTlsCerts in 
your next.config.js 
file.


[next]/internal/font/
google/8e410338cab7e1
2e-s.woff2
Error while 
requesting resource
There was an issue 
establishing a 
connection while 
requesting https://fo
nts.gstatic.com/s/osw
ald/v57/TK3iWkUHHAIjg
752HT8Gl-1PK62t.woff2
Hint: It looks like 
this error was 
TLS-related. Try 
enabling system TLS 
certificates with NEX
T_TURBOPACK_EXPERIMEN
TAL_USE_SYSTEM_TLS_CE
RTS=1 as an 
environment 
variable, or set expe
rimental.turbopackUse
SystemTlsCerts in 
your next.config.js 
file.


[next]/internal/font/
google/8fcf71678f67d0
c5-s.woff2
Error while 
requesting resource
There was an issue 
establishing a 
connection while 
requesting https://fo
nts.gstatic.com/s/rob
oto/v50/KFO7CnqEu92Fr
1ME7kSn66aGLdTylUAMa3
OUBHMdazTgWw.woff2
Hint: It looks like 
this error was 
TLS-related. Try 
enabling system TLS 
certificates with NEX
T_TURBOPACK_EXPERIMEN
TAL_USE_SYSTEM_TLS_CE
RTS=1 as an 
environment 
variable, or set expe
rimental.turbopackUse
SystemTlsCerts in 
your next.config.js 
file.


[next]/internal/font/
google/9a800f173b8d9e
8f-s.p.woff2
Error while 
requesting resource
There was an issue 
establishing a 
connection while 
requesting https://fo
nts.gstatic.com/s/osw
ald/v57/TK3iWkUHHAIjg
752GT8Gl-1PKw.woff2
Hint: It looks like 
this error was 
TLS-related. Try 
enabling system TLS 
certificates with NEX
T_TURBOPACK_EXPERIMEN
TAL_USE_SYSTEM_TLS_CE
RTS=1 as an 
environment 
variable, or set expe
rimental.turbopackUse
SystemTlsCerts in 
your next.config.js 
file.


[next]/internal/font/
google/a0ffaa6a9384d9
d3-s.woff2
Error while 
requesting resource
There was an issue 
establishing a 
connection while 
requesting https://fo
nts.gstatic.com/s/rob
oto/v50/KFO7CnqEu92Fr
1ME7kSn66aGLdTylUAMa3
-UBHMdazTgWw.woff2
Hint: It looks like 
this error was 
TLS-related. Try 
enabling system TLS 
certificates with NEX
T_TURBOPACK_EXPERIMEN
TAL_USE_SYSTEM_TLS_CE
RTS=1 as an 
environment 
variable, or set expe
rimental.turbopackUse
SystemTlsCerts in 
your next.config.js 
file.


[next]/internal/font/
google/a624dffa201843
ff-s.p.woff2
Error while 
requesting resource
There was an issue 
establishing a 
connection while 
requesting https://fo
nts.gstatic.com/s/pac
ifico/v23/FwZY7-Qmy14
u9lezJ-6H6MmBp0u-.wof
f2
Hint: It looks like 
this error was 
TLS-related. Try 
enabling system TLS 
certificates with NEX
T_TURBOPACK_EXPERIMEN
TAL_USE_SYSTEM_TLS_CE
RTS=1 as an 
environment 
variable, or set expe
rimental.turbopackUse
SystemTlsCerts in 
your next.config.js 
file.


[next]/internal/font/
google/a62ab0e1e181ad
ab-s.woff2
Error while 
requesting resource
There was an issue 
establishing a 
connection while 
requesting https://fo
nts.gstatic.com/s/tit
illiumweb/v19/NaPecZT
IAOhVxoMyOr9n_E7fdM3m
DaZRbryhsA.woff2
Hint: It looks like 
this error was 
TLS-related. Try 
enabling system TLS 
certificates with NEX
T_TURBOPACK_EXPERIMEN
TAL_USE_SYSTEM_TLS_CE
RTS=1 as an 
environment 
variable, or set expe
rimental.turbopackUse
SystemTlsCerts in 
your next.config.js 
file.


[next]/internal/font/
google/ab36ba74ba67ee
0c-s.woff2
Error while 
requesting resource
There was an issue 
establishing a 
connection while 
requesting https://fo
nts.gstatic.com/s/sou
rcecodepro/v31/HI_SiY
sKILxRpg3hIP6sJ7fM7Pq
lMOvWnsUnxlC9.woff2
Hint: It looks like 
this error was 
TLS-related. Try 
enabling system TLS 
certificates with NEX
T_TURBOPACK_EXPERIMEN
TAL_USE_SYSTEM_TLS_CE
RTS=1 as an 
environment 
variable, or set expe
rimental.turbopackUse
SystemTlsCerts in 
your next.config.js 
file.


[next]/internal/font/
google/abril_fatface_
b4e87078.module.css
Error while 
requesting resource
There was an issue 
establishing a 
connection while 
requesting https://fo
nts.googleapis.com/cs
s2?family=Abril+Fatfa
ce:wght@400&display=s
wap
Hint: It looks like 
this error was 
TLS-related. Try 
enabling system TLS 
certificates with NEX
T_TURBOPACK_EXPERIMEN
TAL_USE_SYSTEM_TLS_CE
RTS=1 as an 
environment 
variable, or set expe
rimental.turbopackUse
SystemTlsCerts in 
your next.config.js 
file.

Import trace:
  Server Component:
    [next]/internal/f
ont/google/abril_fatf
ace_b4e87078.module.c
ss
    [next]/internal/f
ont/google/abril_fatf
ace_b4e87078.js
    ./privlink/src/li
b/fonts.ts
    ./privlink/src/ap
p/layout.tsx


[next]/internal/font/
google/ae8db9675a5da7
45-s.woff2
Error while 
requesting resource
There was an issue 
establishing a 
connection while 
requesting https://fo
nts.gstatic.com/s/ubu
ntu/v21/4iCv6KVjbNBYl
goCxCvjs2yNPYZvg7UI.w
off2
Hint: It looks like 
this error was 
TLS-related. Try 
enabling system TLS 
certificates with NEX
T_TURBOPACK_EXPERIMEN
TAL_USE_SYSTEM_TLS_CE
RTS=1 as an 
environment 
variable, or set expe
rimental.turbopackUse
SystemTlsCerts in 
your next.config.js 
file.


[next]/internal/font/
google/anton_91ec5b64
.module.css
Error while 
requesting resource
There was an issue 
establishing a 
connection while 
requesting https://fo
nts.googleapis.com/cs
s2?family=Anton:wght@
400&display=swap
Hint: It looks like 
this error was 
TLS-related. Try 
enabling system TLS 
certificates with NEX
T_TURBOPACK_EXPERIMEN
TAL_USE_SYSTEM_TLS_CE
RTS=1 as an 
environment 
variable, or set expe
rimental.turbopackUse
SystemTlsCerts in 
your next.config.js 
file.

Import trace:
  Server Component:
    [next]/internal/f
ont/google/anton_91ec
5b64.module.css
    [next]/internal/f
ont/google/anton_91ec
5b64.js
    ./privlink/src/li
b/fonts.ts
    ./privlink/src/ap
p/layout.tsx


[next]/internal/font/
google/b8f2b92a9960dd
69-s.woff2
Error while 
requesting resource
There was an issue 
establishing a 
connection while 
requesting https://fo
nts.gstatic.com/s/spa
cemono/v17/i7dMIFZifj
KcF5UAWdDRaPpZUFqaHi6
WZ3S_Yg.woff2
Hint: It looks like 
this error was 
TLS-related. Try 
enabling system TLS 
certificates with NEX
T_TURBOPACK_EXPERIMEN
TAL_USE_SYSTEM_TLS_CE
RTS=1 as an 
environment 
variable, or set expe
rimental.turbopackUse
SystemTlsCerts in 
your next.config.js 
file.


[next]/internal/font/
google/bbc41e54d2fcbd
21-s.woff2
Error while 
requesting resource
There was an issue 
establishing a 
connection while 
requesting https://fo
nts.gstatic.com/s/gei
stmono/v4/or3nQ6H-1_W
fwkMZI_qYFrkdmhHkjkot
bA.woff2
Hint: It looks like 
this error was 
TLS-related. Try 
enabling system TLS 
certificates with NEX
T_TURBOPACK_EXPERIMEN
TAL_USE_SYSTEM_TLS_CE
RTS=1 as an 
environment 
variable, or set expe
rimental.turbopackUse
SystemTlsCerts in 
your next.config.js 
file.


[next]/internal/font/
google/bebas_neue_a09
14553.module.css
Error while 
requesting resource
There was an issue 
establishing a 
connection while 
requesting https://fo
nts.googleapis.com/cs
s2?family=Bebas+Neue:
wght@400&display=swap
Hint: It looks like 
this error was 
TLS-related. Try 
enabling system TLS 
certificates with NEX
T_TURBOPACK_EXPERIMEN
TAL_USE_SYSTEM_TLS_CE
RTS=1 as an 
environment 
variable, or set expe
rimental.turbopackUse
SystemTlsCerts in 
your next.config.js 
file.

Import trace:
  Server Component:
    [next]/internal/f
ont/google/bebas_neue
_a0914553.module.css
    [next]/internal/f
ont/google/bebas_neue
_a0914553.js
    ./privlink/src/li
b/fonts.ts
    ./privlink/src/ap
p/layout.tsx


[next]/internal/font/
google/c02ac0fa909c6a
a5-s.woff2
Error while 
requesting resource
There was an issue 
establishing a 
connection while 
requesting https://fo
nts.gstatic.com/s/ubu
ntu/v21/4iCv6KVjbNBYl
goCxCvjtGyNPYZvg7UI.w
off2
Hint: It looks like 
this error was 
TLS-related. Try 
enabling system TLS 
certificates with NEX
T_TURBOPACK_EXPERIMEN
TAL_USE_SYSTEM_TLS_CE
RTS=1 as an 
environment 
variable, or set expe
rimental.turbopackUse
SystemTlsCerts in 
your next.config.js 
file.


[next]/internal/font/
google/c8480d661ce86a
95-s.woff2
Error while 
requesting resource
There was an issue 
establishing a 
connection while 
requesting https://fo
nts.gstatic.com/s/ubu
ntu/v21/4iCs6KVjbNBYl
goKcw72nU6AF7xm.woff2
Hint: It looks like 
this error was 
TLS-related. Try 
enabling system TLS 
certificates with NEX
T_TURBOPACK_EXPERIMEN
TAL_USE_SYSTEM_TLS_CE
RTS=1 as an 
environment 
variable, or set expe
rimental.turbopackUse
SystemTlsCerts in 
your next.config.js 
file.


[next]/internal/font/
google/c9e42e3eae6237
c2-s.p.woff2
Error while 
requesting resource
There was an issue 
establishing a 
connection while 
requesting https://fo
nts.gstatic.com/s/sou
rcecodepro/v31/HI_SiY
sKILxRpg3hIP6sJ7fM7Pq
lPevWnsUnxg.woff2
Hint: It looks like 
this error was 
TLS-related. Try 
enabling system TLS 
certificates with NEX
T_TURBOPACK_EXPERIMEN
TAL_USE_SYSTEM_TLS_CE
RTS=1 as an 
environment 
variable, or set expe
rimental.turbopackUse
SystemTlsCerts in 
your next.config.js 
file.


[next]/internal/font/
google/caa3a2e1cccd83
15-s.p.woff2
Error while 
requesting resource
There was an issue 
establishing a 
connection while 
requesting https://fo
nts.gstatic.com/s/gei
st/v4/gyByhwUxId8gMEw
cGFWNOITd.woff2
Hint: It looks like 
this error was 
TLS-related. Try 
enabling system TLS 
certificates with NEX
T_TURBOPACK_EXPERIMEN
TAL_USE_SYSTEM_TLS_CE
RTS=1 as an 
environment 
variable, or set expe
rimental.turbopackUse
SystemTlsCerts in 
your next.config.js 
file.


[next]/internal/font/
google/ccee61546c0358
b7-s.woff2
Error while 
requesting resource
There was an issue 
establishing a 
connection while 
requesting https://fo
nts.gstatic.com/s/rob
oto/v50/KFO7CnqEu92Fr
1ME7kSn66aGLdTylUAMax
KUBHMdazTgWw.woff2
Hint: It looks like 
this error was 
TLS-related. Try 
enabling system TLS 
certificates with NEX
T_TURBOPACK_EXPERIMEN
TAL_USE_SYSTEM_TLS_CE
RTS=1 as an 
environment 
variable, or set expe
rimental.turbopackUse
SystemTlsCerts in 
your next.config.js 
file.


[next]/internal/font/
google/ce62453a442c7f
35-s.p.woff2
Error while 
requesting resource
There was an issue 
establishing a 
connection while 
requesting https://fo
nts.gstatic.com/s/rob
oto/v50/KFO7CnqEu92Fr
1ME7kSn66aGLdTylUAMa3
yUBHMdazQ.woff2
Hint: It looks like 
this error was 
TLS-related. Try 
enabling system TLS 
certificates with NEX
T_TURBOPACK_EXPERIMEN
TAL_USE_SYSTEM_TLS_CE
RTS=1 as an 
environment 
variable, or set expe
rimental.turbopackUse
SystemTlsCerts in 
your next.config.js 
file.


[next]/internal/font/
google/d7a0600e467cf0
bd-s.woff2
Error while 
requesting resource
There was an issue 
establishing a 
connection while 
requesting https://fo
nts.gstatic.com/s/spa
cemono/v17/i7dPIFZifj
KcF5UAWdDRYE98RXi4EwS
sbg.woff2
Hint: It looks like 
this error was 
TLS-related. Try 
enabling system TLS 
certificates with NEX
T_TURBOPACK_EXPERIMEN
TAL_USE_SYSTEM_TLS_CE
RTS=1 as an 
environment 
variable, or set expe
rimental.turbopackUse
SystemTlsCerts in 
your next.config.js 
file.


[next]/internal/font/
google/d8cb5ab3660140
cd-s.woff2
Error while 
requesting resource
There was an issue 
establishing a 
connection while 
requesting https://fo
nts.gstatic.com/s/nun
ito/v32/XRXV3I6Li01BK
ofIO-aBTMnFcQIG.woff2
Hint: It looks like 
this error was 
TLS-related. Try 
enabling system TLS 
certificates with NEX
T_TURBOPACK_EXPERIMEN
TAL_USE_SYSTEM_TLS_CE
RTS=1 as an 
environment 
variable, or set expe
rimental.turbopackUse
SystemTlsCerts in 
your next.config.js 
file.


[next]/internal/font/
google/da4caa5346f1c7
fb-s.woff2
Error while 
requesting resource
There was an issue 
establishing a 
connection while 
requesting https://fo
nts.gstatic.com/s/pac
ifico/v23/FwZY7-Qmy14
u9lezJ-6K6MmBp0u-zK4.
woff2
Hint: It looks like 
this error was 
TLS-related. Try 
enabling system TLS 
certificates with NEX
T_TURBOPACK_EXPERIMEN
TAL_USE_SYSTEM_TLS_CE
RTS=1 as an 
environment 
variable, or set expe
rimental.turbopackUse
SystemTlsCerts in 
your next.config.js 
file.


[next]/internal/font/
google/da99beadb68683
ca-s.woff2
Error while 
requesting resource
There was an issue 
establishing a 
connection while 
requesting https://fo
nts.gstatic.com/s/ubu
ntu/v21/4iCs6KVjbNBYl
goKew72nU6AF7xm.woff2
Hint: It looks like 
this error was 
TLS-related. Try 
enabling system TLS 
certificates with NEX
T_TURBOPACK_EXPERIMEN
TAL_USE_SYSTEM_TLS_CE
RTS=1 as an 
environment 
variable, or set expe
rimental.turbopackUse
SystemTlsCerts in 
your next.config.js 
file.


[next]/internal/font/
google/dc0d9adbac6864
40-s.p.woff2
Error while 
requesting resource
There was an issue 
establishing a 
connection while 
requesting https://fo
nts.gstatic.com/s/spa
cemono/v17/i7dPIFZifj
KcF5UAWdDRYEF8RXi4EwQ
.woff2
Hint: It looks like 
this error was 
TLS-related. Try 
enabling system TLS 
certificates with NEX
T_TURBOPACK_EXPERIMEN
TAL_USE_SYSTEM_TLS_CE
RTS=1 as an 
environment 
variable, or set expe
rimental.turbopackUse
SystemTlsCerts in 
your next.config.js 
file.


[next]/internal/font/
google/dd1c5fae952006
5d-s.woff2
Error while 
requesting resource
There was an issue 
establishing a 
connection while 
requesting https://fo
nts.gstatic.com/s/ubu
ntu/v21/4iCv6KVjbNBYl
goCxCvjvGyNPYZvg7UI.w
off2
Hint: It looks like 
this error was 
TLS-related. Try 
enabling system TLS 
certificates with NEX
T_TURBOPACK_EXPERIMEN
TAL_USE_SYSTEM_TLS_CE
RTS=1 as an 
environment 
variable, or set expe
rimental.turbopackUse
SystemTlsCerts in 
your next.config.js 
file.


[next]/internal/font/
google/e6d00ff86ef9e6
99-s.woff2
Error while 
requesting resource
There was an issue 
establishing a 
connection while 
requesting https://fo
nts.gstatic.com/s/nun
ito/v32/XRXV3I6Li01BK
ofIOuaBTMnFcQIG.woff2
Hint: It looks like 
this error was 
TLS-related. Try 
enabling system TLS 
certificates with NEX
T_TURBOPACK_EXPERIMEN
TAL_USE_SYSTEM_TLS_CE
RTS=1 as an 
environment 
variable, or set expe
rimental.turbopackUse
SystemTlsCerts in 
your next.config.js 
file.


[next]/internal/font/
google/e858660d9da674
7c-s.woff2
Error while 
requesting resource
There was an issue 
establishing a 
connection while 
requesting https://fo
nts.gstatic.com/s/sou
rcecodepro/v31/HI_SiY
sKILxRpg3hIP6sJ7fM7Pq
lMuvWnsUnxlC9.woff2
Hint: It looks like 
this error was 
TLS-related. Try 
enabling system TLS 
certificates with NEX
T_TURBOPACK_EXPERIMEN
TAL_USE_SYSTEM_TLS_CE
RTS=1 as an 
environment 
variable, or set expe
rimental.turbopackUse
SystemTlsCerts in 
your next.config.js 
file.


[next]/internal/font/
google/eb7e7d46342de2
9d-s.woff2
Error while 
requesting resource
There was an issue 
establishing a 
connection while 
requesting https://fo
nts.gstatic.com/s/jos
efinsans/v34/Qw3aZQNV
ED7rKGKxtqIqX5EUAnx4V
n8siqM7.woff2
Hint: It looks like 
this error was 
TLS-related. Try 
enabling system TLS 
certificates with NEX
T_TURBOPACK_EXPERIMEN
TAL_USE_SYSTEM_TLS_CE
RTS=1 as an 
environment 
variable, or set expe
rimental.turbopackUse
SystemTlsCerts in 
your next.config.js 
file.


[next]/internal/font/
google/ed4419e06e4417
f3-s.woff2
Error while 
requesting resource
There was an issue 
establishing a 
connection while 
requesting https://fo
nts.gstatic.com/s/ubu
ntu/v21/4iCs6KVjbNBYl
goKfA72nU6AF7xm.woff2
Hint: It looks like 
this error was 
TLS-related. Try 
enabling system TLS 
certificates with NEX
T_TURBOPACK_EXPERIMEN
TAL_USE_SYSTEM_TLS_CE
RTS=1 as an 
environment 
variable, or set expe
rimental.turbopackUse
SystemTlsCerts in 
your next.config.js 
file.


[next]/internal/font/
google/efadc3f7fcf6ac
94-s.woff2
Error while 
requesting resource
There was an issue 
establishing a 
connection while 
requesting https://fo
nts.gstatic.com/s/osw
ald/v57/TK3iWkUHHAIjg
752FD8Gl-1PK62t.woff2
Hint: It looks like 
this error was 
TLS-related. Try 
enabling system TLS 
certificates with NEX
T_TURBOPACK_EXPERIMEN
TAL_USE_SYSTEM_TLS_CE
RTS=1 as an 
environment 
variable, or set expe
rimental.turbopackUse
SystemTlsCerts in 
your next.config.js 
file.


[next]/internal/font/
google/exo_2_88d03b82
.module.css
Error while 
requesting resource
There was an issue 
establishing a 
connection while 
requesting https://fo
nts.googleapis.com/cs
s2?family=Exo+2:wght@
100..900&display=swap
Hint: It looks like 
this error was 
TLS-related. Try 
enabling system TLS 
certificates with NEX
T_TURBOPACK_EXPERIMEN
TAL_USE_SYSTEM_TLS_CE
RTS=1 as an 
environment 
variable, or set expe
rimental.turbopackUse
SystemTlsCerts in 
your next.config.js 
file.

Import trace:
  Server Component:
    [next]/internal/f
ont/google/exo_2_88d0
3b82.module.css
    [next]/internal/f
ont/google/exo_2_88d0
3b82.js
    ./privlink/src/li
b/fonts.ts
    ./privlink/src/ap
p/layout.tsx


[next]/internal/font/
google/f7d6090e8b3deb
ad-s.woff2
Error while 
requesting resource
There was an issue 
establishing a 
connection while 
requesting https://fo
nts.gstatic.com/s/rob
oto/v50/KFO7CnqEu92Fr
1ME7kSn66aGLdTylUAMa3
KUBHMdazTgWw.woff2
Hint: It looks like 
this error was 
TLS-related. Try 
enabling system TLS 
certificates with NEX
T_TURBOPACK_EXPERIMEN
TAL_USE_SYSTEM_TLS_CE
RTS=1 as an 
environment 
variable, or set expe
rimental.turbopackUse
SystemTlsCerts in 
your next.config.js 
file.


[next]/internal/font/
google/fad568eea626db
0e-s.woff2
Error while 
requesting resource
There was an issue 
establishing a 
connection while 
requesting https://fo
nts.gstatic.com/s/rob
oto/v50/KFO7CnqEu92Fr
1ME7kSn66aGLdTylUAMaw
CUBHMdazTgWw.woff2
Hint: It looks like 
this error was 
TLS-related. Try 
enabling system TLS 
certificates with NEX
T_TURBOPACK_EXPERIMEN
TAL_USE_SYSTEM_TLS_CE
RTS=1 as an 
environment 
variable, or set expe
rimental.turbopackUse
SystemTlsCerts in 
your next.config.js 
file.


[next]/internal/font/
google/fae90444fefcda
8c-s.woff2
Error while 
requesting resource
There was an issue 
establishing a 
connection while 
requesting https://fo
nts.gstatic.com/s/qui
cksand/v37/6xKtdSZaM9
iE8KbpRA_hJVQNYuDyP7b
h.woff2
Hint: It looks like 
this error was 
TLS-related. Try 
enabling system TLS 
certificates with NEX
T_TURBOPACK_EXPERIMEN
TAL_USE_SYSTEM_TLS_CE
RTS=1 as an 
environment 
variable, or set expe
rimental.turbopackUse
SystemTlsCerts in 
your next.config.js 
file.


[next]/internal/font/
google/fd3f2d7cff5f37
29-s.p.woff2
Error while 
requesting resource
There was an issue 
establishing a 
connection while 
requesting https://fo
nts.gstatic.com/s/tit
illiumweb/v19/NaPecZT
IAOhVxoMyOr9n_E7fdMPm
DaZRbrw.woff2
Hint: It looks like 
this error was 
TLS-related. Try 
enabling system TLS 
certificates with NEX
T_TURBOPACK_EXPERIMEN
TAL_USE_SYSTEM_TLS_CE
RTS=1 as an 
environment 
variable, or set expe
rimental.turbopackUse
SystemTlsCerts in 
your next.config.js 
file.


[next]/internal/font/
google/ffc3a3dc9f8ed4
6f-s.woff2
Error while 
requesting resource
There was an issue 
establishing a 
connection while 
requesting https://fo
nts.gstatic.com/s/pac
ifico/v23/FwZY7-Qmy14
u9lezJ-6J6MmBp0u-zK4.
woff2
Hint: It looks like 
this error was 
TLS-related. Try 
enabling system TLS 
certificates with NEX
T_TURBOPACK_EXPERIMEN
TAL_USE_SYSTEM_TLS_CE
RTS=1 as an 
environment 
variable, or set expe
rimental.turbopackUse
SystemTlsCerts in 
your next.config.js 
file.


[next]/internal/font/
google/inter_e8e54af.
module.css
Error while 
requesting resource
There was an issue 
establishing a 
connection while 
requesting https://fo
nts.googleapis.com/cs
s2?family=Inter:wght@
100..900&display=swap
Hint: It looks like 
this error was 
TLS-related. Try 
enabling system TLS 
certificates with NEX
T_TURBOPACK_EXPERIMEN
TAL_USE_SYSTEM_TLS_CE
RTS=1 as an 
environment 
variable, or set expe
rimental.turbopackUse
SystemTlsCerts in 
your next.config.js 
file.

Import trace:
  Server Component:
    [next]/internal/f
ont/google/inter_e8e5
4af.module.css
    [next]/internal/f
ont/google/inter_e8e5
4af.js
    ./privlink/src/li
b/fonts.ts
    ./privlink/src/ap
p/layout.tsx


[next]/internal/font/
google/kanit_d8c81dd4
.module.css
Error while 
requesting resource
There was an issue 
establishing a 
connection while 
requesting https://fo
nts.googleapis.com/cs
s2?family=Kanit:wght@
400;700&display=swap
Hint: It looks like 
this error was 
TLS-related. Try 
enabling system TLS 
certificates with NEX
T_TURBOPACK_EXPERIMEN
TAL_USE_SYSTEM_TLS_CE
RTS=1 as an 
environment 
variable, or set expe
rimental.turbopackUse
SystemTlsCerts in 
your next.config.js 
file.

Import trace:
  Server Component:
    [next]/internal/f
ont/google/kanit_d8c8
1dd4.module.css
    [next]/internal/f
ont/google/kanit_d8c8
1dd4.js
    ./privlink/src/li
b/fonts.ts
    ./privlink/src/ap
p/layout.tsx


[next]/internal/font/
google/lato_fee01702.
module.css
Error while 
requesting resource
There was an issue 
establishing a 
connection while 
requesting https://fo
nts.googleapis.com/cs
s2?family=Lato:wght@4
00;700&display=swap
Hint: It looks like 
this error was 
TLS-related. Try 
enabling system TLS 
certificates with NEX
T_TURBOPACK_EXPERIMEN
TAL_USE_SYSTEM_TLS_CE
RTS=1 as an 
environment 
variable, or set expe
rimental.turbopackUse
SystemTlsCerts in 
your next.config.js 
file.

Import trace:
  Server Component:
    [next]/internal/f
ont/google/lato_fee01
702.module.css
    [next]/internal/f
ont/google/lato_fee01
702.js
    ./privlink/src/li
b/fonts.ts
    ./privlink/src/ap
p/layout.tsx


[next]/internal/font/
google/lobster_253dc3
31.module.css
Error while 
requesting resource
There was an issue 
establishing a 
connection while 
requesting https://fo
nts.googleapis.com/cs
s2?family=Lobster:wgh
t@400&display=swap
Hint: It looks like 
this error was 
TLS-related. Try 
enabling system TLS 
certificates with NEX
T_TURBOPACK_EXPERIMEN
TAL_USE_SYSTEM_TLS_CE
RTS=1 as an 
environment 
variable, or set expe
rimental.turbopackUse
SystemTlsCerts in 
your next.config.js 
file.

Import trace:
  Server Component:
    [next]/internal/f
ont/google/lobster_25
3dc331.module.css
    [next]/internal/f
ont/google/lobster_25
3dc331.js
    ./privlink/src/li
b/fonts.ts
    ./privlink/src/ap
p/layout.tsx


[next]/internal/font/
google/lora_89cfb44c.
module.css
Error while 
requesting resource
There was an issue 
establishing a 
connection while 
requesting https://fo
nts.googleapis.com/cs
s2?family=Lora:wght@4
00..700&display=swap
Hint: It looks like 
this error was 
TLS-related. Try 
enabling system TLS 
certificates with NEX
T_TURBOPACK_EXPERIMEN
TAL_USE_SYSTEM_TLS_CE
RTS=1 as an 
environment 
variable, or set expe
rimental.turbopackUse
SystemTlsCerts in 
your next.config.js 
file.

Import trace:
  Server Component:
    [next]/internal/f
ont/google/lora_89cfb
44c.module.css
    [next]/internal/f
ont/google/lora_89cfb
44c.js
    ./privlink/src/li
b/fonts.ts
    ./privlink/src/ap
p/layout.tsx


[next]/internal/font/
google/merriweather_7
57e132.module.css
Error while 
requesting resource
There was an issue 
establishing a 
connection while 
requesting https://fo
nts.googleapis.com/cs
s2?family=Merriweathe
r:wght@400;700&displa
y=swap
Hint: It looks like 
this error was 
TLS-related. Try 
enabling system TLS 
certificates with NEX
T_TURBOPACK_EXPERIMEN
TAL_USE_SYSTEM_TLS_CE
RTS=1 as an 
environment 
variable, or set expe
rimental.turbopackUse
SystemTlsCerts in 
your next.config.js 
file.

Import trace:
  Server Component:
    [next]/internal/f
ont/google/merriweath
er_757e132.module.css
    [next]/internal/f
ont/google/merriweath
er_757e132.js
    ./privlink/src/li
b/fonts.ts
    ./privlink/src/ap
p/layout.tsx


[next]/internal/font/
google/montserrat_dba
a1693.module.css
Error while 
requesting resource
There was an issue 
establishing a 
connection while 
requesting https://fo
nts.googleapis.com/cs
s2?family=Montserrat:
wght@100..900&display
=swap
Hint: It looks like 
this error was 
TLS-related. Try 
enabling system TLS 
certificates with NEX
T_TURBOPACK_EXPERIMEN
TAL_USE_SYSTEM_TLS_CE
RTS=1 as an 
environment 
variable, or set expe
rimental.turbopackUse
SystemTlsCerts in 
your next.config.js 
file.

Import trace:
  Server Component:
    [next]/internal/f
ont/google/montserrat
_dbaa1693.module.css
    [next]/internal/f
ont/google/montserrat
_dbaa1693.js
    ./privlink/src/li
b/fonts.ts
    ./privlink/src/ap
p/layout.tsx


[next]/internal/font/
google/mulish_fcec98c
3.module.css
Error while 
requesting resource
There was an issue 
establishing a 
connection while 
requesting https://fo
nts.googleapis.com/cs
s2?family=Mulish:wght
@200..1000&display=sw
ap
Hint: It looks like 
this error was 
TLS-related. Try 
enabling system TLS 
certificates with NEX
T_TURBOPACK_EXPERIMEN
TAL_USE_SYSTEM_TLS_CE
RTS=1 as an 
environment 
variable, or set expe
rimental.turbopackUse
SystemTlsCerts in 
your next.config.js 
file.

Import trace:
  Server Component:
    [next]/internal/f
ont/google/mulish_fce
c98c3.module.css
    [next]/internal/f
ont/google/mulish_fce
c98c3.js
    ./privlink/src/li
b/fonts.ts
    ./privlink/src/ap
p/layout.tsx


[next]/internal/font/
google/open_sans_c7a6
d839.module.css
Error while 
requesting resource
There was an issue 
establishing a 
connection while 
requesting https://fo
nts.googleapis.com/cs
s2?family=Open+Sans:w
ght@300..800&display=
swap
Hint: It looks like 
this error was 
TLS-related. Try 
enabling system TLS 
certificates with NEX
T_TURBOPACK_EXPERIMEN
TAL_USE_SYSTEM_TLS_CE
RTS=1 as an 
environment 
variable, or set expe
rimental.turbopackUse
SystemTlsCerts in 
your next.config.js 
file.

Import trace:
  Server Component:
    [next]/internal/f
ont/google/open_sans_
c7a6d839.module.css
    [next]/internal/f
ont/google/open_sans_
c7a6d839.js
    ./privlink/src/li
b/fonts.ts
    ./privlink/src/ap
p/layout.tsx


[next]/internal/font/
google/playfair_displ
ay_b979ab0d.module.cs
s
Error while 
requesting resource
There was an issue 
establishing a 
connection while 
requesting https://fo
nts.googleapis.com/cs
s2?family=Playfair+Di
splay:wght@400..900&d
isplay=swap
Hint: It looks like 
this error was 
TLS-related. Try 
enabling system TLS 
certificates with NEX
T_TURBOPACK_EXPERIMEN
TAL_USE_SYSTEM_TLS_CE
RTS=1 as an 
environment 
variable, or set expe
rimental.turbopackUse
SystemTlsCerts in 
your next.config.js 
file.

Import trace:
  Server Component:
    [next]/internal/f
ont/google/playfair_d
isplay_b979ab0d.modul
e.css
    [next]/internal/f
ont/google/playfair_d
isplay_b979ab0d.js
    ./privlink/src/li
b/fonts.ts
    ./privlink/src/ap
p/layout.tsx


[next]/internal/font/
google/poppins_484fed
be.module.css
Error while 
requesting resource
There was an issue 
establishing a 
connection while 
requesting https://fo
nts.googleapis.com/cs
s2?family=Poppins:wgh
t@400;600&display=swa
p
Hint: It looks like 
this error was 
TLS-related. Try 
enabling system TLS 
certificates with NEX
T_TURBOPACK_EXPERIMEN
TAL_USE_SYSTEM_TLS_CE
RTS=1 as an 
environment 
variable, or set expe
rimental.turbopackUse
SystemTlsCerts in 
your next.config.js 
file.

Import trace:
  Server Component:
    [next]/internal/f
ont/google/poppins_48
4fedbe.module.css
    [next]/internal/f
ont/google/poppins_48
4fedbe.js
    ./privlink/src/li
b/fonts.ts
    ./privlink/src/ap
p/layout.tsx


[next]/internal/font/
google/raleway_6ebe92
60.module.css
Error while 
requesting resource
There was an issue 
establishing a 
connection while 
requesting https://fo
nts.googleapis.com/cs
s2?family=Raleway:wgh
t@100..900&display=sw
ap
Hint: It looks like 
this error was 
TLS-related. Try 
enabling system TLS 
certificates with NEX
T_TURBOPACK_EXPERIMEN
TAL_USE_SYSTEM_TLS_CE
RTS=1 as an 
environment 
variable, or set expe
rimental.turbopackUse
SystemTlsCerts in 
your next.config.js 
file.

Import trace:
  Server Component:
    [next]/internal/f
ont/google/raleway_6e
be9260.module.css
    [next]/internal/f
ont/google/raleway_6e
be9260.js
    ./privlink/src/li
b/fonts.ts
    ./privlink/src/ap
p/layout.tsx


[next]/internal/font/
google/rubik_72bf7d64
.module.css
Error while 
requesting resource
There was an issue 
establishing a 
connection while 
requesting https://fo
nts.googleapis.com/cs
s2?family=Rubik:wght@
300..900&display=swap
Hint: It looks like 
this error was 
TLS-related. Try 
enabling system TLS 
certificates with NEX
T_TURBOPACK_EXPERIMEN
TAL_USE_SYSTEM_TLS_CE
RTS=1 as an 
environment 
variable, or set expe
rimental.turbopackUse
SystemTlsCerts in 
your next.config.js 
file.

Import trace:
  Server Component:
    [next]/internal/f
ont/google/rubik_72bf
7d64.module.css
    [next]/internal/f
ont/google/rubik_72bf
7d64.js
    ./privlink/src/li
b/fonts.ts
    ./privlink/src/ap
p/layout.tsx


[next]/internal/font/
google/work_sans_89d1
319d.module.css
Error while 
requesting resource
There was an issue 
establishing a 
connection while 
requesting https://fo
nts.googleapis.com/cs
s2?family=Work+Sans:w
ght@100..900&display=
swap
Hint: It looks like 
this error was 
TLS-related. Try 
enabling system TLS 
certificates with NEX
T_TURBOPACK_EXPERIMEN
TAL_USE_SYSTEM_TLS_CE
RTS=1 as an 
environment 
variable, or set expe
rimental.turbopackUse
SystemTlsCerts in 
your next.config.js 
file.

Import trace:
  Server Component:
    [next]/internal/f
ont/google/work_sans_
89d1319d.module.css
    [next]/internal/f
ont/google/work_sans_
89d1319d.js
    ./privlink/src/li
b/fonts.ts
    ./privlink/src/ap
p/layout.tsx



> Build error 
occurred
Error: Turbopack 
build failed with 92 
errors:
[next]/internal/font/
google/dancing_script
_c11f63a1.module.css:
8:9
Module not found: 
Can't resolve '@verce
l/turbopack-next/inte
rnal/font/google/font
'
[0m [90m  6 |[39m 
  font[33m-[39mdisp
lay[33m:[39m 
swap[33m;[39m
 [90m  7 |[39m   
src[33m:[39m url([
33m@[39mvercel[33m/
[39mturbopack[33m-
[39mnext[33m/[39min
ternal[33m/[39mfont
[33m/[39mgoogle[35
m/font?{%22url%22:%22
https:/[39m[33m/[3
9mfonts[33m.[39mgst
atic[33m.[39mcom[3
3m/[39ms[33m/[39md
ancingscript[33m/[3
9mv29[33m/[39m[33m
If2RXTr6YS[39m[33m-
[39mzF4S[33m-[39mk
cSWSVi_szLviuEHiC4Wl
[33m-[39m[35m8.[39
mwoff2[33m%[39m[35
m22[39m[33m,[39m[
33m%[39m[35m22[39m
preload[33m%[39m[3
5m22[39m[33m:[39m
[36mfalse[39m[33m,
[39m[33m%[39m[35m2
2[39mhas_size_adjust
[33m%[39m[35m22[3
9m[33m:[39m[36mtru
e[39m}) format([32m
'woff2'[39m)[33m;[
39m
[31m[1m>[22m[39m
[90m  8 |[39m   unic
ode[33m-[39mrange[
33m:[39m [33mU[39m
[33m+[39m[35m0102
[39m[33m-[39m[35m0
103[39m[33m,[39m 
[33mU[39m[33m+[39m
[35m0110[39m[33m-
[39m[35m0111[39m[3
3m,[39m [33mU[39m
[33m+[39m[35m0128[
39m[33m-[39m[35m01
29[39m[33m,[39m [
33mU[39m[33m+[39m
[35m0168[39m[33m-[
39m[35m0169[39m[33
m,[39m [33mU[39m[
33m+[39m[35m01[39m
[33mA0[39m[33m-[3
9m[35m01[39m[33mA1
[39m[33m,[39m [33
mU[39m[33m+[39m[3
5m01[39m[33mAF[39m
[33m-[39m[35m01[3
9m[33mB0[39m[33m,
[39m [33mU[39m[33m
+[39m[35m0300[39m
[33m-[39m[35m0301[
39m[33m,[39m [33mU
[39m[33m+[39m[35m
0303[39m[33m-[39m
[35m0304[39m[33m,[
39m [33mU[39m[33m+
[39m[35m0308[39m[
33m-[39m[35m0309[3
9m[33m,[39m [33mU
[39m[33m+[39m[35m0
323[39m[33m,[39m 
[33mU[39m[33m+[39m
[35m0329[39m[33m,
[39m [33mU[39m[33m
+[39m[35m1[39m[33
mEA0[39m[33m-[39m
[35m1[39m[33mEF9[3
9m[33m,[39m [33mU
[39m[33m+[39m[35m2
0[39m[33mAB[39m[3
3m;[39m
 [90m    |[39m     
    
[31m[1m^[22m[39m
 [90m  9 |[39m }
 [90m 10 |[39m 
[90m/* latin-ext 
*/[39m
 [90m 11 |[39m [33
m@[39mfont[33m-[39
mface {[0m

Import map: Resolved 
by import map


Import trace:
  Server Component:
    [next]/internal/f
ont/google/dancing_sc
ript_c11f63a1.module.
css
    [next]/internal/f
ont/google/dancing_sc
ript_c11f63a1.js
    ./privlink/src/li
b/fonts.ts
    ./privlink/src/ap
p/layout.tsx

https://nextjs.org/do
cs/messages/module-no
t-found


[next]/internal/font/
google/dancing_script
_c11f63a1.module.css:
26:9
Module not found: 
Can't resolve '@verce
l/turbopack-next/inte
rnal/font/google/font
'
[0m [90m 24 |[39m 
  font[33m-[39mdisp
lay[33m:[39m 
swap[33m;[39m
 [90m 25 |[39m   
src[33m:[39m url([
33m@[39mvercel[33m/
[39mturbopack[33m-
[39mnext[33m/[39min
ternal[33m/[39mfont
[33m/[39mgoogle[35
m/font?{%22url%22:%22
https:/[39m[33m/[3
9mfonts[33m.[39mgst
atic[33m.[39mcom[3
3m/[39ms[33m/[39md
ancingscript[33m/[3
9mv29[33m/[39m[33m
If2RXTr6YS[39m[33m-
[39mzF4S[33m-[39mk
cSWSVi_szLgiuEHiC4W[
33m.[39mwoff2[33m%
[39m[35m22[39m[33m
,[39m[33m%[39m[35
m22[39mpreload[33m%
[39m[35m22[39m[33
m:[39m[36mtrue[39m
[33m,[39m[33m%[39
m[35m22[39mhas_size
_adjust[33m%[39m[3
5m22[39m[33m:[39m
[36mtrue[39m}) forma
t([32m'woff2'[39m)
[33m;[39m
[31m[1m>[22m[39m
[90m 26 |[39m   unic
ode[33m-[39mrange[
33m:[39m [33mU[39m
[33m+[39m[35m0000
[39m[33m-[39m[35m0
0[39m[33mFF[39m[3
3m,[39m [33mU[39m
[33m+[39m[35m0131[
39m[33m,[39m [33mU
[39m[33m+[39m[35m
0152[39m[33m-[39m
[35m0153[39m[33m,[
39m [33mU[39m[33m+
[39m[35m02[39m[33
mBB[39m[33m-[39m[
35m02[39m[33mBC[39
m[33m,[39m [33mU[
39m[33m+[39m[35m02
[39m[33mC6[39m[33
m,[39m [33mU[39m[
33m+[39m[35m02[39m
[33mDA[39m[33m,[3
9m [33mU[39m[33m+
[39m[35m02[39m[33m
DC[39m[33m,[39m [
33mU[39m[33m+[39m
[35m0304[39m[33m,[
39m [33mU[39m[33m+
[39m[35m0308[39m[
33m,[39m [33mU[39m
[33m+[39m[35m0329
[39m[33m,[39m [33m
U[39m[33m+[39m[35
m2000[39m[33m-[39m
[35m206[39m[33mF[
39m[33m,[39m [33mU
[39m[33m+[39m[35m
20[39m[33mAC[39m[
33m,[39m [33mU[39m
[33m+[39m[35m2122
[39m[33m,[39m [33m
U[39m[33m+[39m[35
m2191[39m[33m,[39m
 [33mU[39m[33m+[3
9m[35m2193[39m[33m
,[39m [33mU[39m[3
3m+[39m[35m2212[39
m[33m,[39m [33mU[
39m[33m+[39m[35m22
15[39m[33m,[39m [
33mU[39m[33m+[39m
[33mFEFF[39m[33m,[
39m [33mU[39m[33m+
[39m[33mFFFD[39m[
33m;[39m
 [90m    |[39m     
    
[31m[1m^[22m[39m
 [90m 27 |[39m }
 [90m 28 |[39m [33
m@[39mfont[33m-[39
mface {
 [90m 29 |[39m     
font[33m-[39mfamily
[33m:[39m 
[32m'Dancing Script 
Fallback'[39m[33m;
[39m[0m

Import map: Resolved 
by import map


Import trace:
  Server Component:
    [next]/internal/f
ont/google/dancing_sc
ript_c11f63a1.module.
css
    [next]/internal/f
ont/google/dancing_sc
ript_c11f63a1.js
    ./privlink/src/li
b/fonts.ts
    ./privlink/src/ap
p/layout.tsx

https://nextjs.org/do
cs/messages/module-no
t-found


[next]/internal/font/
google/geist_a71539c9
.module.css:8:9
Module not found: 
Can't resolve '@verce
l/turbopack-next/inte
rnal/font/google/font
'
[0m [90m  6 |[39m 
  font[33m-[39mdisp
lay[33m:[39m 
swap[33m;[39m
 [90m  7 |[39m   
src[33m:[39m url([
33m@[39mvercel[33m/
[39mturbopack[33m-
[39mnext[33m/[39min
ternal[33m/[39mfont
[33m/[39mgoogle[35
m/font?{%22url%22:%22
https:/[39m[33m/[3
9mfonts[33m.[39mgst
atic[33m.[39mcom[3
3m/[39ms[33m/[39mg
eist[33m/[39mv4[33
m/[39mgyByhwUxId8gME
wYGFWNOITddY4[33m.[
39mwoff2[33m%[39m[
35m22[39m[33m,[39m
[33m%[39m[35m22[3
9mpreload[33m%[39m
[35m22[39m[33m:[39
m[36mfalse[39m[33m
,[39m[33m%[39m[35
m22[39mhas_size_adju
st[33m%[39m[35m22
[39m[33m:[39m[36mt
rue[39m}) format([3
2m'woff2'[39m)[33m;
[39m
[31m[1m>[22m[39m
[90m  8 |[39m   unic
ode[33m-[39mrange[
33m:[39m [33mU[39m
[33m+[39m[35m0301
[39m[33m,[39m [33m
U[39m[33m+[39m[35
m0400[39m[33m-[39m
[35m045[39m[33mF[
39m[33m,[39m [33mU
[39m[33m+[39m[35m
0490[39m[33m-[39m
[35m0491[39m[33m,[
39m [33mU[39m[33m+
[39m[35m04[39m[33
mB0[39m[33m-[39m[
35m04[39m[33mB1[39
m[33m,[39m [33mU[
39m[33m+[39m[35m21
16[39m[33m;[39m
 [90m    |[39m     
    
[31m[1m^[22m[39m
 [90m  9 |[39m }
 [90m 10 |[39m 
[90m/* latin-ext 
*/[39m
 [90m 11 |[39m [33
m@[39mfont[33m-[39
mface {[0m

Import map: Resolved 
by import map


Import trace:
  Server Component:
    [next]/internal/f
ont/google/geist_a715
39c9.module.css
    [next]/internal/f
ont/google/geist_a715
39c9.js
    ./privlink/src/ap
p/layout.tsx

https://nextjs.org/do
cs/messages/module-no
t-found


[next]/internal/font/
google/geist_a71539c9
.module.css:17:9
Module not found: 
Can't resolve '@verce
l/turbopack-next/inte
rnal/font/google/font
'
[0m [90m 15 |[39m 
  font[33m-[39mdisp
lay[33m:[39m 
swap[33m;[39m
 [90m 16 |[39m   
src[33m:[39m url([
33m@[39mvercel[33m/
[39mturbopack[33m-
[39mnext[33m/[39min
ternal[33m/[39mfont
[33m/[39mgoogle[35
m/font?{%22url%22:%22
https:/[39m[33m/[3
9mfonts[33m.[39mgst
atic[33m.[39mcom[3
3m/[39ms[33m/[39mg
eist[33m/[39mv4[33
m/[39mgyByhwUxId8gME
wSGFWNOITddY4[33m.[
39mwoff2[33m%[39m[
35m22[39m[33m,[39m
[33m%[39m[35m22[3
9mpreload[33m%[39m
[35m22[39m[33m:[39
m[36mfalse[39m[33m
,[39m[33m%[39m[35
m22[39mhas_size_adju
st[33m%[39m[35m22
[39m[33m:[39m[36mt
rue[39m}) format([3
2m'woff2'[39m)[33m;
[39m
[31m[1m>[22m[39m
[90m 17 |[39m   unic
ode[33m-[39mrange[
33m:[39m [33mU[39m
[33m+[39m[35m0100
[39m[33m-[39m[35m0
2[39m[33mBA[39m[3
3m,[39m [33mU[39m
[33m+[39m[35m02[39
m[33mBD[39m[33m-[
39m[35m02[39m[33mC
5[39m[33m,[39m [3
3mU[39m[33m+[39m[
35m02[39m[33mC7[39
m[33m-[39m[35m02[
39m[33mCC[39m[33m,
[39m [33mU[39m[33
m+[39m[35m02[39m[
33mCE[39m[33m-[39m
[35m02[39m[33mD7[
39m[33m,[39m [33mU
[39m[33m+[39m[35m
02[39m[33mDD[39m[
33m-[39m[35m02[39m
[33mFF[39m[33m,[3
9m [33mU[39m[33m+
[39m[35m0304[39m[3
3m,[39m [33mU[39m
[33m+[39m[35m0308[
39m[33m,[39m [33mU
[39m[33m+[39m[35m
0329[39m[33m,[39m 
[33mU[39m[33m+[39
m[35m1[39m[33mD00
[39m[33m-[39m[35m1
[39m[33mDBF[39m[3
3m,[39m [33mU[39m
[33m+[39m[35m1E00[
39m[33m-[39m[35m1E
9[39m[33mF[39m[33
m,[39m [33mU[39m[
33m+[39m[35m1[39m
[33mEF2[39m[33m-[3
9m[35m1[39m[33mEFF
[39m[33m,[39m [33
mU[39m[33m+[39m[3
5m2020[39m[33m,[39
m [33mU[39m[33m+[
39m[35m20[39m[33mA
0[39m[33m-[39m[35
m20[39m[33mAB[39m
[33m,[39m [33mU[39
m[33m+[39m[35m20[
39m[33mAD[39m[33m-
[39m[35m20[39m[33
mC0[39m[33m,[39m 
[33mU[39m[33m+[39m
[35m2113[39m[33m,
[39m [33mU[39m[33m
+[39m[35m2[39m[33
mC60[39m[33m-[39m
[35m2[39m[33mC7F[3
9m[33m,[39m [33mU
[39m[33m+[39m[33mA
720[39m[33m-[39m[
33mA7FF[39m[33m;[3
9m
 [90m    |[39m     
    
[31m[1m^[22m[39m
 [90m 18 |[39m }
 [90m 19 |[39m 
[90m/* latin */[39m
 [90m 20 |[39m [33
m@[39mfont[33m-[39
mface {[0m

Import map: Resolved 
by import map


Import trace:
  Server Component:
    [next]/internal/f
ont/google/geist_a715
39c9.module.css
    [next]/internal/f
ont/google/geist_a715
39c9.js
    ./privlink/src/ap
p/layout.tsx

https://nextjs.org/do
cs/messages/module-no
t-found


[next]/internal/font/
google/geist_a71539c9
.module.css:26:9
Module not found: 
Can't resolve '@verce
l/turbopack-next/inte
rnal/font/google/font
'
[0m [90m 24 |[39m 
  font[33m-[39mdisp
lay[33m:[39m 
swap[33m;[39m
 [90m 25 |[39m   
src[33m:[39m url([
33m@[39mvercel[33m/
[39mturbopack[33m-
[39mnext[33m/[39min
ternal[33m/[39mfont
[33m/[39mgoogle[35
m/font?{%22url%22:%22
https:/[39m[33m/[3
9mfonts[33m.[39mgst
atic[33m.[39mcom[3
3m/[39ms[33m/[39mg
eist[33m/[39mv4[33
m/[39mgyByhwUxId8gME
wcGFWNOITd[33m.[39m
woff2[33m%[39m[35m
22[39m[33m,[39m[3
3m%[39m[35m22[39mp
reload[33m%[39m[35
m22[39m[33m:[39m[
36mtrue[39m[33m,[3
9m[33m%[39m[35m22
[39mhas_size_adjust[
33m%[39m[35m22[39m
[33m:[39m[36mtrue
[39m}) format([32m'w
off2'[39m)[33m;[39
m
[31m[1m>[22m[39m
[90m 26 |[39m   unic
ode[33m-[39mrange[
33m:[39m [33mU[39m
[33m+[39m[35m0000
[39m[33m-[39m[35m0
0[39m[33mFF[39m[3
3m,[39m [33mU[39m
[33m+[39m[35m0131[
39m[33m,[39m [33mU
[39m[33m+[39m[35m
0152[39m[33m-[39m
[35m0153[39m[33m,[
39m [33mU[39m[33m+
[39m[35m02[39m[33
mBB[39m[33m-[39m[
35m02[39m[33mBC[39
m[33m,[39m [33mU[
39m[33m+[39m[35m02
[39m[33mC6[39m[33
m,[39m [33mU[39m[
33m+[39m[35m02[39m
[33mDA[39m[33m,[3
9m [33mU[39m[33m+
[39m[35m02[39m[33m
DC[39m[33m,[39m [
33mU[39m[33m+[39m
[35m0304[39m[33m,[
39m [33mU[39m[33m+
[39m[35m0308[39m[
33m,[39m [33mU[39m
[33m+[39m[35m0329
[39m[33m,[39m [33m
U[39m[33m+[39m[35
m2000[39m[33m-[39m
[35m206[39m[33mF[
39m[33m,[39m [33mU
[39m[33m+[39m[35m
20[39m[33mAC[39m[
33m,[39m [33mU[39m
[33m+[39m[35m2122
[39m[33m,[39m [33m
U[39m[33m+[39m[35
m2191[39m[33m,[39m
 [33mU[39m[33m+[3
9m[35m2193[39m[33m
,[39m [33mU[39m[3
3m+[39m[35m2212[39
m[33m,[39m [33mU[
39m[33m+[39m[35m22
15[39m[33m,[39m [
33mU[39m[33m+[39m
[33mFEFF[39m[33m,[
39m [33mU[39m[33m+
[39m[33mFFFD[39m[
33m;[39m
 [90m    |[39m     
    
[31m[1m^[22m[39m
 [90m 27 |[39m }
 [90m 28 |[39m [33
m@[39mfont[33m-[39
mface {
 [90m 29 |[39m     
font[33m-[39mfamily
[33m:[39m 
[32m'Geist Fallback'
[39m[33m;[39m[0m

Import map: Resolved 
by import map


Import trace:
  Server Component:
    [next]/internal/f
ont/google/geist_a715
39c9.module.css
    [next]/internal/f
ont/google/geist_a715
39c9.js
    ./privlink/src/ap
p/layout.tsx

https://nextjs.org/do
cs/messages/module-no
t-found


[next]/internal/font/
google/geist_mono_8d4
3a2aa.module.css:8:9
Module not found: 
Can't resolve '@verce
l/turbopack-next/inte
rnal/font/google/font
'
[0m [90m  6 |[39m 
  font[33m-[39mdisp
lay[33m:[39m 
swap[33m;[39m
 [90m  7 |[39m   
src[33m:[39m url([
33m@[39mvercel[33m/
[39mturbopack[33m-
[39mnext[33m/[39min
ternal[33m/[39mfont
[33m/[39mgoogle[35
m/font?{%22url%22:%22
https:/[39m[33m/[3
9mfonts[33m.[39mgst
atic[33m.[39mcom[3
3m/[39ms[33m/[39mg
eistmono[33m/[39mv4
[33m/[39mor3nQ6H[3
3m-[39m[35m1[39m_W
fwkMZI_qYFrMdmhHkjkot
bA[33m.[39mwoff2[3
3m%[39m[35m22[39m
[33m,[39m[33m%[39m
[35m22[39mpreload[
33m%[39m[35m22[39m
[33m:[39m[36mfalse
[39m[33m,[39m[33m
%[39m[35m22[39mhas
_size_adjust[33m%[3
9m[35m22[39m[33m:
[39m[36mtrue[39m}) 
format([32m'woff2'[
39m)[33m;[39m
[31m[1m>[22m[39m
[90m  8 |[39m   unic
ode[33m-[39mrange[
33m:[39m [33mU[39m
[33m+[39m[35m0301
[39m[33m,[39m [33m
U[39m[33m+[39m[35
m0400[39m[33m-[39m
[35m045[39m[33mF[
39m[33m,[39m [33mU
[39m[33m+[39m[35m
0490[39m[33m-[39m
[35m0491[39m[33m,[
39m [33mU[39m[33m+
[39m[35m04[39m[33
mB0[39m[33m-[39m[
35m04[39m[33mB1[39
m[33m,[39m [33mU[
39m[33m+[39m[35m21
16[39m[33m;[39m
 [90m    |[39m     
    
[31m[1m^[22m[39m
 [90m  9 |[39m }
 [90m 10 |[39m 
[90m/* latin-ext 
*/[39m
 [90m 11 |[39m [33
m@[39mfont[33m-[39
mface {[0m

Import map: Resolved 
by import map


Import trace:
  Server Component:
    [next]/internal/f
ont/google/geist_mono
_8d43a2aa.module.css
    [next]/internal/f
ont/google/geist_mono
_8d43a2aa.js
    ./privlink/src/ap
p/layout.tsx

https://nextjs.org/do
cs/messages/module-no
t-found


[next]/internal/font/
google/geist_mono_8d4
3a2aa.module.css:17:9
Module not found: 
Can't resolve '@verce
l/turbopack-next/inte
rnal/font/google/font
'
[0m [90m 15 |[39m 
  font[33m-[39mdisp
lay[33m:[39m 
swap[33m;[39m
 [90m 16 |[39m   
src[33m:[39m url([
33m@[39mvercel[33m/
[39mturbopack[33m-
[39mnext[33m/[39min
ternal[33m/[39mfont
[33m/[39mgoogle[35
m/font?{%22url%22:%22
https:/[39m[33m/[3
9mfonts[33m.[39mgst
atic[33m.[39mcom[3
3m/[39ms[33m/[39mg
eistmono[33m/[39mv4
[33m/[39mor3nQ6H[3
3m-[39m[35m1[39m_W
fwkMZI_qYFrkdmhHkjkot
bA[33m.[39mwoff2[3
3m%[39m[35m22[39m
[33m,[39m[33m%[39m
[35m22[39mpreload[
33m%[39m[35m22[39m
[33m:[39m[36mfalse
[39m[33m,[39m[33m
%[39m[35m22[39mhas
_size_adjust[33m%[3
9m[35m22[39m[33m:
[39m[36mtrue[39m}) 
format([32m'woff2'[
39m)[33m;[39m
[31m[1m>[22m[39m
[90m 17 |[39m   unic
ode[33m-[39mrange[
33m:[39m [33mU[39m
[33m+[39m[35m0100
[39m[33m-[39m[35m0
2[39m[33mBA[39m[3
3m,[39m [33mU[39m
[33m+[39m[35m02[39
m[33mBD[39m[33m-[
39m[35m02[39m[33mC
5[39m[33m,[39m [3
3mU[39m[33m+[39m[
35m02[39m[33mC7[39
m[33m-[39m[35m02[
39m[33mCC[39m[33m,
[39m [33mU[39m[33
m+[39m[35m02[39m[
33mCE[39m[33m-[39m
[35m02[39m[33mD7[
39m[33m,[39m [33mU
[39m[33m+[39m[35m
02[39m[33mDD[39m[
33m-[39m[35m02[39m
[33mFF[39m[33m,[3
9m [33mU[39m[33m+
[39m[35m0304[39m[3
3m,[39m [33mU[39m
[33m+[39m[35m0308[
39m[33m,[39m [33mU
[39m[33m+[39m[35m
0329[39m[33m,[39m 
[33mU[39m[33m+[39
m[35m1[39m[33mD00
[39m[33m-[39m[35m1
[39m[33mDBF[39m[3
3m,[39m [33mU[39m
[33m+[39m[35m1E00[
39m[33m-[39m[35m1E
9[39m[33mF[39m[33
m,[39m [33mU[39m[
33m+[39m[35m1[39m
[33mEF2[39m[33m-[3
9m[35m1[39m[33mEFF
[39m[33m,[39m [33
mU[39m[33m+[39m[3
5m2020[39m[33m,[39
m [33mU[39m[33m+[
39m[35m20[39m[33mA
0[39m[33m-[39m[35
m20[39m[33mAB[39m
[33m,[39m [33mU[39
m[33m+[39m[35m20[
39m[33mAD[39m[33m-
[39m[35m20[39m[33
mC0[39m[33m,[39m 
[33mU[39m[33m+[39m
[35m2113[39m[33m,
[39m [33mU[39m[33m
+[39m[35m2[39m[33
mC60[39m[33m-[39m
[35m2[39m[33mC7F[3
9m[33m,[39m [33mU
[39m[33m+[39m[33mA
720[39m[33m-[39m[
33mA7FF[39m[33m;[3
9m
 [90m    |[39m     
    
[31m[1m^[22m[39m
 [90m 18 |[39m }
 [90m 19 |[39m 
[90m/* latin */[39m
 [90m 20 |[39m [33
m@[39mfont[33m-[39
mface {[0m

Import map: Resolved 
by import map


Import trace:
  Server Component:
    [next]/internal/f
ont/google/geist_mono
_8d43a2aa.module.css
    [next]/internal/f
ont/google/geist_mono
_8d43a2aa.js
    ./privlink/src/ap
p/layout.tsx

https://nextjs.org/do
cs/messages/module-no
t-found


[next]/internal/font/
google/geist_mono_8d4
3a2aa.module.css:26:9
Module not found: 
Can't resolve '@verce
l/turbopack-next/inte
rnal/font/google/font
'
[0m [90m 24 |[39m 
  font[33m-[39mdisp
lay[33m:[39m 
swap[33m;[39m
 [90m 25 |[39m   
src[33m:[39m url([
33m@[39mvercel[33m/
[39mturbopack[33m-
[39mnext[33m/[39min
ternal[33m/[39mfont
[33m/[39mgoogle[35
m/font?{%22url%22:%22
https:/[39m[33m/[3
9mfonts[33m.[39mgst
atic[33m.[39mcom[3
3m/[39ms[33m/[39mg
eistmono[33m/[39mv4
[33m/[39mor3nQ6H[3
3m-[39m[35m1[39m_W
fwkMZI_qYFrcdmhHkjko
[33m.[39mwoff2[33m%
[39m[35m22[39m[33
m,[39m[33m%[39m[3
5m22[39mpreload[33m
%[39m[35m22[39m[3
3m:[39m[36mtrue[39
m[33m,[39m[33m%[3
9m[35m22[39mhas_siz
e_adjust[33m%[39m[
35m22[39m[33m:[39m
[36mtrue[39m}) form
at([32m'woff2'[39m)
[33m;[39m
[31m[1m>[22m[39m
[90m 26 |[39m   unic
ode[33m-[39mrange[
33m:[39m [33mU[39m
[33m+[39m[35m0000
[39m[33m-[39m[35m0
0[39m[33mFF[39m[3
3m,[39m [33mU[39m
[33m+[39m[35m0131[
39m[33m,[39m [33mU
[39m[33m+[39m[35m
0152[39m[33m-[39m
[35m0153[39m[33m,[
39m [33mU[39m[33m+
[39m[35m02[39m[33
mBB[39m[33m-[39m[
35m02[39m[33mBC[39
m[33m,[39m [33mU[
39m[33m+[39m[35m02
[39m[33mC6[39m[33
m,[39m [33mU[39m[
33m+[39m[35m02[39m
[33mDA[39m[33m,[3
9m [33mU[39m[33m+
[39m[35m02[39m[33m
DC[39m[33m,[39m [
33mU[39m[33m+[39m
[35m0304[39m[33m,[
39m [33mU[39m[33m+
[39m[35m0308[39m[
33m,[39m [33mU[39m
[33m+[39m[35m0329
[39m[33m,[39m [33m
U[39m[33m+[39m[35
m2000[39m[33m-[39m
[35m206[39m[33mF[
39m[33m,[39m [33mU
[39m[33m+[39m[35m
20[39m[33mAC[39m[
33m,[39m [33mU[39m
[33m+[39m[35m2122
[39m[33m,[39m [33m
U[39m[33m+[39m[35
m2191[39m[33m,[39m
 [33mU[39m[33m+[3
9m[35m2193[39m[33m
,[39m [33mU[39m[3
3m+[39m[35m2212[39
m[33m,[39m [33mU[
39m[33m+[39m[35m22
15[39m[33m,[39m [
33mU[39m[33m+[39m
[33mFEFF[39m[33m,[
39m [33mU[39m[33m+
[39m[33mFFFD[39m[
33m;[39m
 [90m    |[39m     
    
[31m[1m^[22m[39m
 [90m 27 |[39m }
 [90m 28 |[39m [33
m@[39mfont[33m-[39
mface {
 [90m 29 |[39m     
font[33m-[39mfamily
[33m:[39m 
[32m'Geist Mono Fall
back'[39m[33m;[39m
[0m

Import map: Resolved 
by import map


Import trace:
  Server Component:
    [next]/internal/f
ont/google/geist_mono
_8d43a2aa.module.css
    [next]/internal/f
ont/google/geist_mono
_8d43a2aa.js
    ./privlink/src/ap
p/layout.tsx

https://nextjs.org/do
cs/messages/module-no
t-found


[next]/internal/font/
google/josefin_sans_c
96d8e00.module.css:8:
9
Module not found: 
Can't resolve '@verce
l/turbopack-next/inte
rnal/font/google/font
'
[0m [90m  6 |[39m 
  font[33m-[39mdisp
lay[33m:[39m 
swap[33m;[39m
 [90m  7 |[39m   
src[33m:[39m url([
33m@[39mvercel[33m/
[39mturbopack[33m-
[39mnext[33m/[39min
ternal[33m/[39mfont
[33m/[39mgoogle[35
m/font?{%22url%22:%22
https:/[39m[33m/[3
9mfonts[33m.[39mgst
atic[33m.[39mcom[3
3m/[39ms[33m/[39mj
osefinsans[33m/[39m
v34[33m/[39m[33mQw
3aZQNVED7rKGKxtqIqX5E
UAnx4Vn8siqM7[39m[3
3m.[39mwoff2[33m%[
39m[35m22[39m[33m,
[39m[33m%[39m[35m
22[39mpreload[33m%
[39m[35m22[39m[33m
:[39m[36mfalse[39m
[33m,[39m[33m%[39
m[35m22[39mhas_size
_adjust[33m%[39m[3
5m22[39m[33m:[39m
[36mtrue[39m}) forma
t([32m'woff2'[39m)
[33m;[39m
[31m[1m>[22m[39m
[90m  8 |[39m   unic
ode[33m-[39mrange[
33m:[39m [33mU[39m
[33m+[39m[35m0102
[39m[33m-[39m[35m0
103[39m[33m,[39m 
[33mU[39m[33m+[39m
[35m0110[39m[33m-
[39m[35m0111[39m[3
3m,[39m [33mU[39m
[33m+[39m[35m0128[
39m[33m-[39m[35m01
29[39m[33m,[39m [
33mU[39m[33m+[39m
[35m0168[39m[33m-[
39m[35m0169[39m[33
m,[39m [33mU[39m[
33m+[39m[35m01[39m
[33mA0[39m[33m-[3
9m[35m01[39m[33mA1
[39m[33m,[39m [33
mU[39m[33m+[39m[3
5m01[39m[33mAF[39m
[33m-[39m[35m01[3
9m[33mB0[39m[33m,
[39m [33mU[39m[33m
+[39m[35m0300[39m
[33m-[39m[35m0301[
39m[33m,[39m [33mU
[39m[33m+[39m[35m
0303[39m[33m-[39m
[35m0304[39m[33m,[
39m [33mU[39m[33m+
[39m[35m0308[39m[
33m-[39m[35m0309[3
9m[33m,[39m [33mU
[39m[33m+[39m[35m0
323[39m[33m,[39m 
[33mU[39m[33m+[39m
[35m0329[39m[33m,
[39m [33mU[39m[33m
+[39m[35m1[39m[33
mEA0[39m[33m-[39m
[35m1[39m[33mEF9[3
9m[33m,[39m [33mU
[39m[33m+[39m[35m2
0[39m[33mAB[39m[3
3m;[39m
 [90m    |[39m     
    
[31m[1m^[22m[39m
 [90m  9 |[39m }
 [90m 10 |[39m 
[90m/* latin-ext 
*/[39m
 [90m 11 |[39m [33
m@[39mfont[33m-[39
mface {[0m

Import map: Resolved 
by import map


Import trace:
  Server Component:
    [next]/internal/f
ont/google/josefin_sa
ns_c96d8e00.module.cs
s
    [next]/internal/f
ont/google/josefin_sa
ns_c96d8e00.js
    ./privlink/src/li
b/fonts.ts
    ./privlink/src/ap
p/layout.tsx

https://nextjs.org/do
cs/messages/module-no
t-found


[next]/internal/font/
google/josefin_sans_c
96d8e00.module.css:17
:9
Module not found: 
Can't resolve '@verce
l/turbopack-next/inte
rnal/font/google/font
'
[0m [90m 15 |[39m 
  font[33m-[39mdisp
lay[33m:[39m 
swap[33m;[39m
 [90m 16 |[39m   
src[33m:[39m url([
33m@[39mvercel[33m/
[39mturbopack[33m-
[39mnext[33m/[39min
ternal[33m/[39mfont
[33m/[39mgoogle[35
m/font?{%22url%22:%22
https:/[39m[33m/[3
9mfonts[33m.[39mgst
atic[33m.[39mcom[3
3m/[39ms[33m/[39mj
osefinsans[33m/[39m
v34[33m/[39m[33mQw
3aZQNVED7rKGKxtqIqX5E
UA3x4Vn8siqM7[39m[3
3m.[39mwoff2[33m%[
39m[35m22[39m[33m,
[39m[33m%[39m[35m
22[39mpreload[33m%
[39m[35m22[39m[33m
:[39m[36mfalse[39m
[33m,[39m[33m%[39
m[35m22[39mhas_size
_adjust[33m%[39m[3
5m22[39m[33m:[39m
[36mtrue[39m}) forma
t([32m'woff2'[39m)
[33m;[39m
[31m[1m>[22m[39m
[90m 17 |[39m   unic
ode[33m-[39mrange[
33m:[39m [33mU[39m
[33m+[39m[35m0100
[39m[33m-[39m[35m0
2[39m[33mBA[39m[3
3m,[39m [33mU[39m
[33m+[39m[35m02[39
m[33mBD[39m[33m-[
39m[35m02[39m[33mC
5[39m[33m,[39m [3
3mU[39m[33m+[39m[
35m02[39m[33mC7[39
m[33m-[39m[35m02[
39m[33mCC[39m[33m,
[39m [33mU[39m[33
m+[39m[35m02[39m[
33mCE[39m[33m-[39m
[35m02[39m[33mD7[
39m[33m,[39m [33mU
[39m[33m+[39m[35m
02[39m[33mDD[39m[
33m-[39m[35m02[39m
[33mFF[39m[33m,[3
9m [33mU[39m[33m+
[39m[35m0304[39m[3
3m,[39m [33mU[39m
[33m+[39m[35m0308[
39m[33m,[39m [33mU
[39m[33m+[39m[35m
0329[39m[33m,[39m 
[33mU[39m[33m+[39
m[35m1[39m[33mD00
[39m[33m-[39m[35m1
[39m[33mDBF[39m[3
3m,[39m [33mU[39m
[33m+[39m[35m1E00[
39m[33m-[39m[35m1E
9[39m[33mF[39m[33
m,[39m [33mU[39m[
33m+[39m[35m1[39m
[33mEF2[39m[33m-[3
9m[35m1[39m[33mEFF
[39m[33m,[39m [33
mU[39m[33m+[39m[3
5m2020[39m[33m,[39
m [33mU[39m[33m+[
39m[35m20[39m[33mA
0[39m[33m-[39m[35
m20[39m[33mAB[39m
[33m,[39m [33mU[39
m[33m+[39m[35m20[
39m[33mAD[39m[33m-
[39m[35m20[39m[33
mC0[39m[33m,[39m 
[33mU[39m[33m+[39m
[35m2113[39m[33m,
[39m [33mU[39m[33m
+[39m[35m2[39m[33
mC60[39m[33m-[39m
[35m2[39m[33mC7F[3
9m[33m,[39m [33mU
[39m[33m+[39m[33mA
720[39m[33m-[39m[
33mA7FF[39m[33m;[3
9m
 [90m    |[39m     
    
[31m[1m^[22m[39m
 [90m 18 |[39m }
 [90m 19 |[39m 
[90m/* latin */[39m
 [90m 20 |[39m [33
m@[39mfont[33m-[39
mface {[0m

Import map: Resolved 
by import map


Import trace:
  Server Component:
    [next]/internal/f
ont/google/josefin_sa
ns_c96d8e00.module.cs
s
    [next]/internal/f
ont/google/josefin_sa
ns_c96d8e00.js
    ./privlink/src/li
b/fonts.ts
    ./privlink/src/ap
p/layout.tsx

https://nextjs.org/do
cs/messages/module-no
t-found


[next]/internal/font/
google/josefin_sans_c
96d8e00.module.css:26
:9
Module not found: 
Can't resolve '@verce
l/turbopack-next/inte
rnal/font/google/font
'
[0m [90m 24 |[39m 
  font[33m-[39mdisp
lay[33m:[39m 
swap[33m;[39m
 [90m 25 |[39m   
src[33m:[39m url([
33m@[39mvercel[33m/
[39mturbopack[33m-
[39mnext[33m/[39min
ternal[33m/[39mfont
[33m/[39mgoogle[35
m/font?{%22url%22:%22
https:/[39m[33m/[3
9mfonts[33m.[39mgst
atic[33m.[39mcom[3
3m/[39ms[33m/[39mj
osefinsans[33m/[39m
v34[33m/[39m[33mQw
3aZQNVED7rKGKxtqIqX5E
UDXx4Vn8sig[39m[33m
.[39mwoff2[33m%[39
m[35m22[39m[33m,[
39m[33m%[39m[35m22
[39mpreload[33m%[3
9m[35m22[39m[33m:
[39m[36mtrue[39m[3
3m,[39m[33m%[39m[
35m22[39mhas_size_ad
just[33m%[39m[35m2
2[39m[33m:[39m[36
mtrue[39m}) format(
[32m'woff2'[39m)[33
m;[39m
[31m[1m>[22m[39m
[90m 26 |[39m   unic
ode[33m-[39mrange[
33m:[39m [33mU[39m
[33m+[39m[35m0000
[39m[33m-[39m[35m0
0[39m[33mFF[39m[3
3m,[39m [33mU[39m
[33m+[39m[35m0131[
39m[33m,[39m [33mU
[39m[33m+[39m[35m
0152[39m[33m-[39m
[35m0153[39m[33m,[
39m [33mU[39m[33m+
[39m[35m02[39m[33
mBB[39m[33m-[39m[
35m02[39m[33mBC[39
m[33m,[39m [33mU[
39m[33m+[39m[35m02
[39m[33mC6[39m[33
m,[39m [33mU[39m[
33m+[39m[35m02[39m
[33mDA[39m[33m,[3
9m [33mU[39m[33m+
[39m[35m02[39m[33m
DC[39m[33m,[39m [
33mU[39m[33m+[39m
[35m0304[39m[33m,[
39m [33mU[39m[33m+
[39m[35m0308[39m[
33m,[39m [33mU[39m
[33m+[39m[35m0329
[39m[33m,[39m [33m
U[39m[33m+[39m[35
m2000[39m[33m-[39m
[35m206[39m[33mF[
39m[33m,[39m [33mU
[39m[33m+[39m[35m
20[39m[33mAC[39m[
33m,[39m [33mU[39m
[33m+[39m[35m2122
[39m[33m,[39m [33m
U[39m[33m+[39m[35
m2191[39m[33m,[39m
 [33mU[39m[33m+[3
9m[35m2193[39m[33m
,[39m [33mU[39m[3
3m+[39m[35m2212[39
m[33m,[39m [33mU[
39m[33m+[39m[35m22
15[39m[33m,[39m [
33mU[39m[33m+[39m
[33mFEFF[39m[33m,[
39m [33mU[39m[33m+
[39m[33mFFFD[39m[
33m;[39m
 [90m    |[39m     
    
[31m[1m^[22m[39m
 [90m 27 |[39m }
 [90m 28 |[39m [33
m@[39mfont[33m-[39
mface {
 [90m 29 |[39m     
font[33m-[39mfamily
[33m:[39m 
[32m'Josefin Sans Fa
llback'[39m[33m;[3
9m[0m

Import map: Resolved 
by import map


Import trace:
  Server Component:
    [next]/internal/f
ont/google/josefin_sa
ns_c96d8e00.module.cs
s
    [next]/internal/f
ont/google/josefin_sa
ns_c96d8e00.js
    ./privlink/src/li
b/fonts.ts
    ./privlink/src/ap
p/layout.tsx

https://nextjs.org/do
cs/messages/module-no
t-found


[next]/internal/font/
google/nunito_7dba0d2
9.module.css:8:9
Module not found: 
Can't resolve '@verce
l/turbopack-next/inte
rnal/font/google/font
'
[0m [90m  6 |[39m 
  font[33m-[39mdisp
lay[33m:[39m 
swap[33m;[39m
 [90m  7 |[39m   
src[33m:[39m url([
33m@[39mvercel[33m/
[39mturbopack[33m-
[39mnext[33m/[39min
ternal[33m/[39mfont
[33m/[39mgoogle[35
m/font?{%22url%22:%22
https:/[39m[33m/[3
9mfonts[33m.[39mgst
atic[33m.[39mcom[3
3m/[39ms[33m/[39mn
unito[33m/[39mv32[
33m/[39m[33mXRXV3I6
Li01BKofIOOaBTMnFcQIG
[39m[33m.[39mwoff2
[33m%[39m[35m22[3
9m[33m,[39m[33m%[
39m[35m22[39mpreloa
d[33m%[39m[35m22[
39m[33m:[39m[36mfa
lse[39m[33m,[39m[
33m%[39m[35m22[39m
has_size_adjust[33m%
[39m[35m22[39m[33
m:[39m[36mtrue[39m
}) format([32m'woff2
'[39m)[33m;[39m
[31m[1m>[22m[39m
[90m  8 |[39m   unic
ode[33m-[39mrange[
33m:[39m [33mU[39m
[33m+[39m[35m0460
[39m[33m-[39m[35m0
52[39m[33mF[39m[3
3m,[39m [33mU[39m
[33m+[39m[35m1[39m
[33mC80[39m[33m-[
39m[35m1[39m[33mC8
A[39m[33m,[39m [3
3mU[39m[33m+[39m[
35m20[39m[33mB4[39
m[33m,[39m [33mU[
39m[33m+[39m[35m2
[39m[33mDE0[39m[33
m-[39m[35m2[39m[3
3mDFF[39m[33m,[39m
 [33mU[39m[33m+[3
9m[33mA640[39m[33m
-[39m[33mA69F[39m
[33m,[39m [33mU[39
m[33m+[39m[33mFE2E
[39m[33m-[39m[33m
FE2F[39m[33m;[39m
 [90m    |[39m     
    
[31m[1m^[22m[39m
 [90m  9 |[39m }
 [90m 10 |[39m 
[90m/* cyrillic 
*/[39m
 [90m 11 |[39m [33
m@[39mfont[33m-[39
mface {[0m

Import map: Resolved 
by import map


Import trace:
  Server Component:
    [next]/internal/f
ont/google/nunito_7db
a0d29.module.css
    [next]/internal/f
ont/google/nunito_7db
a0d29.js
    ./privlink/src/li
b/fonts.ts
    ./privlink/src/ap
p/layout.tsx

https://nextjs.org/do
cs/messages/module-no
t-found


[next]/internal/font/
google/nunito_7dba0d2
9.module.css:17:9
Module not found: 
Can't resolve '@verce
l/turbopack-next/inte
rnal/font/google/font
'
[0m [90m 15 |[39m 
  font[33m-[39mdisp
lay[33m:[39m 
swap[33m;[39m
 [90m 16 |[39m   
src[33m:[39m url([
33m@[39mvercel[33m/
[39mturbopack[33m-
[39mnext[33m/[39min
ternal[33m/[39mfont
[33m/[39mgoogle[35
m/font?{%22url%22:%22
https:/[39m[33m/[3
9mfonts[33m.[39mgst
atic[33m.[39mcom[3
3m/[39ms[33m/[39mn
unito[33m/[39mv32[
33m/[39m[33mXRXV3I6
Li01BKofIMeaBTMnFcQIG
[39m[33m.[39mwoff2
[33m%[39m[35m22[3
9m[33m,[39m[33m%[
39m[35m22[39mpreloa
d[33m%[39m[35m22[
39m[33m:[39m[36mfa
lse[39m[33m,[39m[
33m%[39m[35m22[39m
has_size_adjust[33m%
[39m[35m22[39m[33
m:[39m[36mtrue[39m
}) format([32m'woff2
'[39m)[33m;[39m
[31m[1m>[22m[39m
[90m 17 |[39m   unic
ode[33m-[39mrange[
33m:[39m [33mU[39m
[33m+[39m[35m0301
[39m[33m,[39m [33m
U[39m[33m+[39m[35
m0400[39m[33m-[39m
[35m045[39m[33mF[
39m[33m,[39m [33mU
[39m[33m+[39m[35m
0490[39m[33m-[39m
[35m0491[39m[33m,[
39m [33mU[39m[33m+
[39m[35m04[39m[33
mB0[39m[33m-[39m[
35m04[39m[33mB1[39
m[33m,[39m [33mU[
39m[33m+[39m[35m21
16[39m[33m;[39m
 [90m    |[39m     
    
[31m[1m^[22m[39m
 [90m 18 |[39m }
 [90m 19 |[39m 
[90m/* vietnamese 
*/[39m
 [90m 20 |[39m [33
m@[39mfont[33m-[39
mface {[0m

Import map: Resolved 
by import map


Import trace:
  Server Component:
    [next]/internal/f
ont/google/nunito_7db
a0d29.module.css
    [next]/internal/f
ont/google/nunito_7db
a0d29.js
    ./privlink/src/li
b/fonts.ts
    ./privlink/src/ap
p/layout.tsx

https://nextjs.org/do
cs/messages/module-no
t-found


[next]/internal/font/
google/nunito_7dba0d2
9.module.css:26:9
Module not found: 
Can't resolve '@verce
l/turbopack-next/inte
rnal/font/google/font
'
[0m [90m 24 |[39m 
  font[33m-[39mdisp
lay[33m:[39m 
swap[33m;[39m
 [90m 25 |[39m   
src[33m:[39m url([
33m@[39mvercel[33m/
[39mturbopack[33m-
[39mnext[33m/[39min
ternal[33m/[39mfont
[33m/[39mgoogle[35
m/font?{%22url%22:%22
https:/[39m[33m/[3
9mfonts[33m.[39mgst
atic[33m.[39mcom[3
3m/[39ms[33m/[39mn
unito[33m/[39mv32[
33m/[39m[33mXRXV3I6
Li01BKofIOuaBTMnFcQIG
[39m[33m.[39mwoff2
[33m%[39m[35m22[3
9m[33m,[39m[33m%[
39m[35m22[39mpreloa
d[33m%[39m[35m22[
39m[33m:[39m[36mfa
lse[39m[33m,[39m[
33m%[39m[35m22[39m
has_size_adjust[33m%
[39m[35m22[39m[33
m:[39m[36mtrue[39m
}) format([32m'woff2
'[39m)[33m;[39m
[31m[1m>[22m[39m
[90m 26 |[39m   unic
ode[33m-[39mrange[
33m:[39m [33mU[39m
[33m+[39m[35m0102
[39m[33m-[39m[35m0
103[39m[33m,[39m 
[33mU[39m[33m+[39m
[35m0110[39m[33m-
[39m[35m0111[39m[3
3m,[39m [33mU[39m
[33m+[39m[35m0128[
39m[33m-[39m[35m01
29[39m[33m,[39m [
33mU[39m[33m+[39m
[35m0168[39m[33m-[
39m[35m0169[39m[33
m,[39m [33mU[39m[
33m+[39m[35m01[39m
[33mA0[39m[33m-[3
9m[35m01[39m[33mA1
[39m[33m,[39m [33
mU[39m[33m+[39m[3
5m01[39m[33mAF[39m
[33m-[39m[35m01[3
9m[33mB0[39m[33m,
[39m [33mU[39m[33m
+[39m[35m0300[39m
[33m-[39m[35m0301[
39m[33m,[39m [33mU
[39m[33m+[39m[35m
0303[39m[33m-[39m
[35m0304[39m[33m,[
39m [33mU[39m[33m+
[39m[35m0308[39m[
33m-[39m[35m0309[3
9m[33m,[39m [33mU
[39m[33m+[39m[35m0
323[39m[33m,[39m 
[33mU[39m[33m+[39m
[35m0329[39m[33m,
[39m [33mU[39m[33m
+[39m[35m1[39m[33
mEA0[39m[33m-[39m
[35m1[39m[33mEF9[3
9m[33m,[39m [33mU
[39m[33m+[39m[35m2
0[39m[33mAB[39m[3
3m;[39m
 [90m    |[39m     
    
[31m[1m^[22m[39m
 [90m 27 |[39m }
 [90m 28 |[39m 
[90m/* latin-ext 
*/[39m
 [90m 29 |[39m [33
m@[39mfont[33m-[39
mface {[0m

Import map: Resolved 
by import map


Import trace:
  Server Component:
    [next]/internal/f
ont/google/nunito_7db
a0d29.module.css
    [next]/internal/f
ont/google/nunito_7db
a0d29.js
    ./privlink/src/li
b/fonts.ts
    ./privlink/src/ap
p/layout.tsx

https://nextjs.org/do
cs/messages/module-no
t-found


[next]/internal/font/
google/nunito_7dba0d2
9.module.css:35:9
Module not found: 
Can't resolve '@verce
l/turbopack-next/inte
rnal/font/google/font
'
[0m [90m 33 |[39m 
  font[33m-[39mdisp
lay[33m:[39m 
swap[33m;[39m
 [90m 34 |[39m   
src[33m:[39m url([
33m@[39mvercel[33m/
[39mturbopack[33m-
[39mnext[33m/[39min
ternal[33m/[39mfont
[33m/[39mgoogle[35
m/font?{%22url%22:%22
https:/[39m[33m/[3
9mfonts[33m.[39mgst
atic[33m.[39mcom[3
3m/[39ms[33m/[39mn
unito[33m/[39mv32[
33m/[39m[33mXRXV3I6
Li01BKofIO[39m[33m-
[39maBTMnFcQIG[33m.
[39mwoff2[33m%[39m
[35m22[39m[33m,[3
9m[33m%[39m[35m22
[39mpreload[33m%[39
m[35m22[39m[33m:[
39m[36mfalse[39m[3
3m,[39m[33m%[39m[
35m22[39mhas_size_ad
just[33m%[39m[35m2
2[39m[33m:[39m[36
mtrue[39m}) format(
[32m'woff2'[39m)[33
m;[39m
[31m[1m>[22m[39m
[90m 35 |[39m   unic
ode[33m-[39mrange[
33m:[39m [33mU[39m
[33m+[39m[35m0100
[39m[33m-[39m[35m0
2[39m[33mBA[39m[3
3m,[39m [33mU[39m
[33m+[39m[35m02[39
m[33mBD[39m[33m-[
39m[35m02[39m[33mC
5[39m[33m,[39m [3
3mU[39m[33m+[39m[
35m02[39m[33mC7[39
m[33m-[39m[35m02[
39m[33mCC[39m[33m,
[39m [33mU[39m[33
m+[39m[35m02[39m[
33mCE[39m[33m-[39m
[35m02[39m[33mD7[
39m[33m,[39m [33mU
[39m[33m+[39m[35m
02[39m[33mDD[39m[
33m-[39m[35m02[39m
[33mFF[39m[33m,[3
9m [33mU[39m[33m+
[39m[35m0304[39m[3
3m,[39m [33mU[39m
[33m+[39m[35m0308[
39m[33m,[39m [33mU
[39m[33m+[39m[35m
0329[39m[33m,[39m 
[33mU[39m[33m+[39
m[35m1[39m[33mD00
[39m[33m-[39m[35m1
[39m[33mDBF[39m[3
3m,[39m [33mU[39m
[33m+[39m[35m1E00[
39m[33m-[39m[35m1E
9[39m[33mF[39m[33
m,[39m [33mU[39m[
33m+[39m[35m1[39m
[33mEF2[39m[33m-[3
9m[35m1[39m[33mEFF
[39m[33m,[39m [33
mU[39m[33m+[39m[3
5m2020[39m[33m,[39
m [33mU[39m[33m+[
39m[35m20[39m[33mA
0[39m[33m-[39m[35
m20[39m[33mAB[39m
[33m,[39m [33mU[39
m[33m+[39m[35m20[
39m[33mAD[39m[33m-
[39m[35m20[39m[33
mC0[39m[33m,[39m 
[33mU[39m[33m+[39m
[35m2113[39m[33m,
[39m [33mU[39m[33m
+[39m[35m2[39m[33
mC60[39m[33m-[39m
[35m2[39m[33mC7F[3
9m[33m,[39m [33mU
[39m[33m+[39m[33mA
720[39m[33m-[39m[
33mA7FF[39m[33m;[3
9m
 [90m    |[39m     
    
[31m[1m^[22m[39m
 [90m 36 |[39m }
 [90m 37 |[39m 
[90m/* latin */[39m
 [90m 38 |[39m [33
m@[39mfont[33m-[39
mface {[0m

Import map: Resolved 
by import map


Import trace:
  Server Component:
    [next]/internal/f
ont/google/nunito_7db
a0d29.module.css
    [next]/internal/f
ont/google/nunito_7db
a0d29.js
    ./privlink/src/li
b/fonts.ts
    ./privlink/src/ap
p/layout.tsx

https://nextjs.org/do
cs/messages/module-no
t-found


[next]/internal/font/
google/nunito_7dba0d2
9.module.css:44:9
Module not found: 
Can't resolve '@verce
l/turbopack-next/inte
rnal/font/google/font
'
[0m [90m 42 |[39m 
  font[33m-[39mdisp
lay[33m:[39m 
swap[33m;[39m
 [90m 43 |[39m   
src[33m:[39m url([
33m@[39mvercel[33m/
[39mturbopack[33m-
[39mnext[33m/[39min
ternal[33m/[39mfont
[33m/[39mgoogle[35
m/font?{%22url%22:%22
https:/[39m[33m/[3
9mfonts[33m.[39mgst
atic[33m.[39mcom[3
3m/[39ms[33m/[39mn
unito[33m/[39mv32[
33m/[39m[33mXRXV3I6
Li01BKofINeaBTMnFcQ[
39m[33m.[39mwoff2[
33m%[39m[35m22[39m
[33m,[39m[33m%[39
m[35m22[39mpreload
[33m%[39m[35m22[39
m[33m:[39m[36mtrue
[39m[33m,[39m[33m
%[39m[35m22[39mhas
_size_adjust[33m%[3
9m[35m22[39m[33m:
[39m[36mtrue[39m}) 
format([32m'woff2'[
39m)[33m;[39m
[31m[1m>[22m[39m
[90m 44 |[39m   unic
ode[33m-[39mrange[
33m:[39m [33mU[39m
[33m+[39m[35m0000
[39m[33m-[39m[35m0
0[39m[33mFF[39m[3
3m,[39m [33mU[39m
[33m+[39m[35m0131[
39m[33m,[39m [33mU
[39m[33m+[39m[35m
0152[39m[33m-[39m
[35m0153[39m[33m,[
39m [33mU[39m[33m+
[39m[35m02[39m[33
mBB[39m[33m-[39m[
35m02[39m[33mBC[39
m[33m,[39m [33mU[
39m[33m+[39m[35m02
[39m[33mC6[39m[33
m,[39m [33mU[39m[
33m+[39m[35m02[39m
[33mDA[39m[33m,[3
9m [33mU[39m[33m+
[39m[35m02[39m[33m
DC[39m[33m,[39m [
33mU[39m[33m+[39m
[35m0304[39m[33m,[
39m [33mU[39m[33m+
[39m[35m0308[39m[
33m,[39m [33mU[39m
[33m+[39m[35m0329
[39m[33m,[39m [33m
U[39m[33m+[39m[35
m2000[39m[33m-[39m
[35m206[39m[33mF[
39m[33m,[39m [33mU
[39m[33m+[39m[35m
20[39m[33mAC[39m[
33m,[39m [33mU[39m
[33m+[39m[35m2122
[39m[33m,[39m [33m
U[39m[33m+[39m[35
m2191[39m[33m,[39m
 [33mU[39m[33m+[3
9m[35m2193[39m[33m
,[39m [33mU[39m[3
3m+[39m[35m2212[39
m[33m,[39m [33mU[
39m[33m+[39m[35m22
15[39m[33m,[39m [
33mU[39m[33m+[39m
[33mFEFF[39m[33m,[
39m [33mU[39m[33m+
[39m[33mFFFD[39m[
33m;[39m
 [90m    |[39m     
    
[31m[1m^[22m[39m
 [90m 45 |[39m }
 [90m 46 |[39m [33
m@[39mfont[33m-[39
mface {
 [90m 47 |[39m     
font[33m-[39mfamily
[33m:[39m 
[32m'Nunito Fallback
'[39m[33m;[39m[0m

Import map: Resolved 
by import map


Import trace:
  Server Component:
    [next]/internal/f
ont/google/nunito_7db
a0d29.module.css
    [next]/internal/f
ont/google/nunito_7db
a0d29.js
    ./privlink/src/li
b/fonts.ts
    ./privlink/src/ap
p/layout.tsx

https://nextjs.org/do
cs/messages/module-no
t-found


[next]/internal/font/
google/oswald_16ee1c1
c.module.css:8:9
Module not found: 
Can't resolve '@verce
l/turbopack-next/inte
rnal/font/google/font
'
[0m [90m  6 |[39m 
  font[33m-[39mdisp
lay[33m:[39m 
swap[33m;[39m
 [90m  7 |[39m   
src[33m:[39m url([
33m@[39mvercel[33m/
[39mturbopack[33m-
[39mnext[33m/[39min
ternal[33m/[39mfont
[33m/[39mgoogle[35
m/font?{%22url%22:%22
https:/[39m[33m/[3
9mfonts[33m.[39mgst
atic[33m.[39mcom[3
3m/[39ms[33m/[39mo
swald[33m/[39mv57[
33m/[39m[33mTK3iWkU
HHAIjg752FD8Gl[39m[
33m-[39m[35m1[39m
[33mPK62t[39m[33m.
[39mwoff2[33m%[39m
[35m22[39m[33m,[39
m[33m%[39m[35m22[
39mpreload[33m%[39m
[35m22[39m[33m:[3
9m[36mfalse[39m[33
m,[39m[33m%[39m[3
5m22[39mhas_size_adj
ust[33m%[39m[35m22
[39m[33m:[39m[36m
true[39m}) format([
32m'woff2'[39m)[33m
;[39m
[31m[1m>[22m[39m
[90m  8 |[39m   unic
ode[33m-[39mrange[
33m:[39m [33mU[39m
[33m+[39m[35m0460
[39m[33m-[39m[35m0
52[39m[33mF[39m[3
3m,[39m [33mU[39m
[33m+[39m[35m1[39m
[33mC80[39m[33m-[
39m[35m1[39m[33mC8
A[39m[33m,[39m [3
3mU[39m[33m+[39m[
35m20[39m[33mB4[39
m[33m,[39m [33mU[
39m[33m+[39m[35m2
[39m[33mDE0[39m[33
m-[39m[35m2[39m[3
3mDFF[39m[33m,[39m
 [33mU[39m[33m+[3
9m[33mA640[39m[33m
-[39m[33mA69F[39m
[33m,[39m [33mU[39
m[33m+[39m[33mFE2E
[39m[33m-[39m[33m
FE2F[39m[33m;[39m
 [90m    |[39m     
    
[31m[1m^[22m[39m
 [90m  9 |[39m }
 [90m 10 |[39m 
[90m/* cyrillic 
*/[39m
 [90m 11 |[39m [33
m@[39mfont[33m-[39
mface {[0m

Import map: Resolved 
by import map


Import trace:
  Server Component:
    [next]/internal/f
ont/google/oswald_16e
e1c1c.module.css
    [next]/internal/f
ont/google/oswald_16e
e1c1c.js
    ./privlink/src/li
b/fonts.ts
    ./privlink/src/ap
p/layout.tsx

https://nextjs.org/do
cs/messages/module-no
t-found


[next]/internal/font/
google/oswald_16ee1c1
c.module.css:17:9
Module not found: 
Can't resolve '@verce
l/turbopack-next/inte
rnal/font/google/font
'
[0m [90m 15 |[39m 
  font[33m-[39mdisp
lay[33m:[39m 
swap[33m;[39m
 [90m 16 |[39m   
src[33m:[39m url([
33m@[39mvercel[33m/
[39mturbopack[33m-
[39mnext[33m/[39min
ternal[33m/[39mfont
[33m/[39mgoogle[35
m/font?{%22url%22:%22
https:/[39m[33m/[3
9mfonts[33m.[39mgst
atic[33m.[39mcom[3
3m/[39ms[33m/[39mo
swald[33m/[39mv57[
33m/[39m[33mTK3iWkU
HHAIjg752HT8Gl[39m[
33m-[39m[35m1[39m
[33mPK62t[39m[33m.
[39mwoff2[33m%[39m
[35m22[39m[33m,[39
m[33m%[39m[35m22[
39mpreload[33m%[39m
[35m22[39m[33m:[3
9m[36mfalse[39m[33
m,[39m[33m%[39m[3
5m22[39mhas_size_adj
ust[33m%[39m[35m22
[39m[33m:[39m[36m
true[39m}) format([
32m'woff2'[39m)[33m
;[39m
[31m[1m>[22m[39m
[90m 17 |[39m   unic
ode[33m-[39mrange[
33m:[39m [33mU[39m
[33m+[39m[35m0301
[39m[33m,[39m [33m
U[39m[33m+[39m[35
m0400[39m[33m-[39m
[35m045[39m[33mF[
39m[33m,[39m [33mU
[39m[33m+[39m[35m
0490[39m[33m-[39m
[35m0491[39m[33m,[
39m [33mU[39m[33m+
[39m[35m04[39m[33
mB0[39m[33m-[39m[
35m04[39m[33mB1[39
m[33m,[39m [33mU[
39m[33m+[39m[35m21
16[39m[33m;[39m
 [90m    |[39m     
    
[31m[1m^[22m[39m
 [90m 18 |[39m }
 [90m 19 |[39m 
[90m/* vietnamese 
*/[39m
 [90m 20 |[39m [33
m@[39mfont[33m-[39
mface {[0m

Import map: Resolved 
by import map


Import trace:
  Server Component:
    [next]/internal/f
ont/google/oswald_16e
e1c1c.module.css
    [next]/internal/f
ont/google/oswald_16e
e1c1c.js
    ./privlink/src/li
b/fonts.ts
    ./privlink/src/ap
p/layout.tsx

https://nextjs.org/do
cs/messages/module-no
t-found


[next]/internal/font/
google/oswald_16ee1c1
c.module.css:26:9
Module not found: 
Can't resolve '@verce
l/turbopack-next/inte
rnal/font/google/font
'
[0m [90m 24 |[39m 
  font[33m-[39mdisp
lay[33m:[39m 
swap[33m;[39m
 [90m 25 |[39m   
src[33m:[39m url([
33m@[39mvercel[33m/
[39mturbopack[33m-
[39mnext[33m/[39min
ternal[33m/[39mfont
[33m/[39mgoogle[35
m/font?{%22url%22:%22
https:/[39m[33m/[3
9mfonts[33m.[39mgst
atic[33m.[39mcom[3
3m/[39ms[33m/[39mo
swald[33m/[39mv57[
33m/[39m[33mTK3iWkU
HHAIjg752Fj8Gl[39m[
33m-[39m[35m1[39m
[33mPK62t[39m[33m.
[39mwoff2[33m%[39m
[35m22[39m[33m,[39
m[33m%[39m[35m22[
39mpreload[33m%[39m
[35m22[39m[33m:[3
9m[36mfalse[39m[33
m,[39m[33m%[39m[3
5m22[39mhas_size_adj
ust[33m%[39m[35m22
[39m[33m:[39m[36m
true[39m}) format([
32m'woff2'[39m)[33m
;[39m
[31m[1m>[22m[39m
[90m 26 |[39m   unic
ode[33m-[39mrange[
33m:[39m [33mU[39m
[33m+[39m[35m0102
[39m[33m-[39m[35m0
103[39m[33m,[39m 
[33mU[39m[33m+[39m
[35m0110[39m[33m-
[39m[35m0111[39m[3
3m,[39m [33mU[39m
[33m+[39m[35m0128[
39m[33m-[39m[35m01
29[39m[33m,[39m [
33mU[39m[33m+[39m
[35m0168[39m[33m-[
39m[35m0169[39m[33
m,[39m [33mU[39m[
33m+[39m[35m01[39m
[33mA0[39m[33m-[3
9m[35m01[39m[33mA1
[39m[33m,[39m [33
mU[39m[33m+[39m[3
5m01[39m[33mAF[39m
[33m-[39m[35m01[3
9m[33mB0[39m[33m,
[39m [33mU[39m[33m
+[39m[35m0300[39m
[33m-[39m[35m0301[
39m[33m,[39m [33mU
[39m[33m+[39m[35m
0303[39m[33m-[39m
[35m0304[39m[33m,[
39m [33mU[39m[33m+
[39m[35m0308[39m[
33m-[39m[35m0309[3
9m[33m,[39m [33mU
[39m[33m+[39m[35m0
323[39m[33m,[39m 
[33mU[39m[33m+[39m
[35m0329[39m[33m,
[39m [33mU[39m[33m
+[39m[35m1[39m[33
mEA0[39m[33m-[39m
[35m1[39m[33mEF9[3
9m[33m,[39m [33mU
[39m[33m+[39m[35m2
0[39m[33mAB[39m[3
3m;[39m
 [90m    |[39m     
    
[31m[1m^[22m[39m
 [90m 27 |[39m }
 [90m 28 |[39m 
[90m/* latin-ext 
*/[39m
 [90m 29 |[39m [33
m@[39mfont[33m-[39
mface {[0m

Import map: Resolved 
by import map


Import trace:
  Server Component:
    [next]/internal/f
ont/google/oswald_16e
e1c1c.module.css
    [next]/internal/f
ont/google/oswald_16e
e1c1c.js
    ./privlink/src/li
b/fonts.ts
    ./privlink/src/ap
p/layout.tsx

https://nextjs.org/do
cs/messages/module-no
t-found


[next]/internal/font/
google/oswald_16ee1c1
c.module.css:35:9
Module not found: 
Can't resolve '@verce
l/turbopack-next/inte
rnal/font/google/font
'
[0m [90m 33 |[39m 
  font[33m-[39mdisp
lay[33m:[39m 
swap[33m;[39m
 [90m 34 |[39m   
src[33m:[39m url([
33m@[39mvercel[33m/
[39mturbopack[33m-
[39mnext[33m/[39min
ternal[33m/[39mfont
[33m/[39mgoogle[35
m/font?{%22url%22:%22
https:/[39m[33m/[3
9mfonts[33m.[39mgst
atic[33m.[39mcom[3
3m/[39ms[33m/[39mo
swald[33m/[39mv57[
33m/[39m[33mTK3iWkU
HHAIjg752Fz8Gl[39m[
33m-[39m[35m1[39m
[33mPK62t[39m[33m.
[39mwoff2[33m%[39m
[35m22[39m[33m,[39
m[33m%[39m[35m22[
39mpreload[33m%[39m
[35m22[39m[33m:[3
9m[36mfalse[39m[33
m,[39m[33m%[39m[3
5m22[39mhas_size_adj
ust[33m%[39m[35m22
[39m[33m:[39m[36m
true[39m}) format([
32m'woff2'[39m)[33m
;[39m
[31m[1m>[22m[39m
[90m 35 |[39m   unic
ode[33m-[39mrange[
33m:[39m [33mU[39m
[33m+[39m[35m0100
[39m[33m-[39m[35m0
2[39m[33mBA[39m[3
3m,[39m [33mU[39m
[33m+[39m[35m02[39
m[33mBD[39m[33m-[
39m[35m02[39m[33mC
5[39m[33m,[39m [3
3mU[39m[33m+[39m[
35m02[39m[33mC7[39
m[33m-[39m[35m02[
39m[33mCC[39m[33m,
[39m [33mU[39m[33
m+[39m[35m02[39m[
33mCE[39m[33m-[39m
[35m02[39m[33mD7[
39m[33m,[39m [33mU
[39m[33m+[39m[35m
02[39m[33mDD[39m[
33m-[39m[35m02[39m
[33mFF[39m[33m,[3
9m [33mU[39m[33m+
[39m[35m0304[39m[3
3m,[39m [33mU[39m
[33m+[39m[35m0308[
39m[33m,[39m [33mU
[39m[33m+[39m[35m
0329[39m[33m,[39m 
[33mU[39m[33m+[39
m[35m1[39m[33mD00
[39m[33m-[39m[35m1
[39m[33mDBF[39m[3
3m,[39m [33mU[39m
[33m+[39m[35m1E00[
39m[33m-[39m[35m1E
9[39m[33mF[39m[33
m,[39m [33mU[39m[
33m+[39m[35m1[39m
[33mEF2[39m[33m-[3
9m[35m1[39m[33mEFF
[39m[33m,[39m [33
mU[39m[33m+[39m[3
5m2020[39m[33m,[39
m [33mU[39m[33m+[
39m[35m20[39m[33mA
0[39m[33m-[39m[35
m20[39m[33mAB[39m
[33m,[39m [33mU[39
m[33m+[39m[35m20[
39m[33mAD[39m[33m-
[39m[35m20[39m[33
mC0[39m[33m,[39m 
[33mU[39m[33m+[39m
[35m2113[39m[33m,
[39m [33mU[39m[33m
+[39m[35m2[39m[33
mC60[39m[33m-[39m
[35m2[39m[33mC7F[3
9m[33m,[39m [33mU
[39m[33m+[39m[33mA
720[39m[33m-[39m[
33mA7FF[39m[33m;[3
9m
 [90m    |[39m     
    
[31m[1m^[22m[39m
 [90m 36 |[39m }
 [90m 37 |[39m 
[90m/* latin */[39m
 [90m 38 |[39m [33
m@[39mfont[33m-[39
mface {[0m

Import map: Resolved 
by import map


Import trace:
  Server Component:
    [next]/internal/f
ont/google/oswald_16e
e1c1c.module.css
    [next]/internal/f
ont/google/oswald_16e
e1c1c.js
    ./privlink/src/li
b/fonts.ts
    ./privlink/src/ap
p/layout.tsx

https://nextjs.org/do
cs/messages/module-no
t-found


[next]/internal/font/
google/oswald_16ee1c1
c.module.css:44:9
Module not found: 
Can't resolve '@verce
l/turbopack-next/inte
rnal/font/google/font
'
[0m [90m 42 |[39m 
  font[33m-[39mdisp
lay[33m:[39m 
swap[33m;[39m
 [90m 43 |[39m   
src[33m:[39m url([
33m@[39mvercel[33m/
[39mturbopack[33m-
[39mnext[33m/[39min
ternal[33m/[39mfont
[33m/[39mgoogle[35
m/font?{%22url%22:%22
https:/[39m[33m/[3
9mfonts[33m.[39mgst
atic[33m.[39mcom[3
3m/[39ms[33m/[39mo
swald[33m/[39mv57[
33m/[39m[33mTK3iWkU
HHAIjg752GT8Gl[39m[
33m-[39m[35m1[39m
[33mPKw[39m[33m.[3
9mwoff2[33m%[39m[3
5m22[39m[33m,[39m
[33m%[39m[35m22[39
mpreload[33m%[39m[
35m22[39m[33m:[39m
[36mtrue[39m[33m,
[39m[33m%[39m[35m2
2[39mhas_size_adjust
[33m%[39m[35m22[3
9m[33m:[39m[36mtru
e[39m}) format([32m
'woff2'[39m)[33m;[
39m
[31m[1m>[22m[39m
[90m 44 |[39m   unic
ode[33m-[39mrange[
33m:[39m [33mU[39m
[33m+[39m[35m0000
[39m[33m-[39m[35m0
0[39m[33mFF[39m[3
3m,[39m [33mU[39m
[33m+[39m[35m0131[
39m[33m,[39m [33mU
[39m[33m+[39m[35m
0152[39m[33m-[39m
[35m0153[39m[33m,[
39m [33mU[39m[33m+
[39m[35m02[39m[33
mBB[39m[33m-[39m[
35m02[39m[33mBC[39
m[33m,[39m [33mU[
39m[33m+[39m[35m02
[39m[33mC6[39m[33
m,[39m [33mU[39m[
33m+[39m[35m02[39m
[33mDA[39m[33m,[3
9m [33mU[39m[33m+
[39m[35m02[39m[33m
DC[39m[33m,[39m [
33mU[39m[33m+[39m
[35m0304[39m[33m,[
39m [33mU[39m[33m+
[39m[35m0308[39m[
33m,[39m [33mU[39m
[33m+[39m[35m0329
[39m[33m,[39m [33m
U[39m[33m+[39m[35
m2000[39m[33m-[39m
[35m206[39m[33mF[
39m[33m,[39m [33mU
[39m[33m+[39m[35m
20[39m[33mAC[39m[
33m,[39m [33mU[39m
[33m+[39m[35m2122
[39m[33m,[39m [33m
U[39m[33m+[39m[35
m2191[39m[33m,[39m
 [33mU[39m[33m+[3
9m[35m2193[39m[33m
,[39m [33mU[39m[3
3m+[39m[35m2212[39
m[33m,[39m [33mU[
39m[33m+[39m[35m22
15[39m[33m,[39m [
33mU[39m[33m+[39m
[33mFEFF[39m[33m,[
39m [33mU[39m[33m+
[39m[33mFFFD[39m[
33m;[39m
 [90m    |[39m     
    
[31m[1m^[22m[39m
 [90m 45 |[39m }
 [90m 46 |[39m [33
m@[39mfont[33m-[39
mface {
 [90m 47 |[39m     
font[33m-[39mfamily
[33m:[39m 
[32m'Oswald Fallback
'[39m[33m;[39m[0m

Import map: Resolved 
by import map


Import trace:
  Server Component:
    [next]/internal/f
ont/google/oswald_16e
e1c1c.module.css
    [next]/internal/f
ont/google/oswald_16e
e1c1c.js
    ./privlink/src/li
b/fonts.ts
    ./privlink/src/ap
p/layout.tsx

https://nextjs.org/do
cs/messages/module-no
t-found


[next]/internal/font/
google/pacifico_6027e
7a1.module.css:8:9
Module not found: 
Can't resolve '@verce
l/turbopack-next/inte
rnal/font/google/font
'
[0m [90m  6 |[39m 
  font[33m-[39mdisp
lay[33m:[39m 
swap[33m;[39m
 [90m  7 |[39m   
src[33m:[39m url([
33m@[39mvercel[33m/
[39mturbopack[33m-
[39mnext[33m/[39min
ternal[33m/[39mfont
[33m/[39mgoogle[35
m/font?{%22url%22:%22
https:/[39m[33m/[3
9mfonts[33m.[39mgst
atic[33m.[39mcom[3
3m/[39ms[33m/[39mp
acifico[33m/[39mv23
[33m/[39m[33mFwZY7
[39m[33m-[39m[33m
Qmy14u9lezJ[39m[33m
-[39m[35m6[39m[33
mK6MmBp0u[39m[33m-
[39mzK4[33m.[39mwof
f2[33m%[39m[35m22
[39m[33m,[39m[33m%
[39m[35m22[39mprel
oad[33m%[39m[35m22
[39m[33m:[39m[36m
false[39m[33m,[39m
[33m%[39m[35m22[3
9mhas_size_adjust[33
m%[39m[35m22[39m[
33m:[39m[36mtrue[3
9m}) format([32m'wof
f2'[39m)[33m;[39m
[31m[1m>[22m[39m
[90m  8 |[39m   unic
ode[33m-[39mrange[
33m:[39m [33mU[39m
[33m+[39m[35m0460
[39m[33m-[39m[35m0
52[39m[33mF[39m[3
3m,[39m [33mU[39m
[33m+[39m[35m1[39m
[33mC80[39m[33m-[
39m[35m1[39m[33mC8
A[39m[33m,[39m [3
3mU[39m[33m+[39m[
35m20[39m[33mB4[39
m[33m,[39m [33mU[
39m[33m+[39m[35m2
[39m[33mDE0[39m[33
m-[39m[35m2[39m[3
3mDFF[39m[33m,[39m
 [33mU[39m[33m+[3
9m[33mA640[39m[33m
-[39m[33mA69F[39m
[33m,[39m [33mU[39
m[33m+[39m[33mFE2E
[39m[33m-[39m[33m
FE2F[39m[33m;[39m
 [90m    |[39m     
    
[31m[1m^[22m[39m
 [90m  9 |[39m }
 [90m 10 |[39m 
[90m/* cyrillic 
*/[39m
 [90m 11 |[39m [33
m@[39mfont[33m-[39
mface {[0m

Import map: Resolved 
by import map


Import trace:
  Server Component:
    [next]/internal/f
ont/google/pacifico_6
027e7a1.module.css
    [next]/internal/f
ont/google/pacifico_6
027e7a1.js
    ./privlink/src/li
b/fonts.ts
    ./privlink/src/ap
p/layout.tsx

https://nextjs.org/do
cs/messages/module-no
t-found


[next]/internal/font/
google/pacifico_6027e
7a1.module.css:17:9
Module not found: 
Can't resolve '@verce
l/turbopack-next/inte
rnal/font/google/font
'
[0m [90m 15 |[39m 
  font[33m-[39mdisp
lay[33m:[39m 
swap[33m;[39m
 [90m 16 |[39m   
src[33m:[39m url([
33m@[39mvercel[33m/
[39mturbopack[33m-
[39mnext[33m/[39min
ternal[33m/[39mfont
[33m/[39mgoogle[35
m/font?{%22url%22:%22
https:/[39m[33m/[3
9mfonts[33m.[39mgst
atic[33m.[39mcom[3
3m/[39ms[33m/[39mp
acifico[33m/[39mv23
[33m/[39m[33mFwZY7
[39m[33m-[39m[33m
Qmy14u9lezJ[39m[33m
-[39m[35m6[39m[33
mD6MmBp0u[39m[33m-
[39mzK4[33m.[39mwof
f2[33m%[39m[35m22
[39m[33m,[39m[33m%
[39m[35m22[39mprel
oad[33m%[39m[35m22
[39m[33m:[39m[36m
false[39m[33m,[39m
[33m%[39m[35m22[3
9mhas_size_adjust[33
m%[39m[35m22[39m[
33m:[39m[36mtrue[3
9m}) format([32m'wof
f2'[39m)[33m;[39m
[31m[1m>[22m[39m
[90m 17 |[39m   unic
ode[33m-[39mrange[
33m:[39m [33mU[39m
[33m+[39m[35m0301
[39m[33m,[39m [33m
U[39m[33m+[39m[35
m0400[39m[33m-[39m
[35m045[39m[33mF[
39m[33m,[39m [33mU
[39m[33m+[39m[35m
0490[39m[33m-[39m
[35m0491[39m[33m,[
39m [33mU[39m[33m+
[39m[35m04[39m[33
mB0[39m[33m-[39m[
35m04[39m[33mB1[39
m[33m,[39m [33mU[
39m[33m+[39m[35m21
16[39m[33m;[39m
 [90m    |[39m     
    
[31m[1m^[22m[39m
 [90m 18 |[39m }
 [90m 19 |[39m 
[90m/* vietnamese 
*/[39m
 [90m 20 |[39m [33
m@[39mfont[33m-[39
mface {[0m

Import map: Resolved 
by import map


Import trace:
  Server Component:
    [next]/internal/f
ont/google/pacifico_6
027e7a1.module.css
    [next]/internal/f
ont/google/pacifico_6
027e7a1.js
    ./privlink/src/li
b/fonts.ts
    ./privlink/src/ap
p/layout.tsx

https://nextjs.org/do
cs/messages/module-no
t-found


[next]/internal/font/
google/pacifico_6027e
7a1.module.css:26:9
Module not found: 
Can't resolve '@verce
l/turbopack-next/inte
rnal/font/google/font
'
[0m [90m 24 |[39m 
  font[33m-[39mdisp
lay[33m:[39m 
swap[33m;[39m
 [90m 25 |[39m   
src[33m:[39m url([
33m@[39mvercel[33m/
[39mturbopack[33m-
[39mnext[33m/[39min
ternal[33m/[39mfont
[33m/[39mgoogle[35
m/font?{%22url%22:%22
https:/[39m[33m/[3
9mfonts[33m.[39mgst
atic[33m.[39mcom[3
3m/[39ms[33m/[39mp
acifico[33m/[39mv23
[33m/[39m[33mFwZY7
[39m[33m-[39m[33m
Qmy14u9lezJ[39m[33m
-[39m[35m6[39m[33
mI6MmBp0u[39m[33m-
[39mzK4[33m.[39mwof
f2[33m%[39m[35m22
[39m[33m,[39m[33m%
[39m[35m22[39mprel
oad[33m%[39m[35m22
[39m[33m:[39m[36m
false[39m[33m,[39m
[33m%[39m[35m22[3
9mhas_size_adjust[33
m%[39m[35m22[39m[
33m:[39m[36mtrue[3
9m}) format([32m'wof
f2'[39m)[33m;[39m
[31m[1m>[22m[39m
[90m 26 |[39m   unic
ode[33m-[39mrange[
33m:[39m [33mU[39m
[33m+[39m[35m0102
[39m[33m-[39m[35m0
103[39m[33m,[39m 
[33mU[39m[33m+[39m
[35m0110[39m[33m-
[39m[35m0111[39m[3
3m,[39m [33mU[39m
[33m+[39m[35m0128[
39m[33m-[39m[35m01
29[39m[33m,[39m [
33mU[39m[33m+[39m
[35m0168[39m[33m-[
39m[35m0169[39m[33
m,[39m [33mU[39m[
33m+[39m[35m01[39m
[33mA0[39m[33m-[3
9m[35m01[39m[33mA1
[39m[33m,[39m [33
mU[39m[33m+[39m[3
5m01[39m[33mAF[39m
[33m-[39m[35m01[3
9m[33mB0[39m[33m,
[39m [33mU[39m[33m
+[39m[35m0300[39m
[33m-[39m[35m0301[
39m[33m,[39m [33mU
[39m[33m+[39m[35m
0303[39m[33m-[39m
[35m0304[39m[33m,[
39m [33mU[39m[33m+
[39m[35m0308[39m[
33m-[39m[35m0309[3
9m[33m,[39m [33mU
[39m[33m+[39m[35m0
323[39m[33m,[39m 
[33mU[39m[33m+[39m
[35m0329[39m[33m,
[39m [33mU[39m[33m
+[39m[35m1[39m[33
mEA0[39m[33m-[39m
[35m1[39m[33mEF9[3
9m[33m,[39m [33mU
[39m[33m+[39m[35m2
0[39m[33mAB[39m[3
3m;[39m
 [90m    |[39m     
    
[31m[1m^[22m[39m
 [90m 27 |[39m }
 [90m 28 |[39m 
[90m/* latin-ext 
*/[39m
 [90m 29 |[39m [33
m@[39mfont[33m-[39
mface {[0m

Import map: Resolved 
by import map


Import trace:
  Server Component:
    [next]/internal/f
ont/google/pacifico_6
027e7a1.module.css
    [next]/internal/f
ont/google/pacifico_6
027e7a1.js
    ./privlink/src/li
b/fonts.ts
    ./privlink/src/ap
p/layout.tsx

https://nextjs.org/do
cs/messages/module-no
t-found


[next]/internal/font/
google/pacifico_6027e
7a1.module.css:35:9
Module not found: 
Can't resolve '@verce
l/turbopack-next/inte
rnal/font/google/font
'
[0m [90m 33 |[39m 
  font[33m-[39mdisp
lay[33m:[39m 
swap[33m;[39m
 [90m 34 |[39m   
src[33m:[39m url([
33m@[39mvercel[33m/
[39mturbopack[33m-
[39mnext[33m/[39min
ternal[33m/[39mfont
[33m/[39mgoogle[35
m/font?{%22url%22:%22
https:/[39m[33m/[3
9mfonts[33m.[39mgst
atic[33m.[39mcom[3
3m/[39ms[33m/[39mp
acifico[33m/[39mv23
[33m/[39m[33mFwZY7
[39m[33m-[39m[33m
Qmy14u9lezJ[39m[33m
-[39m[35m6[39m[33
mJ6MmBp0u[39m[33m-
[39mzK4[33m.[39mwof
f2[33m%[39m[35m22
[39m[33m,[39m[33m%
[39m[35m22[39mprel
oad[33m%[39m[35m22
[39m[33m:[39m[36m
false[39m[33m,[39m
[33m%[39m[35m22[3
9mhas_size_adjust[33
m%[39m[35m22[39m[
33m:[39m[36mtrue[3
9m}) format([32m'wof
f2'[39m)[33m;[39m
[31m[1m>[22m[39m
[90m 35 |[39m   unic
ode[33m-[39mrange[
33m:[39m [33mU[39m
[33m+[39m[35m0100
[39m[33m-[39m[35m0
2[39m[33mBA[39m[3
3m,[39m [33mU[39m
[33m+[39m[35m02[39
m[33mBD[39m[33m-[
39m[35m02[39m[33mC
5[39m[33m,[39m [3
3mU[39m[33m+[39m[
35m02[39m[33mC7[39
m[33m-[39m[35m02[
39m[33mCC[39m[33m,
[39m [33mU[39m[33
m+[39m[35m02[39m[
33mCE[39m[33m-[39m
[35m02[39m[33mD7[
39m[33m,[39m [33mU
[39m[33m+[39m[35m
02[39m[33mDD[39m[
33m-[39m[35m02[39m
[33mFF[39m[33m,[3
9m [33mU[39m[33m+
[39m[35m0304[39m[3
3m,[39m [33mU[39m
[33m+[39m[35m0308[
39m[33m,[39m [33mU
[39m[33m+[39m[35m
0329[39m[33m,[39m 
[33mU[39m[33m+[39
m[35m1[39m[33mD00
[39m[33m-[39m[35m1
[39m[33mDBF[39m[3
3m,[39m [33mU[39m
[33m+[39m[35m1E00[
39m[33m-[39m[35m1E
9[39m[33mF[39m[33
m,[39m [33mU[39m[
33m+[39m[35m1[39m
[33mEF2[39m[33m-[3
9m[35m1[39m[33mEFF
[39m[33m,[39m [33
mU[39m[33m+[39m[3
5m2020[39m[33m,[39
m [33mU[39m[33m+[
39m[35m20[39m[33mA
0[39m[33m-[39m[35
m20[39m[33mAB[39m
[33m,[39m [33mU[39
m[33m+[39m[35m20[
39m[33mAD[39m[33m-
[39m[35m20[39m[33
mC0[39m[33m,[39m 
[33mU[39m[33m+[39m
[35m2113[39m[33m,
[39m [33mU[39m[33m
+[39m[35m2[39m[33
mC60[39m[33m-[39m
[35m2[39m[33mC7F[3
9m[33m,[39m [33mU
[39m[33m+[39m[33mA
720[39m[33m-[39m[
33mA7FF[39m[33m;[3
9m
 [90m    |[39m     
    
[31m[1m^[22m[39m
 [90m 36 |[39m }
 [90m 37 |[39m 
[90m/* latin */[39m
 [90m 38 |[39m [33
m@[39mfont[33m-[39
mface {[0m

Import map: Resolved 
by import map


Import trace:
  Server Component:
    [next]/internal/f
ont/google/pacifico_6
027e7a1.module.css
    [next]/internal/f
ont/google/pacifico_6
027e7a1.js
    ./privlink/src/li
b/fonts.ts
    ./privlink/src/ap
p/layout.tsx

https://nextjs.org/do
cs/messages/module-no
t-found


[next]/internal/font/
google/pacifico_6027e
7a1.module.css:44:9
Module not found: 
Can't resolve '@verce
l/turbopack-next/inte
rnal/font/google/font
'
[0m [90m 42 |[39m 
  font[33m-[39mdisp
lay[33m:[39m 
swap[33m;[39m
 [90m 43 |[39m   
src[33m:[39m url([
33m@[39mvercel[33m/
[39mturbopack[33m-
[39mnext[33m/[39min
ternal[33m/[39mfont
[33m/[39mgoogle[35
m/font?{%22url%22:%22
https:/[39m[33m/[3
9mfonts[33m.[39mgst
atic[33m.[39mcom[3
3m/[39ms[33m/[39mp
acifico[33m/[39mv23
[33m/[39m[33mFwZY7
[39m[33m-[39m[33m
Qmy14u9lezJ[39m[33m
-[39m[35m6[39m[33
mH6MmBp0u[39m[33m-
[39m[33m.[39mwoff2
[33m%[39m[35m22[39
m[33m,[39m[33m%[3
9m[35m22[39mpreload
[33m%[39m[35m22[3
9m[33m:[39m[36mtru
e[39m[33m,[39m[33
m%[39m[35m22[39mha
s_size_adjust[33m%[
39m[35m22[39m[33m:
[39m[36mtrue[39m})
 format([32m'woff2'
[39m)[33m;[39m
[31m[1m>[22m[39m
[90m 44 |[39m   unic
ode[33m-[39mrange[
33m:[39m [33mU[39m
[33m+[39m[35m0000
[39m[33m-[39m[35m0
0[39m[33mFF[39m[3
3m,[39m [33mU[39m
[33m+[39m[35m0131[
39m[33m,[39m [33mU
[39m[33m+[39m[35m
0152[39m[33m-[39m
[35m0153[39m[33m,[
39m [33mU[39m[33m+
[39m[35m02[39m[33
mBB[39m[33m-[39m[
35m02[39m[33mBC[39
m[33m,[39m [33mU[
39m[33m+[39m[35m02
[39m[33mC6[39m[33
m,[39m [33mU[39m[
33m+[39m[35m02[39m
[33mDA[39m[33m,[3
9m [33mU[39m[33m+
[39m[35m02[39m[33m
DC[39m[33m,[39m [
33mU[39m[33m+[39m
[35m0304[39m[33m,[
39m [33mU[39m[33m+
[39m[35m0308[39m[
33m,[39m [33mU[39m
[33m+[39m[35m0329
[39m[33m,[39m [33m
U[39m[33m+[39m[35
m2000[39m[33m-[39m
[35m206[39m[33mF[
39m[33m,[39m [33mU
[39m[33m+[39m[35m
20[39m[33mAC[39m[
33m,[39m [33mU[39m
[33m+[39m[35m2122
[39m[33m,[39m [33m
U[39m[33m+[39m[35
m2191[39m[33m,[39m
 [33mU[39m[33m+[3
9m[35m2193[39m[33m
,[39m [33mU[39m[3
3m+[39m[35m2212[39
m[33m,[39m [33mU[
39m[33m+[39m[35m22
15[39m[33m,[39m [
33mU[39m[33m+[39m
[33mFEFF[39m[33m,[
39m [33mU[39m[33m+
[39m[33mFFFD[39m[
33m;[39m
 [90m    |[39m     
    
[31m[1m^[22m[39m
 [90m 45 |[39m }
 [90m 46 |[39m [33
m@[39mfont[33m-[39
mface {
 [90m 47 |[39m     
font[33m-[39mfamily
[33m:[39m 
[32m'Pacifico Fallba
ck'[39m[33m;[39m[
0m

Import map: Resolved 
by import map


Import trace:
  Server Component:
    [next]/internal/f
ont/google/pacifico_6
027e7a1.module.css
    [next]/internal/f
ont/google/pacifico_6
027e7a1.js
    ./privlink/src/li
b/fonts.ts
    ./privlink/src/ap
p/layout.tsx

https://nextjs.org/do
cs/messages/module-no
t-found


[next]/internal/font/
google/quicksand_7ec9
eb90.module.css:8:9
Module not found: 
Can't resolve '@verce
l/turbopack-next/inte
rnal/font/google/font
'
[0m [90m  6 |[39m 
  font[33m-[39mdisp
lay[33m:[39m 
swap[33m;[39m
 [90m  7 |[39m   
src[33m:[39m url([
33m@[39mvercel[33m/
[39mturbopack[33m-
[39mnext[33m/[39min
ternal[33m/[39mfont
[33m/[39mgoogle[35
m/font?{%22url%22:%22
https:/[39m[33m/[3
9mfonts[33m.[39mgst
atic[33m.[39mcom[3
3m/[39ms[33m/[39mq
uicksand[33m/[39mv3
7[33m/[39m[35m6[3
9mxKtdSZaM9iE8KbpRA_h
JFQNYuDyP7bh[33m.[3
9mwoff2[33m%[39m[3
5m22[39m[33m,[39m
[33m%[39m[35m22[39
mpreload[33m%[39m[
35m22[39m[33m:[39m
[36mfalse[39m[33m,
[39m[33m%[39m[35m
22[39mhas_size_adjus
t[33m%[39m[35m22[
39m[33m:[39m[36mtr
ue[39m}) format([32
m'woff2'[39m)[33m;
[39m
[31m[1m>[22m[39m
[90m  8 |[39m   unic
ode[33m-[39mrange[
33m:[39m [33mU[39m
[33m+[39m[35m0102
[39m[33m-[39m[35m0
103[39m[33m,[39m 
[33mU[39m[33m+[39m
[35m0110[39m[33m-
[39m[35m0111[39m[3
3m,[39m [33mU[39m
[33m+[39m[35m0128[
39m[33m-[39m[35m01
29[39m[33m,[39m [
33mU[39m[33m+[39m
[35m0168[39m[33m-[
39m[35m0169[39m[33
m,[39m [33mU[39m[
33m+[39m[35m01[39m
[33mA0[39m[33m-[3
9m[35m01[39m[33mA1
[39m[33m,[39m [33
mU[39m[33m+[39m[3
5m01[39m[33mAF[39m
[33m-[39m[35m01[3
9m[33mB0[39m[33m,
[39m [33mU[39m[33m
+[39m[35m0300[39m
[33m-[39m[35m0301[
39m[33m,[39m [33mU
[39m[33m+[39m[35m
0303[39m[33m-[39m
[35m0304[39m[33m,[
39m [33mU[39m[33m+
[39m[35m0308[39m[
33m-[39m[35m0309[3
9m[33m,[39m [33mU
[39m[33m+[39m[35m0
323[39m[33m,[39m 
[33mU[39m[33m+[39m
[35m0329[39m[33m,
[39m [33mU[39m[33m
+[39m[35m1[39m[33
mEA0[39m[33m-[39m
[35m1[39m[33mEF9[3
9m[33m,[39m [33mU
[39m[33m+[39m[35m2
0[39m[33mAB[39m[3
3m;[39m
 [90m    |[39m     
    
[31m[1m^[22m[39m
 [90m  9 |[39m }
 [90m 10 |[39m 
[90m/* latin-ext 
*/[39m
 [90m 11 |[39m [33
m@[39mfont[33m-[39
mface {[0m

Import map: Resolved 
by import map


Import trace:
  Server Component:
    [next]/internal/f
ont/google/quicksand_
7ec9eb90.module.css
    [next]/internal/f
ont/google/quicksand_
7ec9eb90.js
    ./privlink/src/li
b/fonts.ts
    ./privlink/src/ap
p/layout.tsx

https://nextjs.org/do
cs/messages/module-no
t-found


[next]/internal/font/
google/quicksand_7ec9
eb90.module.css:17:9
Module not found: 
Can't resolve '@verce
l/turbopack-next/inte
rnal/font/google/font
'
[0m [90m 15 |[39m 
  font[33m-[39mdisp
lay[33m:[39m 
swap[33m;[39m
 [90m 16 |[39m   
src[33m:[39m url([
33m@[39mvercel[33m/
[39mturbopack[33m-
[39mnext[33m/[39min
ternal[33m/[39mfont
[33m/[39mgoogle[35
m/font?{%22url%22:%22
https:/[39m[33m/[3
9mfonts[33m.[39mgst
atic[33m.[39mcom[3
3m/[39ms[33m/[39mq
uicksand[33m/[39mv3
7[33m/[39m[35m6[3
9mxKtdSZaM9iE8KbpRA_h
JVQNYuDyP7bh[33m.[3
9mwoff2[33m%[39m[3
5m22[39m[33m,[39m
[33m%[39m[35m22[39
mpreload[33m%[39m[
35m22[39m[33m:[39m
[36mfalse[39m[33m,
[39m[33m%[39m[35m
22[39mhas_size_adjus
t[33m%[39m[35m22[
39m[33m:[39m[36mtr
ue[39m}) format([32
m'woff2'[39m)[33m;
[39m
[31m[1m>[22m[39m
[90m 17 |[39m   unic
ode[33m-[39mrange[
33m:[39m [33mU[39m
[33m+[39m[35m0100
[39m[33m-[39m[35m0
2[39m[33mBA[39m[3
3m,[39m [33mU[39m
[33m+[39m[35m02[39
m[33mBD[39m[33m-[
39m[35m02[39m[33mC
5[39m[33m,[39m [3
3mU[39m[33m+[39m[
35m02[39m[33mC7[39
m[33m-[39m[35m02[
39m[33mCC[39m[33m,
[39m [33mU[39m[33
m+[39m[35m02[39m[
33mCE[39m[33m-[39m
[35m02[39m[33mD7[
39m[33m,[39m [33mU
[39m[33m+[39m[35m
02[39m[33mDD[39m[
33m-[39m[35m02[39m
[33mFF[39m[33m,[3
9m [33mU[39m[33m+
[39m[35m0304[39m[3
3m,[39m [33mU[39m
[33m+[39m[35m0308[
39m[33m,[39m [33mU
[39m[33m+[39m[35m
0329[39m[33m,[39m 
[33mU[39m[33m+[39
m[35m1[39m[33mD00
[39m[33m-[39m[35m1
[39m[33mDBF[39m[3
3m,[39m [33mU[39m
[33m+[39m[35m1E00[
39m[33m-[39m[35m1E
9[39m[33mF[39m[33
m,[39m [33mU[39m[
33m+[39m[35m1[39m
[33mEF2[39m[33m-[3
9m[35m1[39m[33mEFF
[39m[33m,[39m [33
mU[39m[33m+[39m[3
5m2020[39m[33m,[39
m [33mU[39m[33m+[
39m[35m20[39m[33mA
0[39m[33m-[39m[35
m20[39m[33mAB[39m
[33m,[39m [33mU[39
m[33m+[39m[35m20[
39m[33mAD[39m[33m-
[39m[35m20[39m[33
mC0[39m[33m,[39m 
[33mU[39m[33m+[39m
[35m2113[39m[33m,
[39m [33mU[39m[33m
+[39m[35m2[39m[33
mC60[39m[33m-[39m
[35m2[39m[33mC7F[3
9m[33m,[39m [33mU
[39m[33m+[39m[33mA
720[39m[33m-[39m[
33mA7FF[39m[33m;[3
9m
 [90m    |[39m     
    
[31m[1m^[22m[39m
 [90m 18 |[39m }
 [90m 19 |[39m 
[90m/* latin */[39m
 [90m 20 |[39m [33
m@[39mfont[33m-[39
mface {[0m

Import map: Resolved 
by import map


Import trace:
  Server Component:
    [next]/internal/f
ont/google/quicksand_
7ec9eb90.module.css
    [next]/internal/f
ont/google/quicksand_
7ec9eb90.js
    ./privlink/src/li
b/fonts.ts
    ./privlink/src/ap
p/layout.tsx

https://nextjs.org/do
cs/messages/module-no
t-found


[next]/internal/font/
google/quicksand_7ec9
eb90.module.css:26:9
Module not found: 
Can't resolve '@verce
l/turbopack-next/inte
rnal/font/google/font
'
[0m [90m 24 |[39m 
  font[33m-[39mdisp
lay[33m:[39m 
swap[33m;[39m
 [90m 25 |[39m   
src[33m:[39m url([
33m@[39mvercel[33m/
[39mturbopack[33m-
[39mnext[33m/[39min
ternal[33m/[39mfont
[33m/[39mgoogle[35
m/font?{%22url%22:%22
https:/[39m[33m/[3
9mfonts[33m.[39mgst
atic[33m.[39mcom[3
3m/[39ms[33m/[39mq
uicksand[33m/[39mv3
7[33m/[39m[35m6[3
9mxKtdSZaM9iE8KbpRA_h
K1QNYuDyPw[33m.[39m
woff2[33m%[39m[35m
22[39m[33m,[39m[3
3m%[39m[35m22[39mp
reload[33m%[39m[35
m22[39m[33m:[39m[
36mtrue[39m[33m,[3
9m[33m%[39m[35m22
[39mhas_size_adjust[
33m%[39m[35m22[39m
[33m:[39m[36mtrue
[39m}) format([32m'w
off2'[39m)[33m;[39
m
[31m[1m>[22m[39m
[90m 26 |[39m   unic
ode[33m-[39mrange[
33m:[39m [33mU[39m
[33m+[39m[35m0000
[39m[33m-[39m[35m0
0[39m[33mFF[39m[3
3m,[39m [33mU[39m
[33m+[39m[35m0131[
39m[33m,[39m [33mU
[39m[33m+[39m[35m
0152[39m[33m-[39m
[35m0153[39m[33m,[
39m [33mU[39m[33m+
[39m[35m02[39m[33
mBB[39m[33m-[39m[
35m02[39m[33mBC[39
m[33m,[39m [33mU[
39m[33m+[39m[35m02
[39m[33mC6[39m[33
m,[39m [33mU[39m[
33m+[39m[35m02[39m
[33mDA[39m[33m,[3
9m [33mU[39m[33m+
[39m[35m02[39m[33m
DC[39m[33m,[39m [
33mU[39m[33m+[39m
[35m0304[39m[33m,[
39m [33mU[39m[33m+
[39m[35m0308[39m[
33m,[39m [33mU[39m
[33m+[39m[35m0329
[39m[33m,[39m [33m
U[39m[33m+[39m[35
m2000[39m[33m-[39m
[35m206[39m[33mF[
39m[33m,[39m [33mU
[39m[33m+[39m[35m
20[39m[33mAC[39m[
33m,[39m [33mU[39m
[33m+[39m[35m2122
[39m[33m,[39m [33m
U[39m[33m+[39m[35
m2191[39m[33m,[39m
 [33mU[39m[33m+[3
9m[35m2193[39m[33m
,[39m [33mU[39m[3
3m+[39m[35m2212[39
m[33m,[39m [33mU[
39m[33m+[39m[35m22
15[39m[33m,[39m [
33mU[39m[33m+[39m
[33mFEFF[39m[33m,[
39m [33mU[39m[33m+
[39m[33mFFFD[39m[
33m;[39m
 [90m    |[39m     
    
[31m[1m^[22m[39m
 [90m 27 |[39m }
 [90m 28 |[39m [33
m@[39mfont[33m-[39
mface {
 [90m 29 |[39m     
font[33m-[39mfamily
[33m:[39m 
[32m'Quicksand Fallb
ack'[39m[33m;[39m
[0m

Import map: Resolved 
by import map


Import trace:
  Server Component:
    [next]/internal/f
ont/google/quicksand_
7ec9eb90.module.css
    [next]/internal/f
ont/google/quicksand_
7ec9eb90.js
    ./privlink/src/li
b/fonts.ts
    ./privlink/src/ap
p/layout.tsx

https://nextjs.org/do
cs/messages/module-no
t-found


[next]/internal/font/
google/roboto_2062c16
0.module.css:9:9
Module not found: 
Can't resolve '@verce
l/turbopack-next/inte
rnal/font/google/font
'
[0m [90m  7 |[39m 
  font[33m-[39mdisp
lay[33m:[39m 
swap[33m;[39m
 [90m  8 |[39m   
src[33m:[39m url([
33m@[39mvercel[33m/
[39mturbopack[33m-
[39mnext[33m/[39min
ternal[33m/[39mfont
[33m/[39mgoogle[35
m/font?{%22url%22:%22
https:/[39m[33m/[3
9mfonts[33m.[39mgst
atic[33m.[39mcom[3
3m/[39ms[33m/[39mr
oboto[33m/[39mv50[
33m/[39m[33mKFO7Cnq
Eu92Fr1ME7kSn66aGLdTy
lUAMa3GUBHMdazTgWw[3
9m[33m.[39mwoff2[3
3m%[39m[35m22[39m
[33m,[39m[33m%[39m
[35m22[39mpreload[
33m%[39m[35m22[39m
[33m:[39m[36mfalse
[39m[33m,[39m[33m
%[39m[35m22[39mhas
_size_adjust[33m%[3
9m[35m22[39m[33m:
[39m[36mtrue[39m}) 
format([32m'woff2'[
39m)[33m;[39m
[31m[1m>[22m[39m
[90m  9 |[39m   unic
ode[33m-[39mrange[
33m:[39m [33mU[39m
[33m+[39m[35m0460
[39m[33m-[39m[35m0
52[39m[33mF[39m[3
3m,[39m [33mU[39m
[33m+[39m[35m1[39m
[33mC80[39m[33m-[
39m[35m1[39m[33mC8
A[39m[33m,[39m [3
3mU[39m[33m+[39m[
35m20[39m[33mB4[39
m[33m,[39m [33mU[
39m[33m+[39m[35m2
[39m[33mDE0[39m[33
m-[39m[35m2[39m[3
3mDFF[39m[33m,[39m
 [33mU[39m[33m+[3
9m[33mA640[39m[33m
-[39m[33mA69F[39m
[33m,[39m [33mU[39
m[33m+[39m[33mFE2E
[39m[33m-[39m[33m
FE2F[39m[33m;[39m
 [90m    |[39m     
    
[31m[1m^[22m[39m
 [90m 10 |[39m }
 [90m 11 |[39m 
[90m/* cyrillic 
*/[39m
 [90m 12 |[39m [33
m@[39mfont[33m-[39
mface {[0m

Import map: Resolved 
by import map


Import trace:
  Server Component:
    [next]/internal/f
ont/google/roboto_206
2c160.module.css
    [next]/internal/f
ont/google/roboto_206
2c160.js
    ./privlink/src/li
b/fonts.ts
    ./privlink/src/ap
p/layout.tsx

https://nextjs.org/do
cs/messages/module-no
t-found


[next]/internal/font/
google/roboto_2062c16
0.module.css:19:9
Module not found: 
Can't resolve '@verce
l/turbopack-next/inte
rnal/font/google/font
'
[0m [90m 17 |[39m 
  font[33m-[39mdisp
lay[33m:[39m 
swap[33m;[39m
 [90m 18 |[39m   
src[33m:[39m url([
33m@[39mvercel[33m/
[39mturbopack[33m-
[39mnext[33m/[39min
ternal[33m/[39mfont
[33m/[39mgoogle[35
m/font?{%22url%22:%22
https:/[39m[33m/[3
9mfonts[33m.[39mgst
atic[33m.[39mcom[3
3m/[39ms[33m/[39mr
oboto[33m/[39mv50[
33m/[39m[33mKFO7Cnq
Eu92Fr1ME7kSn66aGLdTy
lUAMa3iUBHMdazTgWw[3
9m[33m.[39mwoff2[3
3m%[39m[35m22[39m
[33m,[39m[33m%[39m
[35m22[39mpreload[
33m%[39m[35m22[39m
[33m:[39m[36mfalse
[39m[33m,[39m[33m
%[39m[35m22[39mhas
_size_adjust[33m%[3
9m[35m22[39m[33m:
[39m[36mtrue[39m}) 
format([32m'woff2'[
39m)[33m;[39m
[31m[1m>[22m[39m
[90m 19 |[39m   unic
ode[33m-[39mrange[
33m:[39m [33mU[39m
[33m+[39m[35m0301
[39m[33m,[39m [33m
U[39m[33m+[39m[35
m0400[39m[33m-[39m
[35m045[39m[33mF[
39m[33m,[39m [33mU
[39m[33m+[39m[35m
0490[39m[33m-[39m
[35m0491[39m[33m,[
39m [33mU[39m[33m+
[39m[35m04[39m[33
mB0[39m[33m-[39m[
35m04[39m[33mB1[39
m[33m,[39m [33mU[
39m[33m+[39m[35m21
16[39m[33m;[39m
 [90m    |[39m     
    
[31m[1m^[22m[39m
 [90m 20 |[39m }
 [90m 21 |[39m 
[90m/* greek-ext 
*/[39m
 [90m 22 |[39m [33
m@[39mfont[33m-[39
mface {[0m

Import map: Resolved 
by import map


Import trace:
  Server Component:
    [next]/internal/f
ont/google/roboto_206
2c160.module.css
    [next]/internal/f
ont/google/roboto_206
2c160.js
    ./privlink/src/li
b/fonts.ts
    ./privlink/src/ap
p/layout.tsx

https://nextjs.org/do
cs/messages/module-no
t-found


[next]/internal/font/
google/roboto_2062c16
0.module.css:29:9
Module not found: 
Can't resolve '@verce
l/turbopack-next/inte
rnal/font/google/font
'
[0m [90m 27 |[39m 
  font[33m-[39mdisp
lay[33m:[39m 
swap[33m;[39m
 [90m 28 |[39m   
src[33m:[39m url([
33m@[39mvercel[33m/
[39mturbopack[33m-
[39mnext[33m/[39min
ternal[33m/[39mfont
[33m/[39mgoogle[35
m/font?{%22url%22:%22
https:/[39m[33m/[3
9mfonts[33m.[39mgst
atic[33m.[39mcom[3
3m/[39ms[33m/[39mr
oboto[33m/[39mv50[
33m/[39m[33mKFO7Cnq
Eu92Fr1ME7kSn66aGLdTy
lUAMa3CUBHMdazTgWw[3
9m[33m.[39mwoff2[3
3m%[39m[35m22[39m
[33m,[39m[33m%[39m
[35m22[39mpreload[
33m%[39m[35m22[39m
[33m:[39m[36mfalse
[39m[33m,[39m[33m
%[39m[35m22[39mhas
_size_adjust[33m%[3
9m[35m22[39m[33m:
[39m[36mtrue[39m}) 
format([32m'woff2'[
39m)[33m;[39m
[31m[1m>[22m[39m
[90m 29 |[39m   unic
ode[33m-[39mrange[
33m:[39m [33mU[39m
[33m+[39m[35m1[39
m[33mF00[39m[33m-
[39m[35m1[39m[33mF
FF[39m[33m;[39m
 [90m    |[39m     
    
[31m[1m^[22m[39m
 [90m 30 |[39m }
 [90m 31 |[39m 
[90m/* greek */[39m
 [90m 32 |[39m [33
m@[39mfont[33m-[39
mface {[0m

Import map: Resolved 
by import map


Import trace:
  Server Component:
    [next]/internal/f
ont/google/roboto_206
2c160.module.css
    [next]/internal/f
ont/google/roboto_206
2c160.js
    ./privlink/src/li
b/fonts.ts
    ./privlink/src/ap
p/layout.tsx

https://nextjs.org/do
cs/messages/module-no
t-found


[next]/internal/font/
google/roboto_2062c16
0.module.css:39:9
Module not found: 
Can't resolve '@verce
l/turbopack-next/inte
rnal/font/google/font
'
[0m [90m 37 |[39m 
  font[33m-[39mdisp
lay[33m:[39m 
swap[33m;[39m
 [90m 38 |[39m   
src[33m:[39m url([
33m@[39mvercel[33m/
[39mturbopack[33m-
[39mnext[33m/[39min
ternal[33m/[39mfont
[33m/[39mgoogle[35
m/font?{%22url%22:%22
https:/[39m[33m/[3
9mfonts[33m.[39mgst
atic[33m.[39mcom[3
3m/[39ms[33m/[39mr
oboto[33m/[39mv50[
33m/[39m[33mKFO7Cnq
Eu92Fr1ME7kSn66aGLdTy
lUAMa3[39m[33m-[39
m[33mUBHMdazTgWw[39
m[33m.[39mwoff2[33
m%[39m[35m22[39m[
33m,[39m[33m%[39m
[35m22[39mpreload[3
3m%[39m[35m22[39m
[33m:[39m[36mfalse
[39m[33m,[39m[33m%
[39m[35m22[39mhas_
size_adjust[33m%[39
m[35m22[39m[33m:[
39m[36mtrue[39m}) f
ormat([32m'woff2'[3
9m)[33m;[39m
[31m[1m>[22m[39m
[90m 39 |[39m   unic
ode[33m-[39mrange[
33m:[39m [33mU[39m
[33m+[39m[35m0370
[39m[33m-[39m[35m0
377[39m[33m,[39m 
[33mU[39m[33m+[39m
[35m037[39m[33mA[
39m[33m-[39m[35m03
7[39m[33mF[39m[33
m,[39m [33mU[39m[
33m+[39m[35m0384[3
9m[33m-[39m[35m038
[39m[33mA[39m[33m
,[39m [33mU[39m[3
3m+[39m[35m038[39m
[33mC[39m[33m,[39
m [33mU[39m[33m+[
39m[35m038E-03[39m
[33mA1[39m[33m,[39
m [33mU[39m[33m+[
39m[35m03[39m[33mA
3[39m[33m-[39m[35
m03[39m[33mFF[39m
[33m;[39m
 [90m    |[39m     
    
[31m[1m^[22m[39m
 [90m 40 |[39m }
 [90m 41 |[39m 
[90m/* math */[39m
 [90m 42 |[39m [33
m@[39mfont[33m-[39
mface {[0m

Import map: Resolved 
by import map


Import trace:
  Server Component:
    [next]/internal/f
ont/google/roboto_206
2c160.module.css
    [next]/internal/f
ont/google/roboto_206
2c160.js
    ./privlink/src/li
b/fonts.ts
    ./privlink/src/ap
p/layout.tsx

https://nextjs.org/do
cs/messages/module-no
t-found


[next]/internal/font/
google/roboto_2062c16
0.module.css:49:9
Module not found: 
Can't resolve '@verce
l/turbopack-next/inte
rnal/font/google/font
'
[0m [90m 47 |[39m 
  font[33m-[39mdisp
lay[33m:[39m 
swap[33m;[39m
 [90m 48 |[39m   
src[33m:[39m url([
33m@[39mvercel[33m/
[39mturbopack[33m-
[39mnext[33m/[39min
ternal[33m/[39mfont
[33m/[39mgoogle[35
m/font?{%22url%22:%22
https:/[39m[33m/[3
9mfonts[33m.[39mgst
atic[33m.[39mcom[3
3m/[39ms[33m/[39mr
oboto[33m/[39mv50[
33m/[39m[33mKFO7Cnq
Eu92Fr1ME7kSn66aGLdTy
lUAMawCUBHMdazTgWw[3
9m[33m.[39mwoff2[3
3m%[39m[35m22[39m
[33m,[39m[33m%[39m
[35m22[39mpreload[
33m%[39m[35m22[39m
[33m:[39m[36mfalse
[39m[33m,[39m[33m
%[39m[35m22[39mhas
_size_adjust[33m%[3
9m[35m22[39m[33m:
[39m[36mtrue[39m}) 
format([32m'woff2'[
39m)[33m;[39m
[31m[1m>[22m[39m
[90m 49 |[39m   unic
ode[33m-[39mrange[
33m:[39m [33mU[39m
[33m+[39m[35m0302
[39m[33m-[39m[35m0
303[39m[33m,[39m 
[33mU[39m[33m+[39m
[35m0305[39m[33m,
[39m [33mU[39m[33m
+[39m[35m0307[39m
[33m-[39m[35m0308[
39m[33m,[39m [33mU
[39m[33m+[39m[35m
0310[39m[33m,[39m 
[33mU[39m[33m+[39
m[35m0312[39m[33m,
[39m [33mU[39m[33
m+[39m[35m0315[39m
[33m,[39m [33mU[3
9m[33m+[39m[35m031
[39m[33mA[39m[33m
,[39m [33mU[39m[3
3m+[39m[35m0326[39
m[33m-[39m[35m0327
[39m[33m,[39m [33
mU[39m[33m+[39m[3
5m032[39m[33mC[39m
[33m,[39m [33mU[3
9m[33m+[39m[35m032
[39m[33mF[39m[33m
-[39m[35m0330[39m
[33m,[39m [33mU[39
m[33m+[39m[35m0332
[39m[33m-[39m[35m
0333[39m[33m,[39m 
[33mU[39m[33m+[39
m[35m0338[39m[33m,
[39m [33mU[39m[33
m+[39m[35m033[39m
[33mA[39m[33m,[39m
 [33mU[39m[33m+[3
9m[35m0346[39m[33m
,[39m [33mU[39m[3
3m+[39m[35m034[39m
[33mD[39m[33m,[39
m [33mU[39m[33m+[
39m[35m0391[39m[33
m-[39m[35m03[39m[
33mA1[39m[33m,[39m
 [33mU[39m[33m+[3
9m[35m03[39m[33mA3
[39m[33m-[39m[35m
03[39m[33mA9[39m[
33m,[39m [33mU[39m
[33m+[39m[35m03[3
9m[33mB1[39m[33m-
[39m[35m03[39m[33m
C9[39m[33m,[39m [
33mU[39m[33m+[39m
[35m03[39m[33mD1[3
9m[33m,[39m [33mU
[39m[33m+[39m[35m0
3[39m[33mD5[39m[3
3m-[39m[35m03[39m
[33mD6[39m[33m,[39
m [33mU[39m[33m+[
39m[35m03[39m[33mF
0[39m[33m-[39m[35
m03[39m[33mF1[39m
[33m,[39m [33mU[39
m[33m+[39m[35m03[
39m[33mF4[39m[33m-
[39m[35m03[39m[33
mF5[39m[33m,[39m 
[33mU[39m[33m+[39m
[35m2016[39m[33m-
[39m[35m2017[39m[3
3m,[39m [33mU[39m
[33m+[39m[35m2034[
39m[33m-[39m[35m20
38[39m[33m,[39m [
33mU[39m[33m+[39m
[35m203[39m[33mC[3
9m[33m,[39m [33mU
[39m[33m+[39m[35m2
040[39m[33m,[39m 
[33mU[39m[33m+[39m
[35m2043[39m[33m,
[39m [33mU[39m[33m
+[39m[35m2047[39m
[33m,[39m [33mU[39
m[33m+[39m[35m2050
[39m[33m,[39m [33
mU[39m[33m+[39m[3
5m2057[39m[33m,[39
m [33mU[39m[33m+[
39m[35m205[39m[33m
F[39m[33m,[39m [3
3mU[39m[33m+[39m[
35m2070[39m[33m-[3
9m[35m2071[39m[33m
,[39m [33mU[39m[3
3m+[39m[35m2074[39
m[33m-[39m[35m208
[39m[33mE[39m[33m,
[39m [33mU[39m[33
m+[39m[35m2090[39m
[33m-[39m[35m209[
39m[33mC[39m[33m,
[39m [33mU[39m[33m
+[39m[35m20[39m[3
3mD0[39m[33m-[39m
[35m20[39m[33mDC[3
9m[33m,[39m [33mU
[39m[33m+[39m[35m2
0E1[39m[33m,[39m 
[33mU[39m[33m+[39m
[35m20E5[39m[33m-
[39m[35m20[39m[33m
EF[39m[33m,[39m [
33mU[39m[33m+[39m
[35m2100[39m[33m-[
39m[35m2112[39m[33
m,[39m [33mU[39m[
33m+[39m[35m2114[3
9m[33m-[39m[35m211
5[39m[33m,[39m [3
3mU[39m[33m+[39m[
35m2117[39m[33m-[3
9m[35m2121[39m[33m
,[39m [33mU[39m[3
3m+[39m[35m2123[39
m[33m-[39m[35m214
[39m[33mF[39m[33m,
[39m [33mU[39m[33
m+[39m[35m2190[39m
[33m,[39m [33mU[3
9m[33m+[39m[35m219
2[39m[33m,[39m [3
3mU[39m[33m+[39m[
35m2194[39m[33m-[3
9m[35m21[39m[33mAE
[39m[33m,[39m [33
mU[39m[33m+[39m[3
5m21[39m[33mB0[39m
[33m-[39m[35m21E5
[39m[33m,[39m [33m
U[39m[33m+[39m[35
m21[39m[33mF1[39m
[33m-[39m[35m21[39
m[33mF2[39m[33m,[
39m [33mU[39m[33m+
[39m[35m21[39m[33
mF4[39m[33m-[39m[
35m2211[39m[33m,[3
9m [33mU[39m[33m+
[39m[35m2213[39m[3
3m-[39m[35m2214[39
m[33m,[39m [33mU[
39m[33m+[39m[35m22
16[39m[33m-[39m[3
5m22[39m[33mFF[39m
[33m,[39m [33mU[3
9m[33m+[39m[35m230
8[39m[33m-[39m[35
m230[39m[33mB[39m
[33m,[39m [33mU[39
m[33m+[39m[35m2310
[39m[33m,[39m [33
mU[39m[33m+[39m[3
5m2319[39m[33m,[39
m [33mU[39m[33m+[
39m[35m231[39m[33m
C[39m[33m-[39m[35
m2321[39m[33m,[39m
 [33mU[39m[33m+[3
9m[35m2336[39m[33m
-[39m[35m237[39m[
33mA[39m[33m,[39m 
[33mU[39m[33m+[39
m[35m237[39m[33mC
[39m[33m,[39m [33m
U[39m[33m+[39m[35
m2395[39m[33m,[39m
 [33mU[39m[33m+[3
9m[35m239[39m[33mB
[39m[33m-[39m[35m
23[39m[33mB7[39m[
33m,[39m [33mU[39m
[33m+[39m[35m23[3
9m[33mD0[39m[33m,
[39m [33mU[39m[33m
+[39m[35m23[39m[3
3mDC[39m[33m-[39m
[35m23E1[39m[33m,[
39m [33mU[39m[33m+
[39m[35m2474[39m[
33m-[39m[35m2475[3
9m[33m,[39m [33mU
[39m[33m+[39m[35m2
5[39m[33mAF[39m[3
3m,[39m [33mU[39m
[33m+[39m[35m25[39
m[33mB3[39m[33m,[
39m [33mU[39m[33m+
[39m[35m25[39m[33
mB7[39m[33m,[39m 
[33mU[39m[33m+[39m
[35m25[39m[33mBD[
39m[33m,[39m [33mU
[39m[33m+[39m[35m
25[39m[33mC1[39m[
33m,[39m [33mU[39m
[33m+[39m[35m25[3
9m[33mCA[39m[33m,
[39m [33mU[39m[33m
+[39m[35m25[39m[3
3mCC[39m[33m,[39m 
[33mU[39m[33m+[39
m[35m25[39m[33mFB
[39m[33m,[39m [33m
U[39m[33m+[39m[35
m266[39m[33mD[39m
[33m-[39m[35m266[3
9m[33mF[39m[33m,[
39m [33mU[39m[33m+
[39m[35m27[39m[33
mC0[39m[33m-[39m[
35m27[39m[33mFF[39
m[33m,[39m [33mU[
39m[33m+[39m[35m29
00[39m[33m-[39m[3
5m2[39m[33mAFF[39m
[33m,[39m [33mU[3
9m[33m+[39m[35m2[
39m[33mB0E[39m[33m
-[39m[35m2[39m[33
mB11[39m[33m,[39m 
[33mU[39m[33m+[39
m[35m2[39m[33mB30
[39m[33m-[39m[35m2
[39m[33mB4C[39m[3
3m,[39m [33mU[39m
[33m+[39m[35m2[39m
[33mBFE[39m[33m,[
39m [33mU[39m[33m+
[39m[35m3030[39m[
33m,[39m [33mU[39m
[33m+[39m[33mFF5B
[39m[33m,[39m [33m
U[39m[33m+[39m[33
mFF5D[39m[33m,[39m
 [33mU[39m[33m+[3
9m[35m1[39m[33mD40
0[39m[33m-[39m[35
m1[39m[33mD7FF[39m
[33m,[39m [33mU[3
9m[33m+[39m[35m1[
39m[33mEE00[39m[33
m-[39m[35m1[39m[3
3mEEFF[39m[33m;[39
m
 [90m    |[39m     
    
[31m[1m^[22m[39m
 [90m 50 |[39m }
 [90m 51 |[39m 
[90m/* symbols 
*/[39m
 [90m 52 |[39m [33
m@[39mfont[33m-[39
mface {[0m

Import map: Resolved 
by import map


Import trace:
  Server Component:
    [next]/internal/f
ont/google/roboto_206
2c160.module.css
    [next]/internal/f
ont/google/roboto_206
2c160.js
    ./privlink/src/li
b/fonts.ts
    ./privlink/src/ap
p/layout.tsx

https://nextjs.org/do
cs/messages/module-no
t-found


[next]/internal/font/
google/roboto_2062c16
0.module.css:59:9
Module not found: 
Can't resolve '@verce
l/turbopack-next/inte
rnal/font/google/font
'
[0m [90m 57 |[39m 
  font[33m-[39mdisp
lay[33m:[39m 
swap[33m;[39m
 [90m 58 |[39m   
src[33m:[39m url([
33m@[39mvercel[33m/
[39mturbopack[33m-
[39mnext[33m/[39min
ternal[33m/[39mfont
[33m/[39mgoogle[35
m/font?{%22url%22:%22
https:/[39m[33m/[3
9mfonts[33m.[39mgst
atic[33m.[39mcom[3
3m/[39ms[33m/[39mr
oboto[33m/[39mv50[
33m/[39m[33mKFO7Cnq
Eu92Fr1ME7kSn66aGLdTy
lUAMaxKUBHMdazTgWw[3
9m[33m.[39mwoff2[3
3m%[39m[35m22[39m
[33m,[39m[33m%[39m
[35m22[39mpreload[
33m%[39m[35m22[39m
[33m:[39m[36mfalse
[39m[33m,[39m[33m
%[39m[35m22[39mhas
_size_adjust[33m%[3
9m[35m22[39m[33m:
[39m[36mtrue[39m}) 
format([32m'woff2'[
39m)[33m;[39m
[31m[1m>[22m[39m
[90m 59 |[39m   unic
ode[33m-[39mrange[
33m:[39m [33mU[39m
[33m+[39m[35m0001
[39m[33m-[39m[35m0
00[39m[33mC[39m[3
3m,[39m [33mU[39m
[33m+[39m[35m000E-0
01[39m[33mF[39m[3
3m,[39m [33mU[39m
[33m+[39m[35m007[3
9m[33mF[39m[33m-[
39m[35m009[39m[33m
F[39m[33m,[39m [3
3mU[39m[33m+[39m[
35m20[39m[33mDD[39
m[33m-[39m[35m20E0
[39m[33m,[39m [33
mU[39m[33m+[39m[3
5m20E2[39m[33m-[39
m[35m20E4[39m[33m,
[39m [33mU[39m[33
m+[39m[35m2150[39m
[33m-[39m[35m218[
39m[33mF[39m[33m,
[39m [33mU[39m[33m
+[39m[35m2190[39m
[33m,[39m [33mU[39
m[33m+[39m[35m2192
[39m[33m,[39m [33
mU[39m[33m+[39m[3
5m2194[39m[33m-[39
m[35m2199[39m[33m,
[39m [33mU[39m[33
m+[39m[35m21[39m[
33mAF[39m[33m,[39m
 [33mU[39m[33m+[3
9m[35m21E6[39m[33m
-[39m[35m21[39m[3
3mF0[39m[33m,[39m 
[33mU[39m[33m+[39
m[35m21[39m[33mF3
[39m[33m,[39m [33m
U[39m[33m+[39m[35
m2218[39m[33m-[39m
[35m2219[39m[33m,
[39m [33mU[39m[33m
+[39m[35m2299[39m
[33m,[39m [33mU[39
m[33m+[39m[35m22[
39m[33mC4[39m[33m-
[39m[35m22[39m[33
mC6[39m[33m,[39m 
[33mU[39m[33m+[39m
[35m2300[39m[33m-
[39m[35m243[39m[33
mF[39m[33m,[39m [
33mU[39m[33m+[39m
[35m2440[39m[33m-[
39m[35m244[39m[33m
A[39m[33m,[39m [3
3mU[39m[33m+[39m[
35m2460[39m[33m-[3
9m[35m24[39m[33mFF
[39m[33m,[39m [33
mU[39m[33m+[39m[3
5m25[39m[33mA0[39m
[33m-[39m[35m27[3
9m[33mBF[39m[33m,
[39m [33mU[39m[33m
+[39m[35m2800[39m
[33m-[39m[35m28[39
m[33mFF[39m[33m,[
39m [33mU[39m[33m+
[39m[35m2921[39m[
33m-[39m[35m2922[3
9m[33m,[39m [33mU
[39m[33m+[39m[35m2
981[39m[33m,[39m 
[33mU[39m[33m+[39m
[35m29[39m[33mBF[
39m[33m,[39m [33mU
[39m[33m+[39m[35m
29[39m[33mEB[39m[
33m,[39m [33mU[39m
[33m+[39m[35m2[39
m[33mB00[39m[33m-
[39m[35m2[39m[33mB
FF[39m[33m,[39m [
33mU[39m[33m+[39m
[35m4[39m[33mDC0[3
9m[33m-[39m[35m4[
39m[33mDFF[39m[33m
,[39m [33mU[39m[3
3m+[39m[33mFFF9[39
m[33m-[39m[33mFFFB
[39m[33m,[39m [33
mU[39m[33m+[39m[3
5m10140[39m[33m-[3
9m[35m1018[39m[33m
E[39m[33m,[39m [3
3mU[39m[33m+[39m[
35m10190[39m[33m-[
39m[35m1019[39m[33
mC[39m[33m,[39m [
33mU[39m[33m+[39m
[35m101[39m[33mA0[
39m[33m,[39m [33mU
[39m[33m+[39m[35m
101[39m[33mD0[39m
[33m-[39m[35m101[3
9m[33mFD[39m[33m,
[39m [33mU[39m[33m
+[39m[35m102E0[39m
[33m-[39m[35m102[
39m[33mFB[39m[33m,
[39m [33mU[39m[33
m+[39m[35m10E60[39
m[33m-[39m[35m10E7
[39m[33mE[39m[33m
,[39m [33mU[39m[3
3m+[39m[35m1[39m[
33mD2C0[39m[33m-[3
9m[35m1[39m[33mD2D
3[39m[33m,[39m [3
3mU[39m[33m+[39m[
35m1[39m[33mD2E0[3
9m[33m-[39m[35m1[
39m[33mD37F[39m[33
m,[39m [33mU[39m[
33m+[39m[35m1[39m
[33mF000[39m[33m-[
39m[35m1[39m[33mF0
FF[39m[33m,[39m [
33mU[39m[33m+[39m
[35m1[39m[33mF100[
39m[33m-[39m[35m1
[39m[33mF1AD[39m[3
3m,[39m [33mU[39m
[33m+[39m[35m1[39m
[33mF1E6[39m[33m-
[39m[35m1[39m[33mF
1FF[39m[33m,[39m 
[33mU[39m[33m+[39m
[35m1[39m[33mF30D
[39m[33m-[39m[35m1
[39m[33mF30F[39m[
33m,[39m [33mU[39m
[33m+[39m[35m1[39
m[33mF315[39m[33m,
[39m [33mU[39m[33
m+[39m[35m1[39m[3
3mF31C[39m[33m,[39
m [33mU[39m[33m+[
39m[35m1[39m[33mF3
1E[39m[33m,[39m [
33mU[39m[33m+[39m
[35m1[39m[33mF320[
39m[33m-[39m[35m1
[39m[33mF32C[39m[3
3m,[39m [33mU[39m
[33m+[39m[35m1[39m
[33mF336[39m[33m,
[39m [33mU[39m[33m
+[39m[35m1[39m[33
mF378[39m[33m,[39m
 [33mU[39m[33m+[3
9m[35m1[39m[33mF37
D[39m[33m,[39m [3
3mU[39m[33m+[39m[
35m1[39m[33mF382[3
9m[33m,[39m [33mU
[39m[33m+[39m[35m1
[39m[33mF393[39m[
33m-[39m[35m1[39m
[33mF39F[39m[33m,[
39m [33mU[39m[33m+
[39m[35m1[39m[33m
F3A7[39m[33m-[39m
[35m1[39m[33mF3A8[
39m[33m,[39m [33mU
[39m[33m+[39m[35m
1[39m[33mF3AC[39m
[33m-[39m[35m1[39m
[33mF3AF[39m[33m,
[39m [33mU[39m[33m
+[39m[35m1[39m[33
mF3C2[39m[33m,[39m
 [33mU[39m[33m+[3
9m[35m1[39m[33mF3C
4[39m[33m-[39m[35
m1[39m[33mF3C6[39m
[33m,[39m [33mU[3
9m[33m+[39m[35m1[
39m[33mF3CA[39m[33
m-[39m[35m1[39m[3
3mF3CE[39m[33m,[39
m [33mU[39m[33m+[
39m[35m1[39m[33mF3
D4[39m[33m-[39m[3
5m1[39m[33mF3E0[39
m[33m,[39m [33mU[
39m[33m+[39m[35m1
[39m[33mF3ED[39m[3
3m,[39m [33mU[39m
[33m+[39m[35m1[39m
[33mF3F1[39m[33m-
[39m[35m1[39m[33mF
3F3[39m[33m,[39m 
[33mU[39m[33m+[39m
[35m1[39m[33mF3F5
[39m[33m-[39m[35m1
[39m[33mF3F7[39m[
33m,[39m [33mU[39m
[33m+[39m[35m1[39
m[33mF408[39m[33m,
[39m [33mU[39m[33
m+[39m[35m1[39m[3
3mF415[39m[33m,[39
m [33mU[39m[33m+[
39m[35m1[39m[33mF4
1F[39m[33m,[39m [
33mU[39m[33m+[39m
[35m1[39m[33mF426[
39m[33m,[39m [33mU
[39m[33m+[39m[35m
1[39m[33mF43F[39m
[33m,[39m [33mU[39
m[33m+[39m[35m1[3
9m[33mF441[39m[33m
-[39m[35m1[39m[33
mF442[39m[33m,[39m
 [33mU[39m[33m+[3
9m[35m1[39m[33mF44
4[39m[33m,[39m [3
3mU[39m[33m+[39m[
35m1[39m[33mF446[3
9m[33m-[39m[35m1[
39m[33mF449[39m[33
m,[39m [33mU[39m[
33m+[39m[35m1[39m
[33mF44C[39m[33m-[
39m[35m1[39m[33mF4
4E[39m[33m,[39m [
33mU[39m[33m+[39m
[35m1[39m[33mF453[
39m[33m,[39m [33mU
[39m[33m+[39m[35m
1[39m[33mF46A[39m
[33m,[39m [33mU[39
m[33m+[39m[35m1[3
9m[33mF47D[39m[33m
,[39m [33mU[39m[3
3m+[39m[35m1[39m[
33mF4A3[39m[33m,[3
9m [33mU[39m[33m+
[39m[35m1[39m[33mF
4B0[39m[33m,[39m 
[33mU[39m[33m+[39m
[35m1[39m[33mF4B3
[39m[33m,[39m [33m
U[39m[33m+[39m[35
m1[39m[33mF4B9[39m
[33m,[39m [33mU[3
9m[33m+[39m[35m1[
39m[33mF4BB[39m[33
m,[39m [33mU[39m[
33m+[39m[35m1[39m
[33mF4BF[39m[33m,[
39m [33mU[39m[33m+
[39m[35m1[39m[33m
F4C8[39m[33m-[39m
[35m1[39m[33mF4CB[
39m[33m,[39m [33mU
[39m[33m+[39m[35m
1[39m[33mF4D6[39m
[33m,[39m [33mU[39
m[33m+[39m[35m1[3
9m[33mF4DA[39m[33m
,[39m [33mU[39m[3
3m+[39m[35m1[39m[
33mF4DF[39m[33m,[3
9m [33mU[39m[33m+
[39m[35m1[39m[33mF
4E3[39m[33m-[39m[
35m1[39m[33mF4E6[3
9m[33m,[39m [33mU
[39m[33m+[39m[35m1
[39m[33mF4EA[39m[
33m-[39m[35m1[39m
[33mF4ED[39m[33m,[
39m [33mU[39m[33m+
[39m[35m1[39m[33m
F4F7[39m[33m,[39m 
[33mU[39m[33m+[39
m[35m1[39m[33mF4F9
[39m[33m-[39m[35m
1[39m[33mF4FB[39m
[33m,[39m [33mU[39
m[33m+[39m[35m1[3
9m[33mF4FD[39m[33m
-[39m[35m1[39m[33
mF4FE[39m[33m,[39m
 [33mU[39m[33m+[3
9m[35m1[39m[33mF50
3[39m[33m,[39m [3
3mU[39m[33m+[39m[
35m1[39m[33mF507[3
9m[33m-[39m[35m1[
39m[33mF50B[39m[33
m,[39m [33mU[39m[
33m+[39m[35m1[39m
[33mF50D[39m[33m,[
39m [33mU[39m[33m+
[39m[35m1[39m[33m
F512[39m[33m-[39m
[35m1[39m[33mF513[
39m[33m,[39m [33mU
[39m[33m+[39m[35m
1[39m[33mF53E[39m
[33m-[39m[35m1[39m
[33mF54A[39m[33m,
[39m [33mU[39m[33m
+[39m[35m1[39m[33
mF54F[39m[33m-[39m
[35m1[39m[33mF5FA
[39m[33m,[39m [33m
U[39m[33m+[39m[35
m1[39m[33mF610[39m
[33m,[39m [33mU[3
9m[33m+[39m[35m1[
39m[33mF650[39m[33
m-[39m[35m1[39m[3
3mF67F[39m[33m,[39
m [33mU[39m[33m+[
39m[35m1[39m[33mF6
87[39m[33m,[39m [
33mU[39m[33m+[39m
[35m1[39m[33mF68D[
39m[33m,[39m [33mU
[39m[33m+[39m[35m
1[39m[33mF691[39m
[33m,[39m [33mU[39
m[33m+[39m[35m1[3
9m[33mF694[39m[33m
,[39m [33mU[39m[3
3m+[39m[35m1[39m[
33mF698[39m[33m,[3
9m [33mU[39m[33m+
[39m[35m1[39m[33mF
6AD[39m[33m,[39m 
[33mU[39m[33m+[39m
[35m1[39m[33mF6B2
[39m[33m,[39m [33m
U[39m[33m+[39m[35
m1[39m[33mF6B9[39m
[33m-[39m[35m1[39
m[33mF6BA[39m[33m,
[39m [33mU[39m[33
m+[39m[35m1[39m[3
3mF6BC[39m[33m,[39
m [33mU[39m[33m+[
39m[35m1[39m[33mF6
C6[39m[33m-[39m[3
5m1[39m[33mF6CF[39
m[33m,[39m [33mU[
39m[33m+[39m[35m1
[39m[33mF6D3[39m[3
3m-[39m[35m1[39m[
33mF6D7[39m[33m,[3
9m [33mU[39m[33m+
[39m[35m1[39m[33mF
6E0[39m[33m-[39m[
35m1[39m[33mF6EA[3
9m[33m,[39m [33mU
[39m[33m+[39m[35m1
[39m[33mF6F0[39m[
33m-[39m[35m1[39m
[33mF6F3[39m[33m,[
39m [33mU[39m[33m+
[39m[35m1[39m[33m
F6F7[39m[33m-[39m
[35m1[39m[33mF6FC[
39m[33m,[39m [33mU
[39m[33m+[39m[35m
1[39m[33mF700[39m
[33m-[39m[35m1[39m
[33mF7FF[39m[33m,
[39m [33mU[39m[33m
+[39m[35m1[39m[33
mF800[39m[33m-[39m
[35m1[39m[33mF80B
[39m[33m,[39m [33m
U[39m[33m+[39m[35
m1[39m[33mF810[39m
[33m-[39m[35m1[39
m[33mF847[39m[33m,
[39m [33mU[39m[33
m+[39m[35m1[39m[3
3mF850[39m[33m-[39
m[35m1[39m[33mF859
[39m[33m,[39m [33
mU[39m[33m+[39m[3
5m1[39m[33mF860[39
m[33m-[39m[35m1[3
9m[33mF887[39m[33m
,[39m [33mU[39m[3
3m+[39m[35m1[39m[
33mF890[39m[33m-[3
9m[35m1[39m[33mF8A
D[39m[33m,[39m [3
3mU[39m[33m+[39m[
35m1[39m[33mF8B0[3
9m[33m-[39m[35m1[
39m[33mF8BB[39m[33
m,[39m [33mU[39m[
33m+[39m[35m1[39m
[33mF8C0[39m[33m-[
39m[35m1[39m[33mF8
C1[39m[33m,[39m [
33mU[39m[33m+[39m
[35m1[39m[33mF900[
39m[33m-[39m[35m1
[39m[33mF90B[39m[3
3m,[39m [33mU[39m
[33m+[39m[35m1[39m
[33mF93B[39m[33m,
[39m [33mU[39m[33m
+[39m[35m1[39m[33
mF946[39m[33m,[39m
 [33mU[39m[33m+[3
9m[35m1[39m[33mF98
4[39m[33m,[39m [3
3mU[39m[33m+[39m[
35m1[39m[33mF996[3
9m[33m,[39m [33mU
[39m[33m+[39m[35m1
[39m[33mF9E9[39m[
33m,[39m [33mU[39m
[33m+[39m[35m1[39
m[33mFA00[39m[33m-
[39m[35m1[39m[33m
FA6F[39m[33m,[39m 
[33mU[39m[33m+[39
m[35m1[39m[33mFA70
[39m[33m-[39m[35m
1[39m[33mFA7C[39m
[33m,[39m [33mU[39
m[33m+[39m[35m1[3
9m[33mFA80[39m[33m
-[39m[35m1[39m[33
mFA89[39m[33m,[39m
 [33mU[39m[33m+[3
9m[35m1[39m[33mFA8
F[39m[33m-[39m[35
m1[39m[33mFAC6[39m
[33m,[39m [33mU[3
9m[33m+[39m[35m1[
39m[33mFACE[39m[33
m-[39m[35m1[39m[3
3mFADC[39m[33m,[39
m [33mU[39m[33m+[
39m[35m1[39m[33mFA
DF[39m[33m-[39m[3
5m1[39m[33mFAE9[39
m[33m,[39m [33mU[
39m[33m+[39m[35m1
[39m[33mFAF0[39m[3
3m-[39m[35m1[39m[
33mFAF8[39m[33m,[3
9m [33mU[39m[33m+
[39m[35m1[39m[33mF
B00[39m[33m-[39m[
35m1[39m[33mFBFF[3
9m[33m;[39m
 [90m    |[39m     
    
[31m[1m^[22m[39m
 [90m 60 |[39m }
 [90m 61 |[39m 
[90m/* vietnamese 
*/[39m
 [90m 62 |[39m [33
m@[39mfont[33m-[39
mface {[0m

Import map: Resolved 
by import map


Import trace:
  Server Component:
    [next]/internal/f
ont/google/roboto_206
2c160.module.css
    [next]/internal/f
ont/google/roboto_206
2c160.js
    ./privlink/src/li
b/fonts.ts
    ./privlink/src/ap
p/layout.tsx

https://nextjs.org/do
cs/messages/module-no
t-found


[next]/internal/font/
google/roboto_2062c16
0.module.css:69:9
Module not found: 
Can't resolve '@verce
l/turbopack-next/inte
rnal/font/google/font
'
[0m [90m 67 |[39m 
  font[33m-[39mdisp
lay[33m:[39m 
swap[33m;[39m
 [90m 68 |[39m   
src[33m:[39m url([
33m@[39mvercel[33m/
[39mturbopack[33m-
[39mnext[33m/[39min
ternal[33m/[39mfont
[33m/[39mgoogle[35
m/font?{%22url%22:%22
https:/[39m[33m/[3
9mfonts[33m.[39mgst
atic[33m.[39mcom[3
3m/[39ms[33m/[39mr
oboto[33m/[39mv50[
33m/[39m[33mKFO7Cnq
Eu92Fr1ME7kSn66aGLdTy
lUAMa3OUBHMdazTgWw[3
9m[33m.[39mwoff2[3
3m%[39m[35m22[39m
[33m,[39m[33m%[39m
[35m22[39mpreload[
33m%[39m[35m22[39m
[33m:[39m[36mfalse
[39m[33m,[39m[33m
%[39m[35m22[39mhas
_size_adjust[33m%[3
9m[35m22[39m[33m:
[39m[36mtrue[39m}) 
format([32m'woff2'[
39m)[33m;[39m
[31m[1m>[22m[39m
[90m 69 |[39m   unic
ode[33m-[39mrange[
33m:[39m [33mU[39m
[33m+[39m[35m0102
[39m[33m-[39m[35m0
103[39m[33m,[39m 
[33mU[39m[33m+[39m
[35m0110[39m[33m-
[39m[35m0111[39m[3
3m,[39m [33mU[39m
[33m+[39m[35m0128[
39m[33m-[39m[35m01
29[39m[33m,[39m [
33mU[39m[33m+[39m
[35m0168[39m[33m-[
39m[35m0169[39m[33
m,[39m [33mU[39m[
33m+[39m[35m01[39m
[33mA0[39m[33m-[3
9m[35m01[39m[33mA1
[39m[33m,[39m [33
mU[39m[33m+[39m[3
5m01[39m[33mAF[39m
[33m-[39m[35m01[3
9m[33mB0[39m[33m,
[39m [33mU[39m[33m
+[39m[35m0300[39m
[33m-[39m[35m0301[
39m[33m,[39m [33mU
[39m[33m+[39m[35m
0303[39m[33m-[39m
[35m0304[39m[33m,[
39m [33mU[39m[33m+
[39m[35m0308[39m[
33m-[39m[35m0309[3
9m[33m,[39m [33mU
[39m[33m+[39m[35m0
323[39m[33m,[39m 
[33mU[39m[33m+[39m
[35m0329[39m[33m,
[39m [33mU[39m[33m
+[39m[35m1[39m[33
mEA0[39m[33m-[39m
[35m1[39m[33mEF9[3
9m[33m,[39m [33mU
[39m[33m+[39m[35m2
0[39m[33mAB[39m[3
3m;[39m
 [90m    |[39m     
    
[31m[1m^[22m[39m
 [90m 70 |[39m }
 [90m 71 |[39m 
[90m/* latin-ext 
*/[39m
 [90m 72 |[39m [33
m@[39mfont[33m-[39
mface {[0m

Import map: Resolved 
by import map


Import trace:
  Server Component:
    [next]/internal/f
ont/google/roboto_206
2c160.module.css
    [next]/internal/f
ont/google/roboto_206
2c160.js
    ./privlink/src/li
b/fonts.ts
    ./privlink/src/ap
p/layout.tsx

https://nextjs.org/do
cs/messages/module-no
t-found


[next]/internal/font/
google/roboto_2062c16
0.module.css:79:9
Module not found: 
Can't resolve '@verce
l/turbopack-next/inte
rnal/font/google/font
'
[0m [90m 77 |[39m 
  font[33m-[39mdisp
lay[33m:[39m 
swap[33m;[39m
 [90m 78 |[39m   
src[33m:[39m url([
33m@[39mvercel[33m/
[39mturbopack[33m-
[39mnext[33m/[39min
ternal[33m/[39mfont
[33m/[39mgoogle[35
m/font?{%22url%22:%22
https:/[39m[33m/[3
9mfonts[33m.[39mgst
atic[33m.[39mcom[3
3m/[39ms[33m/[39mr
oboto[33m/[39mv50[
33m/[39m[33mKFO7Cnq
Eu92Fr1ME7kSn66aGLdTy
lUAMa3KUBHMdazTgWw[3
9m[33m.[39mwoff2[3
3m%[39m[35m22[39m
[33m,[39m[33m%[39m
[35m22[39mpreload[
33m%[39m[35m22[39m
[33m:[39m[36mfalse
[39m[33m,[39m[33m
%[39m[35m22[39mhas
_size_adjust[33m%[3
9m[35m22[39m[33m:
[39m[36mtrue[39m}) 
format([32m'woff2'[
39m)[33m;[39m
[31m[1m>[22m[39m
[90m 79 |[39m   unic
ode[33m-[39mrange[
33m:[39m [33mU[39m
[33m+[39m[35m0100
[39m[33m-[39m[35m0
2[39m[33mBA[39m[3
3m,[39m [33mU[39m
[33m+[39m[35m02[39
m[33mBD[39m[33m-[
39m[35m02[39m[33mC
5[39m[33m,[39m [3
3mU[39m[33m+[39m[
35m02[39m[33mC7[39
m[33m-[39m[35m02[
39m[33mCC[39m[33m,
[39m [33mU[39m[33
m+[39m[35m02[39m[
33mCE[39m[33m-[39m
[35m02[39m[33mD7[
39m[33m,[39m [33mU
[39m[33m+[39m[35m
02[39m[33mDD[39m[
33m-[39m[35m02[39m
[33mFF[39m[33m,[3
9m [33mU[39m[33m+
[39m[35m0304[39m[3
3m,[39m [33mU[39m
[33m+[39m[35m0308[
39m[33m,[39m [33mU
[39m[33m+[39m[35m
0329[39m[33m,[39m 
[33mU[39m[33m+[39
m[35m1[39m[33mD00
[39m[33m-[39m[35m1
[39m[33mDBF[39m[3
3m,[39m [33mU[39m
[33m+[39m[35m1E00[
39m[33m-[39m[35m1E
9[39m[33mF[39m[33
m,[39m [33mU[39m[
33m+[39m[35m1[39m
[33mEF2[39m[33m-[3
9m[35m1[39m[33mEFF
[39m[33m,[39m [33
mU[39m[33m+[39m[3
5m2020[39m[33m,[39
m [33mU[39m[33m+[
39m[35m20[39m[33mA
0[39m[33m-[39m[35
m20[39m[33mAB[39m
[33m,[39m [33mU[39
m[33m+[39m[35m20[
39m[33mAD[39m[33m-
[39m[35m20[39m[33
mC0[39m[33m,[39m 
[33mU[39m[33m+[39m
[35m2113[39m[33m,
[39m [33mU[39m[33m
+[39m[35m2[39m[33
mC60[39m[33m-[39m
[35m2[39m[33mC7F[3
9m[33m,[39m [33mU
[39m[33m+[39m[33mA
720[39m[33m-[39m[
33mA7FF[39m[33m;[3
9m
 [90m    |[39m     
    
[31m[1m^[22m[39m
 [90m 80 |[39m }
 [90m 81 |[39m 
[90m/* latin */[39m
 [90m 82 |[39m [33
m@[39mfont[33m-[39
mface {[0m

Import map: Resolved 
by import map


Import trace:
  Server Component:
    [next]/internal/f
ont/google/roboto_206
2c160.module.css
    [next]/internal/f
ont/google/roboto_206
2c160.js
    ./privlink/src/li
b/fonts.ts
    ./privlink/src/ap
p/layout.tsx

https://nextjs.org/do
cs/messages/module-no
t-found


[next]/internal/font/
google/roboto_2062c16
0.module.css:89:9
Module not found: 
Can't resolve '@verce
l/turbopack-next/inte
rnal/font/google/font
'
[0m [90m 87 |[39m 
  font[33m-[39mdisp
lay[33m:[39m 
swap[33m;[39m
 [90m 88 |[39m   
src[33m:[39m url([
33m@[39mvercel[33m/
[39mturbopack[33m-
[39mnext[33m/[39min
ternal[33m/[39mfont
[33m/[39mgoogle[35
m/font?{%22url%22:%22
https:/[39m[33m/[3
9mfonts[33m.[39mgst
atic[33m.[39mcom[3
3m/[39ms[33m/[39mr
oboto[33m/[39mv50[
33m/[39m[33mKFO7Cnq
Eu92Fr1ME7kSn66aGLdTy
lUAMa3yUBHMdazQ[39m
[33m.[39mwoff2[33m%
[39m[35m22[39m[33
m,[39m[33m%[39m[3
5m22[39mpreload[33m
%[39m[35m22[39m[3
3m:[39m[36mtrue[39
m[33m,[39m[33m%[3
9m[35m22[39mhas_siz
e_adjust[33m%[39m[
35m22[39m[33m:[39m
[36mtrue[39m}) form
at([32m'woff2'[39m)
[33m;[39m
[31m[1m>[22m[39m
[90m 89 |[39m   unic
ode[33m-[39mrange[
33m:[39m [33mU[39m
[33m+[39m[35m0000
[39m[33m-[39m[35m0
0[39m[33mFF[39m[3
3m,[39m [33mU[39m
[33m+[39m[35m0131[
39m[33m,[39m [33mU
[39m[33m+[39m[35m
0152[39m[33m-[39m
[35m0153[39m[33m,[
39m [33mU[39m[33m+
[39m[35m02[39m[33
mBB[39m[33m-[39m[
35m02[39m[33mBC[39
m[33m,[39m [33mU[
39m[33m+[39m[35m02
[39m[33mC6[39m[33
m,[39m [33mU[39m[
33m+[39m[35m02[39m
[33mDA[39m[33m,[3
9m [33mU[39m[33m+
[39m[35m02[39m[33m
DC[39m[33m,[39m [
33mU[39m[33m+[39m
[35m0304[39m[33m,[
39m [33mU[39m[33m+
[39m[35m0308[39m[
33m,[39m [33mU[39m
[33m+[39m[35m0329
[39m[33m,[39m [33m
U[39m[33m+[39m[35
m2000[39m[33m-[39m
[35m206[39m[33mF[
39m[33m,[39m [33mU
[39m[33m+[39m[35m
20[39m[33mAC[39m[
33m,[39m [33mU[39m
[33m+[39m[35m2122
[39m[33m,[39m [33m
U[39m[33m+[39m[35
m2191[39m[33m,[39m
 [33mU[39m[33m+[3
9m[35m2193[39m[33m
,[39m [33mU[39m[3
3m+[39m[35m2212[39
m[33m,[39m [33mU[
39m[33m+[39m[35m22
15[39m[33m,[39m [
33mU[39m[33m+[39m
[33mFEFF[39m[33m,[
39m [33mU[39m[33m+
[39m[33mFFFD[39m[
33m;[39m
 [90m    |[39m     
    
[31m[1m^[22m[39m
 [90m 90 |[39m }
 [90m 91 |[39m 
[90m/* cyrillic-ext 
*/[39m
 [90m 92 |[39m [33
m@[39mfont[33m-[39
mface {[0m

Import map: Resolved 
by import map


Import trace:
  Server Component:
    [next]/internal/f
ont/google/roboto_206
2c160.module.css
    [next]/internal/f
ont/google/roboto_206
2c160.js
    ./privlink/src/li
b/fonts.ts
    ./privlink/src/ap
p/layout.tsx

https://nextjs.org/do
cs/messages/module-no
t-found


[next]/internal/font/
google/roboto_2062c16
0.module.css:99:9
Module not found: 
Can't resolve '@verce
l/turbopack-next/inte
rnal/font/google/font
'
[0m [90m  97 
|[39m   font[33m-[
39mdisplay[33m:[39m
 swap[33m;[39m
 [90m  98 |[39m   
src[33m:[39m url([
33m@[39mvercel[33m/
[39mturbopack[33m-
[39mnext[33m/[39min
ternal[33m/[39mfont
[33m/[39mgoogle[35
m/font?{%22url%22:%22
https:/[39m[33m/[3
9mfonts[33m.[39mgst
atic[33m.[39mcom[3
3m/[39ms[33m/[39mr
oboto[33m/[39mv50[
33m/[39m[33mKFO7Cnq
Eu92Fr1ME7kSn66aGLdTy
lUAMa3GUBHMdazTgWw[3
9m[33m.[39mwoff2[3
3m%[39m[35m22[39m
[33m,[39m[33m%[39m
[35m22[39mpreload[
33m%[39m[35m22[39m
[33m:[39m[36mfalse
[39m[33m,[39m[33m
%[39m[35m22[39mhas
_size_adjust[33m%[3
9m[35m22[39m[33m:
[39m[36mtrue[39m}) 
format([32m'woff2'[
39m)[33m;[39m
[31m[1m>[22m[39m
[90m  99 |[39m   uni
code[33m-[39mrange
[33m:[39m [33mU[39
m[33m+[39m[35m0460
[39m[33m-[39m[35m
052[39m[33mF[39m[
33m,[39m [33mU[39m
[33m+[39m[35m1[39
m[33mC80[39m[33m-
[39m[35m1[39m[33mC
8A[39m[33m,[39m [
33mU[39m[33m+[39m
[35m20[39m[33mB4[3
9m[33m,[39m [33mU
[39m[33m+[39m[35m2
[39m[33mDE0[39m[3
3m-[39m[35m2[39m[
33mDFF[39m[33m,[39
m [33mU[39m[33m+[
39m[33mA640[39m[33
m-[39m[33mA69F[39m
[33m,[39m [33mU[3
9m[33m+[39m[33mFE2
E[39m[33m-[39m[33
mFE2F[39m[33m;[39m
 [90m     |[39m    
     
[31m[1m^[22m[39m
 [90m 100 |[39m }
 [90m 101 |[39m 
[90m/* cyrillic 
*/[39m
 [90m 102 |[39m [3
3m@[39mfont[33m-[3
9mface {[0m

Import map: Resolved 
by import map


Import trace:
  Server Component:
    [next]/internal/f
ont/google/roboto_206
2c160.module.css
    [next]/internal/f
ont/google/roboto_206
2c160.js
    ./privlink/src/li
b/fonts.ts
    ./privlink/src/ap
p/layout.tsx

https://nextjs.org/do
cs/messages/module-no
t-found


[next]/internal/font/
google/roboto_2062c16
0.module.css:109:9
Module not found: 
Can't resolve '@verce
l/turbopack-next/inte
rnal/font/google/font
'
[0m [90m 107 
|[39m   font[33m-[
39mdisplay[33m:[39m
 swap[33m;[39m
 [90m 108 |[39m   
src[33m:[39m url([
33m@[39mvercel[33m/
[39mturbopack[33m-
[39mnext[33m/[39min
ternal[33m/[39mfont
[33m/[39mgoogle[35
m/font?{%22url%22:%22
https:/[39m[33m/[3
9mfonts[33m.[39mgst
atic[33m.[39mcom[3
3m/[39ms[33m/[39mr
oboto[33m/[39mv50[
33m/[39m[33mKFO7Cnq
Eu92Fr1ME7kSn66aGLdTy
lUAMa3iUBHMdazTgWw[3
9m[33m.[39mwoff2[3
3m%[39m[35m22[39m
[33m,[39m[33m%[39m
[35m22[39mpreload[
33m%[39m[35m22[39m
[33m:[39m[36mfalse
[39m[33m,[39m[33m
%[39m[35m22[39mhas
_size_adjust[33m%[3
9m[35m22[39m[33m:
[39m[36mtrue[39m}) 
format([32m'woff2'[
39m)[33m;[39m
[31m[1m>[22m[39m
[90m 109 |[39m   uni
code[33m-[39mrange
[33m:[39m [33mU[39
m[33m+[39m[35m0301
[39m[33m,[39m [33
mU[39m[33m+[39m[3
5m0400[39m[33m-[39
m[35m045[39m[33mF
[39m[33m,[39m [33m
U[39m[33m+[39m[35
m0490[39m[33m-[39m
[35m0491[39m[33m,
[39m [33mU[39m[33m
+[39m[35m04[39m[3
3mB0[39m[33m-[39m
[35m04[39m[33mB1[3
9m[33m,[39m [33mU
[39m[33m+[39m[35m2
116[39m[33m;[39m
 [90m     |[39m    
     
[31m[1m^[22m[39m
 [90m 110 |[39m }
 [90m 111 |[39m 
[90m/* greek-ext 
*/[39m
 [90m 112 |[39m [3
3m@[39mfont[33m-[3
9mface {[0m

Import map: Resolved 
by import map


Import trace:
  Server Component:
    [next]/internal/f
ont/google/roboto_206
2c160.module.css
    [next]/internal/f
ont/google/roboto_206
2c160.js
    ./privlink/src/li
b/fonts.ts
    ./privlink/src/ap
p/layout.tsx

https://nextjs.org/do
cs/messages/module-no
t-found


[next]/internal/font/
google/roboto_2062c16
0.module.css:119:9
Module not found: 
Can't resolve '@verce
l/turbopack-next/inte
rnal/font/google/font
'
[0m [90m 117 
|[39m   font[33m-[
39mdisplay[33m:[39m
 swap[33m;[39m
 [90m 118 |[39m   
src[33m:[39m url([
33m@[39mvercel[33m/
[39mturbopack[33m-
[39mnext[33m/[39min
ternal[33m/[39mfont
[33m/[39mgoogle[35
m/font?{%22url%22:%22
https:/[39m[33m/[3
9mfonts[33m.[39mgst
atic[33m.[39mcom[3
3m/[39ms[33m/[39mr
oboto[33m/[39mv50[
33m/[39m[33mKFO7Cnq
Eu92Fr1ME7kSn66aGLdTy
lUAMa3CUBHMdazTgWw[3
9m[33m.[39mwoff2[3
3m%[39m[35m22[39m
[33m,[39m[33m%[39m
[35m22[39mpreload[
33m%[39m[35m22[39m
[33m:[39m[36mfalse
[39m[33m,[39m[33m
%[39m[35m22[39mhas
_size_adjust[33m%[3
9m[35m22[39m[33m:
[39m[36mtrue[39m}) 
format([32m'woff2'[
39m)[33m;[39m
[31m[1m>[22m[39m
[90m 119 |[39m   uni
code[33m-[39mrange
[33m:[39m [33mU[39
m[33m+[39m[35m1[3
9m[33mF00[39m[33m-
[39m[35m1[39m[33m
FFF[39m[33m;[39m
 [90m     |[39m    
     
[31m[1m^[22m[39m
 [90m 120 |[39m }
 [90m 121 |[39m 
[90m/* greek */[39m
 [90m 122 |[39m [3
3m@[39mfont[33m-[3
9mface {[0m

Import map: Resolved 
by import map


Import trace:
  Server Component:
    [next]/internal/f
ont/google/roboto_206
2c160.module.css
    [next]/internal/f
ont/google/roboto_206
2c160.js
    ./privlink/src/li
b/fonts.ts
    ./privlink/src/ap
p/layout.tsx

https://nextjs.org/do
cs/messages/module-no
t-found


[next]/internal/font/
google/roboto_2062c16
0.module.css:129:9
Module not found: 
Can't resolve '@verce
l/turbopack-next/inte
rnal/font/google/font
'
[0m [90m 127 
|[39m   font[33m-[
39mdisplay[33m:[39m
 swap[33m;[39m
 [90m 128 |[39m   
src[33m:[39m url([
33m@[39mvercel[33m/
[39mturbopack[33m-
[39mnext[33m/[39min
ternal[33m/[39mfont
[33m/[39mgoogle[35
m/font?{%22url%22:%22
https:/[39m[33m/[3
9mfonts[33m.[39mgst
atic[33m.[39mcom[3
3m/[39ms[33m/[39mr
oboto[33m/[39mv50[
33m/[39m[33mKFO7Cnq
Eu92Fr1ME7kSn66aGLdTy
lUAMa3[39m[33m-[39
m[33mUBHMdazTgWw[39
m[33m.[39mwoff2[33
m%[39m[35m22[39m[
33m,[39m[33m%[39m
[35m22[39mpreload[3
3m%[39m[35m22[39m
[33m:[39m[36mfalse
[39m[33m,[39m[33m%
[39m[35m22[39mhas_
size_adjust[33m%[39
m[35m22[39m[33m:[
39m[36mtrue[39m}) f
ormat([32m'woff2'[3
9m)[33m;[39m
[31m[1m>[22m[39m
[90m 129 |[39m   uni
code[33m-[39mrange
[33m:[39m [33mU[39
m[33m+[39m[35m0370
[39m[33m-[39m[35m
0377[39m[33m,[39m 
[33mU[39m[33m+[39
m[35m037[39m[33mA
[39m[33m-[39m[35m0
37[39m[33mF[39m[3
3m,[39m [33mU[39m
[33m+[39m[35m0384[
39m[33m-[39m[35m03
8[39m[33mA[39m[33
m,[39m [33mU[39m[
33m+[39m[35m038[39
m[33mC[39m[33m,[3
9m [33mU[39m[33m+
[39m[35m038E-03[39m
[33mA1[39m[33m,[3
9m [33mU[39m[33m+
[39m[35m03[39m[33m
A3[39m[33m-[39m[3
5m03[39m[33mFF[39m
[33m;[39m
 [90m     |[39m    
     
[31m[1m^[22m[39m
 [90m 130 |[39m }
 [90m 131 |[39m 
[90m/* math */[39m
 [90m 132 |[39m [3
3m@[39mfont[33m-[3
9mface {[0m

Import map: Resolved 
by import map


Import trace:
  Server Component:
    [next]/internal/f
ont/google/roboto_206
2c160.module.css
    [next]/internal/f
ont/google/roboto_206
2c160.js
    ./privlink/src/li
b/fonts.ts
    ./privlink/src/ap
p/layout.tsx

https://nextjs.org/do
cs/messages/module-no
t-found


[next]/internal/font/
google/roboto_2062c16
0.module.css:139:9
Module not found: 
Can't resolve '@verce
l/turbopack-next/inte
rnal/font/google/font
'
[0m [90m 137 
|[39m   font[33m-[
39mdisplay[33m:[39m
 swap[33m;[39m
 [90m 138 |[39m   
src[33m:[39m url([
33m@[39mvercel[33m/
[39mturbopack[33m-
[39mnext[33m/[39min
ternal[33m/[39mfont
[33m/[39mgoogle[35
m/font?{%22url%22:%22
https:/[39m[33m/[3
9mfonts[33m.[39mgst
atic[33m.[39mcom[3
3m/[39ms[33m/[39mr
oboto[33m/[39mv50[
33m/[39m[33mKFO7Cnq
Eu92Fr1ME7kSn66aGLdTy
lUAMawCUBHMdazTgWw[3
9m[33m.[39mwoff2[3
3m%[39m[35m22[39m
[33m,[39m[33m%[39m
[35m22[39mpreload[
33m%[39m[35m22[39m
[33m:[39m[36mfalse
[39m[33m,[39m[33m
%[39m[35m22[39mhas
_size_adjust[33m%[3
9m[35m22[39m[33m:
[39m[36mtrue[39m}) 
format([32m'woff2'[
39m)[33m;[39m
[31m[1m>[22m[39m
[90m 139 |[39m   uni
code[33m-[39mrange
[33m:[39m [33mU[39
m[33m+[39m[35m0302
[39m[33m-[39m[35m
0303[39m[33m,[39m 
[33mU[39m[33m+[39
m[35m0305[39m[33m,
[39m [33mU[39m[33
m+[39m[35m0307[39m
[33m-[39m[35m0308
[39m[33m,[39m [33m
U[39m[33m+[39m[35
m0310[39m[33m,[39m
 [33mU[39m[33m+[3
9m[35m0312[39m[33m
,[39m [33mU[39m[3
3m+[39m[35m0315[39
m[33m,[39m [33mU[
39m[33m+[39m[35m03
1[39m[33mA[39m[33
m,[39m [33mU[39m[
33m+[39m[35m0326[3
9m[33m-[39m[35m032
7[39m[33m,[39m [3
3mU[39m[33m+[39m[
35m032[39m[33mC[39
m[33m,[39m [33mU[
39m[33m+[39m[35m03
2[39m[33mF[39m[33
m-[39m[35m0330[39m
[33m,[39m [33mU[3
9m[33m+[39m[35m033
2[39m[33m-[39m[35
m0333[39m[33m,[39m
 [33mU[39m[33m+[3
9m[35m0338[39m[33m
,[39m [33mU[39m[3
3m+[39m[35m033[39m
[33mA[39m[33m,[39
m [33mU[39m[33m+[
39m[35m0346[39m[33
m,[39m [33mU[39m[
33m+[39m[35m034[39
m[33mD[39m[33m,[3
9m [33mU[39m[33m+
[39m[35m0391[39m[3
3m-[39m[35m03[39m
[33mA1[39m[33m,[39
m [33mU[39m[33m+[
39m[35m03[39m[33mA
3[39m[33m-[39m[35
m03[39m[33mA9[39m
[33m,[39m [33mU[39
m[33m+[39m[35m03[
39m[33mB1[39m[33m-
[39m[35m03[39m[33
mC9[39m[33m,[39m 
[33mU[39m[33m+[39m
[35m03[39m[33mD1[
39m[33m,[39m [33mU
[39m[33m+[39m[35m
03[39m[33mD5[39m[
33m-[39m[35m03[39m
[33mD6[39m[33m,[3
9m [33mU[39m[33m+
[39m[35m03[39m[33m
F0[39m[33m-[39m[3
5m03[39m[33mF1[39m
[33m,[39m [33mU[3
9m[33m+[39m[35m03
[39m[33mF4[39m[33m
-[39m[35m03[39m[3
3mF5[39m[33m,[39m 
[33mU[39m[33m+[39
m[35m2016[39m[33m-
[39m[35m2017[39m[
33m,[39m [33mU[39m
[33m+[39m[35m2034
[39m[33m-[39m[35m2
038[39m[33m,[39m 
[33mU[39m[33m+[39m
[35m203[39m[33mC[
39m[33m,[39m [33mU
[39m[33m+[39m[35m
2040[39m[33m,[39m 
[33mU[39m[33m+[39
m[35m2043[39m[33m,
[39m [33mU[39m[33
m+[39m[35m2047[39m
[33m,[39m [33mU[3
9m[33m+[39m[35m205
0[39m[33m,[39m [3
3mU[39m[33m+[39m[
35m2057[39m[33m,[3
9m [33mU[39m[33m+
[39m[35m205[39m[33
mF[39m[33m,[39m [
33mU[39m[33m+[39m
[35m2070[39m[33m-[
39m[35m2071[39m[33
m,[39m [33mU[39m[
33m+[39m[35m2074[3
9m[33m-[39m[35m208
[39m[33mE[39m[33m
,[39m [33mU[39m[3
3m+[39m[35m2090[39
m[33m-[39m[35m209
[39m[33mC[39m[33m,
[39m [33mU[39m[33
m+[39m[35m20[39m[
33mD0[39m[33m-[39m
[35m20[39m[33mDC[
39m[33m,[39m [33mU
[39m[33m+[39m[35m
20E1[39m[33m,[39m 
[33mU[39m[33m+[39
m[35m20E5[39m[33m-
[39m[35m20[39m[33
mEF[39m[33m,[39m 
[33mU[39m[33m+[39m
[35m2100[39m[33m-
[39m[35m2112[39m[3
3m,[39m [33mU[39m
[33m+[39m[35m2114[
39m[33m-[39m[35m21
15[39m[33m,[39m [
33mU[39m[33m+[39m
[35m2117[39m[33m-[
39m[35m2121[39m[33
m,[39m [33mU[39m[
33m+[39m[35m2123[3
9m[33m-[39m[35m214
[39m[33mF[39m[33m
,[39m [33mU[39m[3
3m+[39m[35m2190[39
m[33m,[39m [33mU[
39m[33m+[39m[35m21
92[39m[33m,[39m [
33mU[39m[33m+[39m
[35m2194[39m[33m-[
39m[35m21[39m[33mA
E[39m[33m,[39m [3
3mU[39m[33m+[39m[
35m21[39m[33mB0[39
m[33m-[39m[35m21E5
[39m[33m,[39m [33
mU[39m[33m+[39m[3
5m21[39m[33mF1[39m
[33m-[39m[35m21[3
9m[33mF2[39m[33m,
[39m [33mU[39m[33m
+[39m[35m21[39m[3
3mF4[39m[33m-[39m
[35m2211[39m[33m,[
39m [33mU[39m[33m+
[39m[35m2213[39m[
33m-[39m[35m2214[3
9m[33m,[39m [33mU
[39m[33m+[39m[35m2
216[39m[33m-[39m[
35m22[39m[33mFF[39
m[33m,[39m [33mU[
39m[33m+[39m[35m23
08[39m[33m-[39m[3
5m230[39m[33mB[39m
[33m,[39m [33mU[3
9m[33m+[39m[35m231
0[39m[33m,[39m [3
3mU[39m[33m+[39m[
35m2319[39m[33m,[3
9m [33mU[39m[33m+
[39m[35m231[39m[33
mC[39m[33m-[39m[3
5m2321[39m[33m,[39
m [33mU[39m[33m+[
39m[35m2336[39m[33
m-[39m[35m237[39m
[33mA[39m[33m,[39m
 [33mU[39m[33m+[3
9m[35m237[39m[33mC
[39m[33m,[39m [33
mU[39m[33m+[39m[3
5m2395[39m[33m,[39
m [33mU[39m[33m+[
39m[35m239[39m[33m
B[39m[33m-[39m[35
m23[39m[33mB7[39m
[33m,[39m [33mU[39
m[33m+[39m[35m23[
39m[33mD0[39m[33m,
[39m [33mU[39m[33
m+[39m[35m23[39m[
33mDC[39m[33m-[39m
[35m23E1[39m[33m,
[39m [33mU[39m[33m
+[39m[35m2474[39m
[33m-[39m[35m2475[
39m[33m,[39m [33mU
[39m[33m+[39m[35m
25[39m[33mAF[39m[
33m,[39m [33mU[39m
[33m+[39m[35m25[3
9m[33mB3[39m[33m,
[39m [33mU[39m[33m
+[39m[35m25[39m[3
3mB7[39m[33m,[39m 
[33mU[39m[33m+[39
m[35m25[39m[33mBD
[39m[33m,[39m [33m
U[39m[33m+[39m[35
m25[39m[33mC1[39m
[33m,[39m [33mU[39
m[33m+[39m[35m25[
39m[33mCA[39m[33m,
[39m [33mU[39m[33
m+[39m[35m25[39m[
33mCC[39m[33m,[39m
 [33mU[39m[33m+[3
9m[35m25[39m[33mFB
[39m[33m,[39m [33
mU[39m[33m+[39m[3
5m266[39m[33mD[39m
[33m-[39m[35m266[
39m[33mF[39m[33m,
[39m [33mU[39m[33m
+[39m[35m27[39m[3
3mC0[39m[33m-[39m
[35m27[39m[33mFF[3
9m[33m,[39m [33mU
[39m[33m+[39m[35m2
900[39m[33m-[39m[
35m2[39m[33mAFF[39
m[33m,[39m [33mU[
39m[33m+[39m[35m2
[39m[33mB0E[39m[33
m-[39m[35m2[39m[3
3mB11[39m[33m,[39m
 [33mU[39m[33m+[3
9m[35m2[39m[33mB30
[39m[33m-[39m[35m
2[39m[33mB4C[39m[
33m,[39m [33mU[39m
[33m+[39m[35m2[39
m[33mBFE[39m[33m,
[39m [33mU[39m[33m
+[39m[35m3030[39m
[33m,[39m [33mU[39
m[33m+[39m[33mFF5B
[39m[33m,[39m [33
mU[39m[33m+[39m[3
3mFF5D[39m[33m,[39
m [33mU[39m[33m+[
39m[35m1[39m[33mD4
00[39m[33m-[39m[3
5m1[39m[33mD7FF[39
m[33m,[39m [33mU[
39m[33m+[39m[35m1
[39m[33mEE00[39m[3
3m-[39m[35m1[39m[
33mEEFF[39m[33m;[3
9m
 [90m     |[39m    
     
[31m[1m^[22m[39m
 [90m 140 |[39m }
 [90m 141 |[39m 
[90m/* symbols 
*/[39m
 [90m 142 |[39m [3
3m@[39mfont[33m-[3
9mface {[0m

Import map: Resolved 
by import map


Import trace:
  Server Component:
    [next]/internal/f
ont/google/roboto_206
2c160.module.css
    [next]/internal/f
ont/google/roboto_206
2c160.js
    ./privlink/src/li
b/fonts.ts
    ./privlink/src/ap
p/layout.tsx

https://nextjs.org/do
cs/messages/module-no
t-found


[next]/internal/font/
google/roboto_2062c16
0.module.css:149:9
Module not found: 
Can't resolve '@verce
l/turbopack-next/inte
rnal/font/google/font
'
[0m [90m 147 
|[39m   font[33m-[
39mdisplay[33m:[39m
 swap[33m;[39m
 [90m 148 |[39m   
src[33m:[39m url([
33m@[39mvercel[33m/
[39mturbopack[33m-
[39mnext[33m/[39min
ternal[33m/[39mfont
[33m/[39mgoogle[35
m/font?{%22url%22:%22
https:/[39m[33m/[3
9mfonts[33m.[39mgst
atic[33m.[39mcom[3
3m/[39ms[33m/[39mr
oboto[33m/[39mv50[
33m/[39m[33mKFO7Cnq
Eu92Fr1ME7kSn66aGLdTy
lUAMaxKUBHMdazTgWw[3
9m[33m.[39mwoff2[3
3m%[39m[35m22[39m
[33m,[39m[33m%[39m
[35m22[39mpreload[
33m%[39m[35m22[39m
[33m:[39m[36mfalse
[39m[33m,[39m[33m
%[39m[35m22[39mhas
_size_adjust[33m%[3
9m[35m22[39m[33m:
[39m[36mtrue[39m}) 
format([32m'woff2'[
39m)[33m;[39m
[31m[1m>[22m[39m
[90m 149 |[39m   uni
code[33m-[39mrange
[33m:[39m [33mU[39
m[33m+[39m[35m0001
[39m[33m-[39m[35m
000[39m[33mC[39m[
33m,[39m [33mU[39m
[33m+[39m[35m000E-
001[39m[33mF[39m[
33m,[39m [33mU[39m
[33m+[39m[35m007[
39m[33mF[39m[33m-
[39m[35m009[39m[33
mF[39m[33m,[39m [
33mU[39m[33m+[39m
[35m20[39m[33mDD[3
9m[33m-[39m[35m20E
0[39m[33m,[39m [3
3mU[39m[33m+[39m[
35m20E2[39m[33m-[3
9m[35m20E4[39m[33m
,[39m [33mU[39m[3
3m+[39m[35m2150[39
m[33m-[39m[35m218
[39m[33mF[39m[33m,
[39m [33mU[39m[33
m+[39m[35m2190[39m
[33m,[39m [33mU[3
9m[33m+[39m[35m219
2[39m[33m,[39m [3
3mU[39m[33m+[39m[
35m2194[39m[33m-[3
9m[35m2199[39m[33m
,[39m [33mU[39m[3
3m+[39m[35m21[39m
[33mAF[39m[33m,[39
m [33mU[39m[33m+[
39m[35m21E6[39m[33
m-[39m[35m21[39m[
33mF0[39m[33m,[39m
 [33mU[39m[33m+[3
9m[35m21[39m[33mF3
[39m[33m,[39m [33
mU[39m[33m+[39m[3
5m2218[39m[33m-[39
m[35m2219[39m[33m,
[39m [33mU[39m[33
m+[39m[35m2299[39m
[33m,[39m [33mU[3
9m[33m+[39m[35m22
[39m[33mC4[39m[33m
-[39m[35m22[39m[3
3mC6[39m[33m,[39m 
[33mU[39m[33m+[39
m[35m2300[39m[33m-
[39m[35m243[39m[3
3mF[39m[33m,[39m 
[33mU[39m[33m+[39m
[35m2440[39m[33m-
[39m[35m244[39m[33
mA[39m[33m,[39m [
33mU[39m[33m+[39m
[35m2460[39m[33m-[
39m[35m24[39m[33mF
F[39m[33m,[39m [3
3mU[39m[33m+[39m[
35m25[39m[33mA0[39
m[33m-[39m[35m27[
39m[33mBF[39m[33m,
[39m [33mU[39m[33
m+[39m[35m2800[39m
[33m-[39m[35m28[3
9m[33mFF[39m[33m,
[39m [33mU[39m[33m
+[39m[35m2921[39m
[33m-[39m[35m2922[
39m[33m,[39m [33mU
[39m[33m+[39m[35m
2981[39m[33m,[39m 
[33mU[39m[33m+[39
m[35m29[39m[33mBF
[39m[33m,[39m [33m
U[39m[33m+[39m[35
m29[39m[33mEB[39m
[33m,[39m [33mU[39
m[33m+[39m[35m2[3
9m[33mB00[39m[33m-
[39m[35m2[39m[33m
BFF[39m[33m,[39m 
[33mU[39m[33m+[39m
[35m4[39m[33mDC0[
39m[33m-[39m[35m4
[39m[33mDFF[39m[33
m,[39m [33mU[39m[
33m+[39m[33mFFF9[3
9m[33m-[39m[33mFFF
B[39m[33m,[39m [3
3mU[39m[33m+[39m[
35m10140[39m[33m-[
39m[35m1018[39m[33
mE[39m[33m,[39m [
33mU[39m[33m+[39m
[35m10190[39m[33m-
[39m[35m1019[39m[3
3mC[39m[33m,[39m 
[33mU[39m[33m+[39m
[35m101[39m[33mA0
[39m[33m,[39m [33m
U[39m[33m+[39m[35
m101[39m[33mD0[39m
[33m-[39m[35m101[
39m[33mFD[39m[33m,
[39m [33mU[39m[33
m+[39m[35m102E0[39
m[33m-[39m[35m102
[39m[33mFB[39m[33m
,[39m [33mU[39m[3
3m+[39m[35m10E60[3
9m[33m-[39m[35m10E
7[39m[33mE[39m[33
m,[39m [33mU[39m[
33m+[39m[35m1[39m
[33mD2C0[39m[33m-[
39m[35m1[39m[33mD2
D3[39m[33m,[39m [
33mU[39m[33m+[39m
[35m1[39m[33mD2E0[
39m[33m-[39m[35m1
[39m[33mD37F[39m[3
3m,[39m [33mU[39m
[33m+[39m[35m1[39m
[33mF000[39m[33m-
[39m[35m1[39m[33mF
0FF[39m[33m,[39m 
[33mU[39m[33m+[39m
[35m1[39m[33mF100
[39m[33m-[39m[35m1
[39m[33mF1AD[39m[
33m,[39m [33mU[39m
[33m+[39m[35m1[39
m[33mF1E6[39m[33m-
[39m[35m1[39m[33m
F1FF[39m[33m,[39m 
[33mU[39m[33m+[39
m[35m1[39m[33mF30D
[39m[33m-[39m[35m
1[39m[33mF30F[39m
[33m,[39m [33mU[39
m[33m+[39m[35m1[3
9m[33mF315[39m[33m
,[39m [33mU[39m[3
3m+[39m[35m1[39m[
33mF31C[39m[33m,[3
9m [33mU[39m[33m+
[39m[35m1[39m[33mF
31E[39m[33m,[39m 
[33mU[39m[33m+[39m
[35m1[39m[33mF320
[39m[33m-[39m[35m1
[39m[33mF32C[39m[
33m,[39m [33mU[39m
[33m+[39m[35m1[39
m[33mF336[39m[33m,
[39m [33mU[39m[33
m+[39m[35m1[39m[3
3mF378[39m[33m,[39
m [33mU[39m[33m+[
39m[35m1[39m[33mF3
7D[39m[33m,[39m [
33mU[39m[33m+[39m
[35m1[39m[33mF382[
39m[33m,[39m [33mU
[39m[33m+[39m[35m
1[39m[33mF393[39m
[33m-[39m[35m1[39m
[33mF39F[39m[33m,
[39m [33mU[39m[33m
+[39m[35m1[39m[33
mF3A7[39m[33m-[39m
[35m1[39m[33mF3A8
[39m[33m,[39m [33m
U[39m[33m+[39m[35
m1[39m[33mF3AC[39m
[33m-[39m[35m1[39
m[33mF3AF[39m[33m,
[39m [33mU[39m[33
m+[39m[35m1[39m[3
3mF3C2[39m[33m,[39
m [33mU[39m[33m+[
39m[35m1[39m[33mF3
C4[39m[33m-[39m[3
5m1[39m[33mF3C6[39
m[33m,[39m [33mU[
39m[33m+[39m[35m1
[39m[33mF3CA[39m[3
3m-[39m[35m1[39m[
33mF3CE[39m[33m,[3
9m [33mU[39m[33m+
[39m[35m1[39m[33mF
3D4[39m[33m-[39m[
35m1[39m[33mF3E0[3
9m[33m,[39m [33mU
[39m[33m+[39m[35m1
[39m[33mF3ED[39m[
33m,[39m [33mU[39m
[33m+[39m[35m1[39
m[33mF3F1[39m[33m-
[39m[35m1[39m[33m
F3F3[39m[33m,[39m 
[33mU[39m[33m+[39
m[35m1[39m[33mF3F5
[39m[33m-[39m[35m
1[39m[33mF3F7[39m
[33m,[39m [33mU[39
m[33m+[39m[35m1[3
9m[33mF408[39m[33m
,[39m [33mU[39m[3
3m+[39m[35m1[39m[
33mF415[39m[33m,[3
9m [33mU[39m[33m+
[39m[35m1[39m[33mF
41F[39m[33m,[39m 
[33mU[39m[33m+[39m
[35m1[39m[33mF426
[39m[33m,[39m [33m
U[39m[33m+[39m[35
m1[39m[33mF43F[39m
[33m,[39m [33mU[3
9m[33m+[39m[35m1[
39m[33mF441[39m[33
m-[39m[35m1[39m[3
3mF442[39m[33m,[39
m [33mU[39m[33m+[
39m[35m1[39m[33mF4
44[39m[33m,[39m [
33mU[39m[33m+[39m
[35m1[39m[33mF446[
39m[33m-[39m[35m1
[39m[33mF449[39m[3
3m,[39m [33mU[39m
[33m+[39m[35m1[39m
[33mF44C[39m[33m-
[39m[35m1[39m[33mF
44E[39m[33m,[39m 
[33mU[39m[33m+[39m
[35m1[39m[33mF453
[39m[33m,[39m [33m
U[39m[33m+[39m[35
m1[39m[33mF46A[39m
[33m,[39m [33mU[3
9m[33m+[39m[35m1[
39m[33mF47D[39m[33
m,[39m [33mU[39m[
33m+[39m[35m1[39m
[33mF4A3[39m[33m,[
39m [33mU[39m[33m+
[39m[35m1[39m[33m
F4B0[39m[33m,[39m 
[33mU[39m[33m+[39
m[35m1[39m[33mF4B3
[39m[33m,[39m [33
mU[39m[33m+[39m[3
5m1[39m[33mF4B9[39
m[33m,[39m [33mU[
39m[33m+[39m[35m1
[39m[33mF4BB[39m[3
3m,[39m [33mU[39m
[33m+[39m[35m1[39m
[33mF4BF[39m[33m,
[39m [33mU[39m[33m
+[39m[35m1[39m[33
mF4C8[39m[33m-[39m
[35m1[39m[33mF4CB
[39m[33m,[39m [33m
U[39m[33m+[39m[35
m1[39m[33mF4D6[39m
[33m,[39m [33mU[3
9m[33m+[39m[35m1[
39m[33mF4DA[39m[33
m,[39m [33mU[39m[
33m+[39m[35m1[39m
[33mF4DF[39m[33m,[
39m [33mU[39m[33m+
[39m[35m1[39m[33m
F4E3[39m[33m-[39m
[35m1[39m[33mF4E6[
39m[33m,[39m [33mU
[39m[33m+[39m[35m
1[39m[33mF4EA[39m
[33m-[39m[35m1[39m
[33mF4ED[39m[33m,
[39m [33mU[39m[33m
+[39m[35m1[39m[33
mF4F7[39m[33m,[39m
 [33mU[39m[33m+[3
9m[35m1[39m[33mF4F
9[39m[33m-[39m[35
m1[39m[33mF4FB[39m
[33m,[39m [33mU[3
9m[33m+[39m[35m1[
39m[33mF4FD[39m[33
m-[39m[35m1[39m[3
3mF4FE[39m[33m,[39
m [33mU[39m[33m+[
39m[35m1[39m[33mF5
03[39m[33m,[39m [
33mU[39m[33m+[39m
[35m1[39m[33mF507[
39m[33m-[39m[35m1
[39m[33mF50B[39m[3
3m,[39m [33mU[39m
[33m+[39m[35m1[39m
[33mF50D[39m[33m,
[39m [33mU[39m[33m
+[39m[35m1[39m[33
mF512[39m[33m-[39m
[35m1[39m[33mF513
[39m[33m,[39m [33m
U[39m[33m+[39m[35
m1[39m[33mF53E[39m
[33m-[39m[35m1[39
m[33mF54A[39m[33m,
[39m [33mU[39m[33
m+[39m[35m1[39m[3
3mF54F[39m[33m-[39
m[35m1[39m[33mF5FA
[39m[33m,[39m [33
mU[39m[33m+[39m[3
5m1[39m[33mF610[39
m[33m,[39m [33mU[
39m[33m+[39m[35m1
[39m[33mF650[39m[3
3m-[39m[35m1[39m[
33mF67F[39m[33m,[3
9m [33mU[39m[33m+
[39m[35m1[39m[33mF
687[39m[33m,[39m 
[33mU[39m[33m+[39m
[35m1[39m[33mF68D
[39m[33m,[39m [33m
U[39m[33m+[39m[35
m1[39m[33mF691[39m
[33m,[39m [33mU[3
9m[33m+[39m[35m1[
39m[33mF694[39m[33
m,[39m [33mU[39m[
33m+[39m[35m1[39m
[33mF698[39m[33m,[
39m [33mU[39m[33m+
[39m[35m1[39m[33m
F6AD[39m[33m,[39m 
[33mU[39m[33m+[39
m[35m1[39m[33mF6B2
[39m[33m,[39m [33
mU[39m[33m+[39m[3
5m1[39m[33mF6B9[39
m[33m-[39m[35m1[3
9m[33mF6BA[39m[33m
,[39m [33mU[39m[3
3m+[39m[35m1[39m[
33mF6BC[39m[33m,[3
9m [33mU[39m[33m+
[39m[35m1[39m[33mF
6C6[39m[33m-[39m[
35m1[39m[33mF6CF[3
9m[33m,[39m [33mU
[39m[33m+[39m[35m1
[39m[33mF6D3[39m[
33m-[39m[35m1[39m
[33mF6D7[39m[33m,[
39m [33mU[39m[33m+
[39m[35m1[39m[33m
F6E0[39m[33m-[39m
[35m1[39m[33mF6EA[
39m[33m,[39m [33mU
[39m[33m+[39m[35m
1[39m[33mF6F0[39m
[33m-[39m[35m1[39m
[33mF6F3[39m[33m,
[39m [33mU[39m[33m
+[39m[35m1[39m[33
mF6F7[39m[33m-[39m
[35m1[39m[33mF6FC
[39m[33m,[39m [33m
U[39m[33m+[39m[35
m1[39m[33mF700[39m
[33m-[39m[35m1[39
m[33mF7FF[39m[33m,
[39m [33mU[39m[33
m+[39m[35m1[39m[3
3mF800[39m[33m-[39
m[35m1[39m[33mF80B
[39m[33m,[39m [33
mU[39m[33m+[39m[3
5m1[39m[33mF810[39
m[33m-[39m[35m1[3
9m[33mF847[39m[33m
,[39m [33mU[39m[3
3m+[39m[35m1[39m[
33mF850[39m[33m-[3
9m[35m1[39m[33mF85
9[39m[33m,[39m [3
3mU[39m[33m+[39m[
35m1[39m[33mF860[3
9m[33m-[39m[35m1[
39m[33mF887[39m[33
m,[39m [33mU[39m[
33m+[39m[35m1[39m
[33mF890[39m[33m-[
39m[35m1[39m[33mF8
AD[39m[33m,[39m [
33mU[39m[33m+[39m
[35m1[39m[33mF8B0[
39m[33m-[39m[35m1
[39m[33mF8BB[39m[3
3m,[39m [33mU[39m
[33m+[39m[35m1[39m
[33mF8C0[39m[33m-
[39m[35m1[39m[33mF
8C1[39m[33m,[39m 
[33mU[39m[33m+[39m
[35m1[39m[33mF900
[39m[33m-[39m[35m1
[39m[33mF90B[39m[
33m,[39m [33mU[39m
[33m+[39m[35m1[39
m[33mF93B[39m[33m,
[39m [33mU[39m[33
m+[39m[35m1[39m[3
3mF946[39m[33m,[39
m [33mU[39m[33m+[
39m[35m1[39m[33mF9
84[39m[33m,[39m [
33mU[39m[33m+[39m
[35m1[39m[33mF996[
39m[33m,[39m [33mU
[39m[33m+[39m[35m
1[39m[33mF9E9[39m
[33m,[39m [33mU[39
m[33m+[39m[35m1[3
9m[33mFA00[39m[33m
-[39m[35m1[39m[33
mFA6F[39m[33m,[39m
 [33mU[39m[33m+[3
9m[35m1[39m[33mFA7
0[39m[33m-[39m[35
m1[39m[33mFA7C[39m
[33m,[39m [33mU[3
9m[33m+[39m[35m1[
39m[33mFA80[39m[33
m-[39m[35m1[39m[3
3mFA89[39m[33m,[39
m [33mU[39m[33m+[
39m[35m1[39m[33mFA
8F[39m[33m-[39m[3
5m1[39m[33mFAC6[39
m[33m,[39m [33mU[
39m[33m+[39m[35m1
[39m[33mFACE[39m[3
3m-[39m[35m1[39m[
33mFADC[39m[33m,[3
9m [33mU[39m[33m+
[39m[35m1[39m[33mF
ADF[39m[33m-[39m[
35m1[39m[33mFAE9[3
9m[33m,[39m [33mU
[39m[33m+[39m[35m1
[39m[33mFAF0[39m[
33m-[39m[35m1[39m
[33mFAF8[39m[33m,[
39m [33mU[39m[33m+
[39m[35m1[39m[33m
FB00[39m[33m-[39m
[35m1[39m[33mFBFF[
39m[33m;[39m
 [90m     |[39m    
     
[31m[1m^[22m[39m
 [90m 150 |[39m }
 [90m 151 |[39m 
[90m/* vietnamese 
*/[39m
 [90m 152 |[39m [3
3m@[39mfont[33m-[3
9mface {[0m

Import map: Resolved 
by import map


Import trace:
  Server Component:
    [next]/internal/f
ont/google/roboto_206
2c160.module.css
    [next]/internal/f
ont/google/roboto_206
2c160.js
    ./privlink/src/li
b/fonts.ts
    ./privlink/src/ap
p/layout.tsx

https://nextjs.org/do
cs/messages/module-no
t-found


[next]/internal/font/
google/roboto_2062c16
0.module.css:159:9
Module not found: 
Can't resolve '@verce
l/turbopack-next/inte
rnal/font/google/font
'
[0m [90m 157 
|[39m   font[33m-[
39mdisplay[33m:[39m
 swap[33m;[39m
 [90m 158 |[39m   
src[33m:[39m url([
33m@[39mvercel[33m/
[39mturbopack[33m-
[39mnext[33m/[39min
ternal[33m/[39mfont
[33m/[39mgoogle[35
m/font?{%22url%22:%22
https:/[39m[33m/[3
9mfonts[33m.[39mgst
atic[33m.[39mcom[3
3m/[39ms[33m/[39mr
oboto[33m/[39mv50[
33m/[39m[33mKFO7Cnq
Eu92Fr1ME7kSn66aGLdTy
lUAMa3OUBHMdazTgWw[3
9m[33m.[39mwoff2[3
3m%[39m[35m22[39m
[33m,[39m[33m%[39m
[35m22[39mpreload[
33m%[39m[35m22[39m
[33m:[39m[36mfalse
[39m[33m,[39m[33m
%[39m[35m22[39mhas
_size_adjust[33m%[3
9m[35m22[39m[33m:
[39m[36mtrue[39m}) 
format([32m'woff2'[
39m)[33m;[39m
[31m[1m>[22m[39m
[90m 159 |[39m   uni
code[33m-[39mrange
[33m:[39m [33mU[39
m[33m+[39m[35m0102
[39m[33m-[39m[35m
0103[39m[33m,[39m 
[33mU[39m[33m+[39
m[35m0110[39m[33m-
[39m[35m0111[39m[
33m,[39m [33mU[39m
[33m+[39m[35m0128
[39m[33m-[39m[35m0
129[39m[33m,[39m 
[33mU[39m[33m+[39m
[35m0168[39m[33m-
[39m[35m0169[39m[3
3m,[39m [33mU[39m
[33m+[39m[35m01[39
m[33mA0[39m[33m-[
39m[35m01[39m[33mA
1[39m[33m,[39m [3
3mU[39m[33m+[39m[
35m01[39m[33mAF[39
m[33m-[39m[35m01[
39m[33mB0[39m[33m,
[39m [33mU[39m[33
m+[39m[35m0300[39m
[33m-[39m[35m0301
[39m[33m,[39m [33m
U[39m[33m+[39m[35
m0303[39m[33m-[39m
[35m0304[39m[33m,
[39m [33mU[39m[33m
+[39m[35m0308[39m
[33m-[39m[35m0309[
39m[33m,[39m [33mU
[39m[33m+[39m[35m
0323[39m[33m,[39m 
[33mU[39m[33m+[39
m[35m0329[39m[33m,
[39m [33mU[39m[33
m+[39m[35m1[39m[3
3mEA0[39m[33m-[39m
[35m1[39m[33mEF9[
39m[33m,[39m [33mU
[39m[33m+[39m[35m
20[39m[33mAB[39m[
33m;[39m
 [90m     |[39m    
     
[31m[1m^[22m[39m
 [90m 160 |[39m }
 [90m 161 |[39m 
[90m/* latin-ext 
*/[39m
 [90m 162 |[39m [3
3m@[39mfont[33m-[3
9mface {[0m

Import map: Resolved 
by import map


Import trace:
  Server Component:
    [next]/internal/f
ont/google/roboto_206
2c160.module.css
    [next]/internal/f
ont/google/roboto_206
2c160.js
    ./privlink/src/li
b/fonts.ts
    ./privlink/src/ap
p/layout.tsx

https://nextjs.org/do
cs/messages/module-no
t-found


[next]/internal/font/
google/roboto_2062c16
0.module.css:169:9
Module not found: 
Can't resolve '@verce
l/turbopack-next/inte
rnal/font/google/font
'
[0m [90m 167 
|[39m   font[33m-[
39mdisplay[33m:[39m
 swap[33m;[39m
 [90m 168 |[39m   
src[33m:[39m url([
33m@[39mvercel[33m/
[39mturbopack[33m-
[39mnext[33m/[39min
ternal[33m/[39mfont
[33m/[39mgoogle[35
m/font?{%22url%22:%22
https:/[39m[33m/[3
9mfonts[33m.[39mgst
atic[33m.[39mcom[3
3m/[39ms[33m/[39mr
oboto[33m/[39mv50[
33m/[39m[33mKFO7Cnq
Eu92Fr1ME7kSn66aGLdTy
lUAMa3KUBHMdazTgWw[3
9m[33m.[39mwoff2[3
3m%[39m[35m22[39m
[33m,[39m[33m%[39m
[35m22[39mpreload[
33m%[39m[35m22[39m
[33m:[39m[36mfalse
[39m[33m,[39m[33m
%[39m[35m22[39mhas
_size_adjust[33m%[3
9m[35m22[39m[33m:
[39m[36mtrue[39m}) 
format([32m'woff2'[
39m)[33m;[39m
[31m[1m>[22m[39m
[90m 169 |[39m   uni
code[33m-[39mrange
[33m:[39m [33mU[39
m[33m+[39m[35m0100
[39m[33m-[39m[35m
02[39m[33mBA[39m[
33m,[39m [33mU[39m
[33m+[39m[35m02[3
9m[33mBD[39m[33m-
[39m[35m02[39m[33m
C5[39m[33m,[39m [
33mU[39m[33m+[39m
[35m02[39m[33mC7[3
9m[33m-[39m[35m02
[39m[33mCC[39m[33m
,[39m [33mU[39m[3
3m+[39m[35m02[39m
[33mCE[39m[33m-[39
m[35m02[39m[33mD7
[39m[33m,[39m [33m
U[39m[33m+[39m[35
m02[39m[33mDD[39m
[33m-[39m[35m02[39
m[33mFF[39m[33m,[
39m [33mU[39m[33m+
[39m[35m0304[39m[
33m,[39m [33mU[39m
[33m+[39m[35m0308
[39m[33m,[39m [33m
U[39m[33m+[39m[35
m0329[39m[33m,[39m
 [33mU[39m[33m+[3
9m[35m1[39m[33mD00
[39m[33m-[39m[35m
1[39m[33mDBF[39m[
33m,[39m [33mU[39m
[33m+[39m[35m1E00
[39m[33m-[39m[35m1
E9[39m[33mF[39m[3
3m,[39m [33mU[39m
[33m+[39m[35m1[39m
[33mEF2[39m[33m-[
39m[35m1[39m[33mEF
F[39m[33m,[39m [3
3mU[39m[33m+[39m[
35m2020[39m[33m,[3
9m [33mU[39m[33m+
[39m[35m20[39m[33m
A0[39m[33m-[39m[3
5m20[39m[33mAB[39m
[33m,[39m [33mU[3
9m[33m+[39m[35m20
[39m[33mAD[39m[33m
-[39m[35m20[39m[3
3mC0[39m[33m,[39m 
[33mU[39m[33m+[39
m[35m2113[39m[33m,
[39m [33mU[39m[33
m+[39m[35m2[39m[3
3mC60[39m[33m-[39m
[35m2[39m[33mC7F[
39m[33m,[39m [33mU
[39m[33m+[39m[33m
A720[39m[33m-[39m
[33mA7FF[39m[33m;[
39m
 [90m     |[39m    
     
[31m[1m^[22m[39m
 [90m 170 |[39m }
 [90m 171 |[39m 
[90m/* latin */[39m
 [90m 172 |[39m [3
3m@[39mfont[33m-[3
9mface {[0m

Import map: Resolved 
by import map


Import trace:
  Server Component:
    [next]/internal/f
ont/google/roboto_206
2c160.module.css
    [next]/internal/f
ont/google/roboto_206
2c160.js
    ./privlink/src/li
b/fonts.ts
    ./privlink/src/ap
p/layout.tsx

https://nextjs.org/do
cs/messages/module-no
t-found


[next]/internal/font/
google/roboto_2062c16
0.module.css:179:9
Module not found: 
Can't resolve '@verce
l/turbopack-next/inte
rnal/font/google/font
'
[0m [90m 177 
|[39m   font[33m-[
39mdisplay[33m:[39m
 swap[33m;[39m
 [90m 178 |[39m   
src[33m:[39m url([
33m@[39mvercel[33m/
[39mturbopack[33m-
[39mnext[33m/[39min
ternal[33m/[39mfont
[33m/[39mgoogle[35
m/font?{%22url%22:%22
https:/[39m[33m/[3
9mfonts[33m.[39mgst
atic[33m.[39mcom[3
3m/[39ms[33m/[39mr
oboto[33m/[39mv50[
33m/[39m[33mKFO7Cnq
Eu92Fr1ME7kSn66aGLdTy
lUAMa3yUBHMdazQ[39m
[33m.[39mwoff2[33m%
[39m[35m22[39m[33
m,[39m[33m%[39m[3
5m22[39mpreload[33m
%[39m[35m22[39m[3
3m:[39m[36mtrue[39
m[33m,[39m[33m%[3
9m[35m22[39mhas_siz
e_adjust[33m%[39m[
35m22[39m[33m:[39m
[36mtrue[39m}) form
at([32m'woff2'[39m)
[33m;[39m
[31m[1m>[22m[39m
[90m 179 |[39m   uni
code[33m-[39mrange
[33m:[39m [33mU[39
m[33m+[39m[35m0000
[39m[33m-[39m[35m
00[39m[33mFF[39m[
33m,[39m [33mU[39m
[33m+[39m[35m0131
[39m[33m,[39m [33m
U[39m[33m+[39m[35
m0152[39m[33m-[39m
[35m0153[39m[33m,
[39m [33mU[39m[33m
+[39m[35m02[39m[3
3mBB[39m[33m-[39m
[35m02[39m[33mBC[3
9m[33m,[39m [33mU
[39m[33m+[39m[35m0
2[39m[33mC6[39m[3
3m,[39m [33mU[39m
[33m+[39m[35m02[39
m[33mDA[39m[33m,[
39m [33mU[39m[33m+
[39m[35m02[39m[33
mDC[39m[33m,[39m 
[33mU[39m[33m+[39m
[35m0304[39m[33m,
[39m [33mU[39m[33m
+[39m[35m0308[39m
[33m,[39m [33mU[39
m[33m+[39m[35m0329
[39m[33m,[39m [33
mU[39m[33m+[39m[3
5m2000[39m[33m-[39
m[35m206[39m[33mF
[39m[33m,[39m [33m
U[39m[33m+[39m[35
m20[39m[33mAC[39m
[33m,[39m [33mU[39
m[33m+[39m[35m2122
[39m[33m,[39m [33
mU[39m[33m+[39m[3
5m2191[39m[33m,[39
m [33mU[39m[33m+[
39m[35m2193[39m[33
m,[39m [33mU[39m[
33m+[39m[35m2212[3
9m[33m,[39m [33mU
[39m[33m+[39m[35m2
215[39m[33m,[39m 
[33mU[39m[33m+[39m
[33mFEFF[39m[33m,
[39m [33mU[39m[33m
+[39m[33mFFFD[39m
[33m;[39m
 [90m     |[39m    
     
[31m[1m^[22m[39m
 [90m 180 |[39m }
 [90m 181 |[39m [3
3m@[39mfont[33m-[3
9mface {
 [90m 182 |[39m    
 font[33m-[39mfamil
y[33m:[39m 
[32m'Roboto Fallback
'[39m[33m;[39m[0m

Import map: Resolved 
by import map


Import trace:
  Server Component:
    [next]/internal/f
ont/google/roboto_206
2c160.module.css
    [next]/internal/f
ont/google/roboto_206
2c160.js
    ./privlink/src/li
b/fonts.ts
    ./privlink/src/ap
p/layout.tsx

https://nextjs.org/do
cs/messages/module-no
t-found


[next]/internal/font/
google/source_code_pr
o_e97eb433.module.css
:8:9
Module not found: 
Can't resolve '@verce
l/turbopack-next/inte
rnal/font/google/font
'
[0m [90m  6 |[39m 
  font[33m-[39mdisp
lay[33m:[39m 
swap[33m;[39m
 [90m  7 |[39m   
src[33m:[39m url([
33m@[39mvercel[33m/
[39mturbopack[33m-
[39mnext[33m/[39min
ternal[33m/[39mfont
[33m/[39mgoogle[35
m/font?{%22url%22:%22
https:/[39m[33m/[3
9mfonts[33m.[39mgst
atic[33m.[39mcom[3
3m/[39ms[33m/[39ms
ourcecodepro[33m/[3
9mv31[33m/[39m[33m
HI_SiYsKILxRpg3hIP6sJ
7fM7PqlMOvWnsUnxlC9[
39m[33m.[39mwoff2[
33m%[39m[35m22[39m
[33m,[39m[33m%[39
m[35m22[39mpreload
[33m%[39m[35m22[39
m[33m:[39m[36mfals
e[39m[33m,[39m[33
m%[39m[35m22[39mha
s_size_adjust[33m%[
39m[35m22[39m[33m:
[39m[36mtrue[39m})
 format([32m'woff2'
[39m)[33m;[39m
[31m[1m>[22m[39m
[90m  8 |[39m   unic
ode[33m-[39mrange[
33m:[39m [33mU[39m
[33m+[39m[35m0460
[39m[33m-[39m[35m0
52[39m[33mF[39m[3
3m,[39m [33mU[39m
[33m+[39m[35m1[39m
[33mC80[39m[33m-[
39m[35m1[39m[33mC8
A[39m[33m,[39m [3
3mU[39m[33m+[39m[
35m20[39m[33mB4[39
m[33m,[39m [33mU[
39m[33m+[39m[35m2
[39m[33mDE0[39m[33
m-[39m[35m2[39m[3
3mDFF[39m[33m,[39m
 [33mU[39m[33m+[3
9m[33mA640[39m[33m
-[39m[33mA69F[39m
[33m,[39m [33mU[39
m[33m+[39m[33mFE2E
[39m[33m-[39m[33m
FE2F[39m[33m;[39m
 [90m    |[39m     
    
[31m[1m^[22m[39m
 [90m  9 |[39m }
 [90m 10 |[39m 
[90m/* cyrillic 
*/[39m
 [90m 11 |[39m [33
m@[39mfont[33m-[39
mface {[0m

Import map: Resolved 
by import map


Import trace:
  Server Component:
    [next]/internal/f
ont/google/source_cod
e_pro_e97eb433.module
.css
    [next]/internal/f
ont/google/source_cod
e_pro_e97eb433.js
    ./privlink/src/li
b/fonts.ts
    ./privlink/src/ap
p/layout.tsx

https://nextjs.org/do
cs/messages/module-no
t-found


[next]/internal/font/
google/source_code_pr
o_e97eb433.module.css
:17:9
Module not found: 
Can't resolve '@verce
l/turbopack-next/inte
rnal/font/google/font
'
[0m [90m 15 |[39m 
  font[33m-[39mdisp
lay[33m:[39m 
swap[33m;[39m
 [90m 16 |[39m   
src[33m:[39m url([
33m@[39mvercel[33m/
[39mturbopack[33m-
[39mnext[33m/[39min
ternal[33m/[39mfont
[33m/[39mgoogle[35
m/font?{%22url%22:%22
https:/[39m[33m/[3
9mfonts[33m.[39mgst
atic[33m.[39mcom[3
3m/[39ms[33m/[39ms
ourcecodepro[33m/[3
9mv31[33m/[39m[33m
HI_SiYsKILxRpg3hIP6sJ
7fM7PqlOevWnsUnxlC9[
39m[33m.[39mwoff2[
33m%[39m[35m22[39m
[33m,[39m[33m%[39
m[35m22[39mpreload
[33m%[39m[35m22[39
m[33m:[39m[36mfals
e[39m[33m,[39m[33
m%[39m[35m22[39mha
s_size_adjust[33m%[
39m[35m22[39m[33m:
[39m[36mtrue[39m})
 format([32m'woff2'
[39m)[33m;[39m
[31m[1m>[22m[39m
[90m 17 |[39m   unic
ode[33m-[39mrange[
33m:[39m [33mU[39m
[33m+[39m[35m0301
[39m[33m,[39m [33m
U[39m[33m+[39m[35
m0400[39m[33m-[39m
[35m045[39m[33mF[
39m[33m,[39m [33mU
[39m[33m+[39m[35m
0490[39m[33m-[39m
[35m0491[39m[33m,[
39m [33mU[39m[33m+
[39m[35m04[39m[33
mB0[39m[33m-[39m[
35m04[39m[33mB1[39
m[33m,[39m [33mU[
39m[33m+[39m[35m21
16[39m[33m;[39m
 [90m    |[39m     
    
[31m[1m^[22m[39m
 [90m 18 |[39m }
 [90m 19 |[39m 
[90m/* greek-ext 
*/[39m
 [90m 20 |[39m [33
m@[39mfont[33m-[39
mface {[0m

Import map: Resolved 
by import map


Import trace:
  Server Component:
    [next]/internal/f
ont/google/source_cod
e_pro_e97eb433.module
.css
    [next]/internal/f
ont/google/source_cod
e_pro_e97eb433.js
    ./privlink/src/li
b/fonts.ts
    ./privlink/src/ap
p/layout.tsx

https://nextjs.org/do
cs/messages/module-no
t-found


[next]/internal/font/
google/source_code_pr
o_e97eb433.module.css
:26:9
Module not found: 
Can't resolve '@verce
l/turbopack-next/inte
rnal/font/google/font
'
[0m [90m 24 |[39m 
  font[33m-[39mdisp
lay[33m:[39m 
swap[33m;[39m
 [90m 25 |[39m   
src[33m:[39m url([
33m@[39mvercel[33m/
[39mturbopack[33m-
[39mnext[33m/[39min
ternal[33m/[39mfont
[33m/[39mgoogle[35
m/font?{%22url%22:%22
https:/[39m[33m/[3
9mfonts[33m.[39mgst
atic[33m.[39mcom[3
3m/[39ms[33m/[39ms
ourcecodepro[33m/[3
9mv31[33m/[39m[33m
HI_SiYsKILxRpg3hIP6sJ
7fM7PqlMevWnsUnxlC9[
39m[33m.[39mwoff2[
33m%[39m[35m22[39m
[33m,[39m[33m%[39
m[35m22[39mpreload
[33m%[39m[35m22[39
m[33m:[39m[36mfals
e[39m[33m,[39m[33
m%[39m[35m22[39mha
s_size_adjust[33m%[
39m[35m22[39m[33m:
[39m[36mtrue[39m})
 format([32m'woff2'
[39m)[33m;[39m
[31m[1m>[22m[39m
[90m 26 |[39m   unic
ode[33m-[39mrange[
33m:[39m [33mU[39m
[33m+[39m[35m1[39
m[33mF00[39m[33m-
[39m[35m1[39m[33mF
FF[39m[33m;[39m
 [90m    |[39m     
    
[31m[1m^[22m[39m
 [90m 27 |[39m }
 [90m 28 |[39m 
[90m/* greek */[39m
 [90m 29 |[39m [33
m@[39mfont[33m-[39
mface {[0m

Import map: Resolved 
by import map


Import trace:
  Server Component:
    [next]/internal/f
ont/google/source_cod
e_pro_e97eb433.module
.css
    [next]/internal/f
ont/google/source_cod
e_pro_e97eb433.js
    ./privlink/src/li
b/fonts.ts
    ./privlink/src/ap
p/layout.tsx

https://nextjs.org/do
cs/messages/module-no
t-found


[next]/internal/font/
google/source_code_pr
o_e97eb433.module.css
:35:9
Module not found: 
Can't resolve '@verce
l/turbopack-next/inte
rnal/font/google/font
'
[0m [90m 33 |[39m 
  font[33m-[39mdisp
lay[33m:[39m 
swap[33m;[39m
 [90m 34 |[39m   
src[33m:[39m url([
33m@[39mvercel[33m/
[39mturbopack[33m-
[39mnext[33m/[39min
ternal[33m/[39mfont
[33m/[39mgoogle[35
m/font?{%22url%22:%22
https:/[39m[33m/[3
9mfonts[33m.[39mgst
atic[33m.[39mcom[3
3m/[39ms[33m/[39ms
ourcecodepro[33m/[3
9mv31[33m/[39m[33m
HI_SiYsKILxRpg3hIP6sJ
7fM7PqlPuvWnsUnxlC9[
39m[33m.[39mwoff2[
33m%[39m[35m22[39m
[33m,[39m[33m%[39
m[35m22[39mpreload
[33m%[39m[35m22[39
m[33m:[39m[36mfals
e[39m[33m,[39m[33
m%[39m[35m22[39mha
s_size_adjust[33m%[
39m[35m22[39m[33m:
[39m[36mtrue[39m})
 format([32m'woff2'
[39m)[33m;[39m
[31m[1m>[22m[39m
[90m 35 |[39m   unic
ode[33m-[39mrange[
33m:[39m [33mU[39m
[33m+[39m[35m0370
[39m[33m-[39m[35m0
377[39m[33m,[39m 
[33mU[39m[33m+[39m
[35m037[39m[33mA[
39m[33m-[39m[35m03
7[39m[33mF[39m[33
m,[39m [33mU[39m[
33m+[39m[35m0384[3
9m[33m-[39m[35m038
[39m[33mA[39m[33m
,[39m [33mU[39m[3
3m+[39m[35m038[39m
[33mC[39m[33m,[39
m [33mU[39m[33m+[
39m[35m038E-03[39m
[33mA1[39m[33m,[39
m [33mU[39m[33m+[
39m[35m03[39m[33mA
3[39m[33m-[39m[35
m03[39m[33mFF[39m
[33m;[39m
 [90m    |[39m     
    
[31m[1m^[22m[39m
 [90m 36 |[39m }
 [90m 37 |[39m 
[90m/* vietnamese 
*/[39m
 [90m 38 |[39m [33
m@[39mfont[33m-[39
mface {[0m

Import map: Resolved 
by import map


Import trace:
  Server Component:
    [next]/internal/f
ont/google/source_cod
e_pro_e97eb433.module
.css
    [next]/internal/f
ont/google/source_cod
e_pro_e97eb433.js
    ./privlink/src/li
b/fonts.ts
    ./privlink/src/ap
p/layout.tsx

https://nextjs.org/do
cs/messages/module-no
t-found


[next]/internal/font/
google/source_code_pr
o_e97eb433.module.css
:44:9
Module not found: 
Can't resolve '@verce
l/turbopack-next/inte
rnal/font/google/font
'
[0m [90m 42 |[39m 
  font[33m-[39mdisp
lay[33m:[39m 
swap[33m;[39m
 [90m 43 |[39m   
src[33m:[39m url([
33m@[39mvercel[33m/
[39mturbopack[33m-
[39mnext[33m/[39min
ternal[33m/[39mfont
[33m/[39mgoogle[35
m/font?{%22url%22:%22
https:/[39m[33m/[3
9mfonts[33m.[39mgst
atic[33m.[39mcom[3
3m/[39ms[33m/[39ms
ourcecodepro[33m/[3
9mv31[33m/[39m[33m
HI_SiYsKILxRpg3hIP6sJ
7fM7PqlMuvWnsUnxlC9[
39m[33m.[39mwoff2[
33m%[39m[35m22[39m
[33m,[39m[33m%[39
m[35m22[39mpreload
[33m%[39m[35m22[39
m[33m:[39m[36mfals
e[39m[33m,[39m[33
m%[39m[35m22[39mha
s_size_adjust[33m%[
39m[35m22[39m[33m:
[39m[36mtrue[39m})
 format([32m'woff2'
[39m)[33m;[39m
[31m[1m>[22m[39m
[90m 44 |[39m   unic
ode[33m-[39mrange[
33m:[39m [33mU[39m
[33m+[39m[35m0102
[39m[33m-[39m[35m0
103[39m[33m,[39m 
[33mU[39m[33m+[39m
[35m0110[39m[33m-
[39m[35m0111[39m[3
3m,[39m [33mU[39m
[33m+[39m[35m0128[
39m[33m-[39m[35m01
29[39m[33m,[39m [
33mU[39m[33m+[39m
[35m0168[39m[33m-[
39m[35m0169[39m[33
m,[39m [33mU[39m[
33m+[39m[35m01[39m
[33mA0[39m[33m-[3
9m[35m01[39m[33mA1
[39m[33m,[39m [33
mU[39m[33m+[39m[3
5m01[39m[33mAF[39m
[33m-[39m[35m01[3
9m[33mB0[39m[33m,
[39m [33mU[39m[33m
+[39m[35m0300[39m
[33m-[39m[35m0301[
39m[33m,[39m [33mU
[39m[33m+[39m[35m
0303[39m[33m-[39m
[35m0304[39m[33m,[
39m [33mU[39m[33m+
[39m[35m0308[39m[
33m-[39m[35m0309[3
9m[33m,[39m [33mU
[39m[33m+[39m[35m0
323[39m[33m,[39m 
[33mU[39m[33m+[39m
[35m0329[39m[33m,
[39m [33mU[39m[33m
+[39m[35m1[39m[33
mEA0[39m[33m-[39m
[35m1[39m[33mEF9[3
9m[33m,[39m [33mU
[39m[33m+[39m[35m2
0[39m[33mAB[39m[3
3m;[39m
 [90m    |[39m     
    
[31m[1m^[22m[39m
 [90m 45 |[39m }
 [90m 46 |[39m 
[90m/* latin-ext 
*/[39m
 [90m 47 |[39m [33
m@[39mfont[33m-[39
mface {[0m

Import map: Resolved 
by import map


Import trace:
  Server Component:
    [next]/internal/f
ont/google/source_cod
e_pro_e97eb433.module
.css
    [next]/internal/f
ont/google/source_cod
e_pro_e97eb433.js
    ./privlink/src/li
b/fonts.ts
    ./privlink/src/ap
p/layout.tsx

https://nextjs.org/do
cs/messages/module-no
t-found


[next]/internal/font/
google/source_code_pr
o_e97eb433.module.css
:53:9
Module not found: 
Can't resolve '@verce
l/turbopack-next/inte
rnal/font/google/font
'
[0m [90m 51 |[39m 
  font[33m-[39mdisp
lay[33m:[39m 
swap[33m;[39m
 [90m 52 |[39m   
src[33m:[39m url([
33m@[39mvercel[33m/
[39mturbopack[33m-
[39mnext[33m/[39min
ternal[33m/[39mfont
[33m/[39mgoogle[35
m/font?{%22url%22:%22
https:/[39m[33m/[3
9mfonts[33m.[39mgst
atic[33m.[39mcom[3
3m/[39ms[33m/[39ms
ourcecodepro[33m/[3
9mv31[33m/[39m[33m
HI_SiYsKILxRpg3hIP6sJ
7fM7PqlM[39m[33m-[
39mvWnsUnxlC9[33m.[
39mwoff2[33m%[39m[
35m22[39m[33m,[39m
[33m%[39m[35m22[3
9mpreload[33m%[39m
[35m22[39m[33m:[39
m[36mfalse[39m[33m
,[39m[33m%[39m[35
m22[39mhas_size_adju
st[33m%[39m[35m22
[39m[33m:[39m[36mt
rue[39m}) format([3
2m'woff2'[39m)[33m;
[39m
[31m[1m>[22m[39m
[90m 53 |[39m   unic
ode[33m-[39mrange[
33m:[39m [33mU[39m
[33m+[39m[35m0100
[39m[33m-[39m[35m0
2[39m[33mBA[39m[3
3m,[39m [33mU[39m
[33m+[39m[35m02[39
m[33mBD[39m[33m-[
39m[35m02[39m[33mC
5[39m[33m,[39m [3
3mU[39m[33m+[39m[
35m02[39m[33mC7[39
m[33m-[39m[35m02[
39m[33mCC[39m[33m,
[39m [33mU[39m[33
m+[39m[35m02[39m[
33mCE[39m[33m-[39m
[35m02[39m[33mD7[
39m[33m,[39m [33mU
[39m[33m+[39m[35m
02[39m[33mDD[39m[
33m-[39m[35m02[39m
[33mFF[39m[33m,[3
9m [33mU[39m[33m+
[39m[35m0304[39m[3
3m,[39m [33mU[39m
[33m+[39m[35m0308[
39m[33m,[39m [33mU
[39m[33m+[39m[35m
0329[39m[33m,[39m 
[33mU[39m[33m+[39
m[35m1[39m[33mD00
[39m[33m-[39m[35m1
[39m[33mDBF[39m[3
3m,[39m [33mU[39m
[33m+[39m[35m1E00[
39m[33m-[39m[35m1E
9[39m[33mF[39m[33
m,[39m [33mU[39m[
33m+[39m[35m1[39m
[33mEF2[39m[33m-[3
9m[35m1[39m[33mEFF
[39m[33m,[39m [33
mU[39m[33m+[39m[3
5m2020[39m[33m,[39
m [33mU[39m[33m+[
39m[35m20[39m[33mA
0[39m[33m-[39m[35
m20[39m[33mAB[39m
[33m,[39m [33mU[39
m[33m+[39m[35m20[
39m[33mAD[39m[33m-
[39m[35m20[39m[33
mC0[39m[33m,[39m 
[33mU[39m[33m+[39m
[35m2113[39m[33m,
[39m [33mU[39m[33m
+[39m[35m2[39m[33
mC60[39m[33m-[39m
[35m2[39m[33mC7F[3
9m[33m,[39m [33mU
[39m[33m+[39m[33mA
720[39m[33m-[39m[
33mA7FF[39m[33m;[3
9m
 [90m    |[39m     
    
[31m[1m^[22m[39m
 [90m 54 |[39m }
 [90m 55 |[39m 
[90m/* latin */[39m
 [90m 56 |[39m [33
m@[39mfont[33m-[39
mface {[0m

Import map: Resolved 
by import map


Import trace:
  Server Component:
    [next]/internal/f
ont/google/source_cod
e_pro_e97eb433.module
.css
    [next]/internal/f
ont/google/source_cod
e_pro_e97eb433.js
    ./privlink/src/li
b/fonts.ts
    ./privlink/src/ap
p/layout.tsx

https://nextjs.org/do
cs/messages/module-no
t-found


[next]/internal/font/
google/source_code_pr
o_e97eb433.module.css
:62:9
Module not found: 
Can't resolve '@verce
l/turbopack-next/inte
rnal/font/google/font
'
[0m [90m 60 |[39m 
  font[33m-[39mdisp
lay[33m:[39m 
swap[33m;[39m
 [90m 61 |[39m   
src[33m:[39m url([
33m@[39mvercel[33m/
[39mturbopack[33m-
[39mnext[33m/[39min
ternal[33m/[39mfont
[33m/[39mgoogle[35
m/font?{%22url%22:%22
https:/[39m[33m/[3
9mfonts[33m.[39mgst
atic[33m.[39mcom[3
3m/[39ms[33m/[39ms
ourcecodepro[33m/[3
9mv31[33m/[39m[33m
HI_SiYsKILxRpg3hIP6sJ
7fM7PqlPevWnsUnxg[39
m[33m.[39mwoff2[33
m%[39m[35m22[39m[
33m,[39m[33m%[39m
[35m22[39mpreload[3
3m%[39m[35m22[39m
[33m:[39m[36mtrue[
39m[33m,[39m[33m%
[39m[35m22[39mhas_s
ize_adjust[33m%[39m
[35m22[39m[33m:[3
9m[36mtrue[39m}) fo
rmat([32m'woff2'[39
m)[33m;[39m
[31m[1m>[22m[39m
[90m 62 |[39m   unic
ode[33m-[39mrange[
33m:[39m [33mU[39m
[33m+[39m[35m0000
[39m[33m-[39m[35m0
0[39m[33mFF[39m[3
3m,[39m [33mU[39m
[33m+[39m[35m0131[
39m[33m,[39m [33mU
[39m[33m+[39m[35m
0152[39m[33m-[39m
[35m0153[39m[33m,[
39m [33mU[39m[33m+
[39m[35m02[39m[33
mBB[39m[33m-[39m[
35m02[39m[33mBC[39
m[33m,[39m [33mU[
39m[33m+[39m[35m02
[39m[33mC6[39m[33
m,[39m [33mU[39m[
33m+[39m[35m02[39m
[33mDA[39m[33m,[3
9m [33mU[39m[33m+
[39m[35m02[39m[33m
DC[39m[33m,[39m [
33mU[39m[33m+[39m
[35m0304[39m[33m,[
39m [33mU[39m[33m+
[39m[35m0308[39m[
33m,[39m [33mU[39m
[33m+[39m[35m0329
[39m[33m,[39m [33m
U[39m[33m+[39m[35
m2000[39m[33m-[39m
[35m206[39m[33mF[
39m[33m,[39m [33mU
[39m[33m+[39m[35m
20[39m[33mAC[39m[
33m,[39m [33mU[39m
[33m+[39m[35m2122
[39m[33m,[39m [33m
U[39m[33m+[39m[35
m2191[39m[33m,[39m
 [33mU[39m[33m+[3
9m[35m2193[39m[33m
,[39m [33mU[39m[3
3m+[39m[35m2212[39
m[33m,[39m [33mU[
39m[33m+[39m[35m22
15[39m[33m,[39m [
33mU[39m[33m+[39m
[33mFEFF[39m[33m,[
39m [33mU[39m[33m+
[39m[33mFFFD[39m[
33m;[39m
 [90m    |[39m     
    
[31m[1m^[22m[39m
 [90m 63 |[39m }
 [90m 64 |[39m [33
m@[39mfont[33m-[39
mface {
 [90m 65 |[39m     
font[33m-[39mfamily
[33m:[39m 
[32m'Source Code 
Pro Fallback'[39m[3
3m;[39m[0m

Import map: Resolved 
by import map


Import trace:
  Server Component:
    [next]/internal/f
ont/google/source_cod
e_pro_e97eb433.module
.css
    [next]/internal/f
ont/google/source_cod
e_pro_e97eb433.js
    ./privlink/src/li
b/fonts.ts
    ./privlink/src/ap
p/layout.tsx

https://nextjs.org/do
cs/messages/module-no
t-found


[next]/internal/font/
google/space_mono_a0f
e6de3.module.css:8:9
Module not found: 
Can't resolve '@verce
l/turbopack-next/inte
rnal/font/google/font
'
[0m [90m  6 |[39m 
  font[33m-[39mdisp
lay[33m:[39m 
swap[33m;[39m
 [90m  7 |[39m   
src[33m:[39m url([
33m@[39mvercel[33m/
[39mturbopack[33m-
[39mnext[33m/[39min
ternal[33m/[39mfont
[33m/[39mgoogle[35
m/font?{%22url%22:%22
https:/[39m[33m/[3
9mfonts[33m.[39mgst
atic[33m.[39mcom[3
3m/[39ms[33m/[39ms
pacemono[33m/[39mv1
7[33m/[39mi7dPIFZif
jKcF5UAWdDRYE58RXi4Ew
Ssbg[33m.[39mwoff2
[33m%[39m[35m22[39
m[33m,[39m[33m%[3
9m[35m22[39mpreload
[33m%[39m[35m22[3
9m[33m:[39m[36mfal
se[39m[33m,[39m[3
3m%[39m[35m22[39mh
as_size_adjust[33m%
[39m[35m22[39m[33m
:[39m[36mtrue[39m}
) format([32m'woff2'
[39m)[33m;[39m
[31m[1m>[22m[39m
[90m  8 |[39m   unic
ode[33m-[39mrange[
33m:[39m [33mU[39m
[33m+[39m[35m0102
[39m[33m-[39m[35m0
103[39m[33m,[39m 
[33mU[39m[33m+[39m
[35m0110[39m[33m-
[39m[35m0111[39m[3
3m,[39m [33mU[39m
[33m+[39m[35m0128[
39m[33m-[39m[35m01
29[39m[33m,[39m [
33mU[39m[33m+[39m
[35m0168[39m[33m-[
39m[35m0169[39m[33
m,[39m [33mU[39m[
33m+[39m[35m01[39m
[33mA0[39m[33m-[3
9m[35m01[39m[33mA1
[39m[33m,[39m [33
mU[39m[33m+[39m[3
5m01[39m[33mAF[39m
[33m-[39m[35m01[3
9m[33mB0[39m[33m,
[39m [33mU[39m[33m
+[39m[35m0300[39m
[33m-[39m[35m0301[
39m[33m,[39m [33mU
[39m[33m+[39m[35m
0303[39m[33m-[39m
[35m0304[39m[33m,[
39m [33mU[39m[33m+
[39m[35m0308[39m[
33m-[39m[35m0309[3
9m[33m,[39m [33mU
[39m[33m+[39m[35m0
323[39m[33m,[39m 
[33mU[39m[33m+[39m
[35m0329[39m[33m,
[39m [33mU[39m[33m
+[39m[35m1[39m[33
mEA0[39m[33m-[39m
[35m1[39m[33mEF9[3
9m[33m,[39m [33mU
[39m[33m+[39m[35m2
0[39m[33mAB[39m[3
3m;[39m
 [90m    |[39m     
    
[31m[1m^[22m[39m
 [90m  9 |[39m }
 [90m 10 |[39m 
[90m/* latin-ext 
*/[39m
 [90m 11 |[39m [33
m@[39mfont[33m-[39
mface {[0m

Import map: Resolved 
by import map


Import trace:
  Server Component:
    [next]/internal/f
ont/google/space_mono
_a0fe6de3.module.css
    [next]/internal/f
ont/google/space_mono
_a0fe6de3.js
    ./privlink/src/li
b/fonts.ts
    ./privlink/src/ap
p/layout.tsx

https://nextjs.org/do
cs/messages/module-no
t-found


[next]/internal/font/
google/space_mono_a0f
e6de3.module.css:17:9
Module not found: 
Can't resolve '@verce
l/turbopack-next/inte
rnal/font/google/font
'
[0m [90m 15 |[39m 
  font[33m-[39mdisp
lay[33m:[39m 
swap[33m;[39m
 [90m 16 |[39m   
src[33m:[39m url([
33m@[39mvercel[33m/
[39mturbopack[33m-
[39mnext[33m/[39min
ternal[33m/[39mfont
[33m/[39mgoogle[35
m/font?{%22url%22:%22
https:/[39m[33m/[3
9mfonts[33m.[39mgst
atic[33m.[39mcom[3
3m/[39ms[33m/[39ms
pacemono[33m/[39mv1
7[33m/[39mi7dPIFZif
jKcF5UAWdDRYE98RXi4Ew
Ssbg[33m.[39mwoff2
[33m%[39m[35m22[39
m[33m,[39m[33m%[3
9m[35m22[39mpreload
[33m%[39m[35m22[3
9m[33m:[39m[36mfal
se[39m[33m,[39m[3
3m%[39m[35m22[39mh
as_size_adjust[33m%
[39m[35m22[39m[33m
:[39m[36mtrue[39m}
) format([32m'woff2'
[39m)[33m;[39m
[31m[1m>[22m[39m
[90m 17 |[39m   unic
ode[33m-[39mrange[
33m:[39m [33mU[39m
[33m+[39m[35m0100
[39m[33m-[39m[35m0
2[39m[33mBA[39m[3
3m,[39m [33mU[39m
[33m+[39m[35m02[39
m[33mBD[39m[33m-[
39m[35m02[39m[33mC
5[39m[33m,[39m [3
3mU[39m[33m+[39m[
35m02[39m[33mC7[39
m[33m-[39m[35m02[
39m[33mCC[39m[33m,
[39m [33mU[39m[33
m+[39m[35m02[39m[
33mCE[39m[33m-[39m
[35m02[39m[33mD7[
39m[33m,[39m [33mU
[39m[33m+[39m[35m
02[39m[33mDD[39m[
33m-[39m[35m02[39m
[33mFF[39m[33m,[3
9m [33mU[39m[33m+
[39m[35m0304[39m[3
3m,[39m [33mU[39m
[33m+[39m[35m0308[
39m[33m,[39m [33mU
[39m[33m+[39m[35m
0329[39m[33m,[39m 
[33mU[39m[33m+[39
m[35m1[39m[33mD00
[39m[33m-[39m[35m1
[39m[33mDBF[39m[3
3m,[39m [33mU[39m
[33m+[39m[35m1E00[
39m[33m-[39m[35m1E
9[39m[33mF[39m[33
m,[39m [33mU[39m[
33m+[39m[35m1[39m
[33mEF2[39m[33m-[3
9m[35m1[39m[33mEFF
[39m[33m,[39m [33
mU[39m[33m+[39m[3
5m2020[39m[33m,[39
m [33mU[39m[33m+[
39m[35m20[39m[33mA
0[39m[33m-[39m[35
m20[39m[33mAB[39m
[33m,[39m [33mU[39
m[33m+[39m[35m20[
39m[33mAD[39m[33m-
[39m[35m20[39m[33
mC0[39m[33m,[39m 
[33mU[39m[33m+[39m
[35m2113[39m[33m,
[39m [33mU[39m[33m
+[39m[35m2[39m[33
mC60[39m[33m-[39m
[35m2[39m[33mC7F[3
9m[33m,[39m [33mU
[39m[33m+[39m[33mA
720[39m[33m-[39m[
33mA7FF[39m[33m;[3
9m
 [90m    |[39m     
    
[31m[1m^[22m[39m
 [90m 18 |[39m }
 [90m 19 |[39m 
[90m/* latin */[39m
 [90m 20 |[39m [33
m@[39mfont[33m-[39
mface {[0m

Import map: Resolved 
by import map


Import trace:
  Server Component:
    [next]/internal/f
ont/google/space_mono
_a0fe6de3.module.css
    [next]/internal/f
ont/google/space_mono
_a0fe6de3.js
    ./privlink/src/li
b/fonts.ts
    ./privlink/src/ap
p/layout.tsx

https://nextjs.org/do
cs/messages/module-no
t-found


[next]/internal/font/
google/space_mono_a0f
e6de3.module.css:26:9
Module not found: 
Can't resolve '@verce
l/turbopack-next/inte
rnal/font/google/font
'
[0m [90m 24 |[39m 
  font[33m-[39mdisp
lay[33m:[39m 
swap[33m;[39m
 [90m 25 |[39m   
src[33m:[39m url([
33m@[39mvercel[33m/
[39mturbopack[33m-
[39mnext[33m/[39min
ternal[33m/[39mfont
[33m/[39mgoogle[35
m/font?{%22url%22:%22
https:/[39m[33m/[3
9mfonts[33m.[39mgst
atic[33m.[39mcom[3
3m/[39ms[33m/[39ms
pacemono[33m/[39mv1
7[33m/[39mi7dPIFZif
jKcF5UAWdDRYEF8RXi4Ew
Q[33m.[39mwoff2[33
m%[39m[35m22[39m[
33m,[39m[33m%[39m
[35m22[39mpreload[3
3m%[39m[35m22[39m
[33m:[39m[36mtrue[
39m[33m,[39m[33m%
[39m[35m22[39mhas_s
ize_adjust[33m%[39m
[35m22[39m[33m:[3
9m[36mtrue[39m}) fo
rmat([32m'woff2'[39
m)[33m;[39m
[31m[1m>[22m[39m
[90m 26 |[39m   unic
ode[33m-[39mrange[
33m:[39m [33mU[39m
[33m+[39m[35m0000
[39m[33m-[39m[35m0
0[39m[33mFF[39m[3
3m,[39m [33mU[39m
[33m+[39m[35m0131[
39m[33m,[39m [33mU
[39m[33m+[39m[35m
0152[39m[33m-[39m
[35m0153[39m[33m,[
39m [33mU[39m[33m+
[39m[35m02[39m[33
mBB[39m[33m-[39m[
35m02[39m[33mBC[39
m[33m,[39m [33mU[
39m[33m+[39m[35m02
[39m[33mC6[39m[33
m,[39m [33mU[39m[
33m+[39m[35m02[39m
[33mDA[39m[33m,[3
9m [33mU[39m[33m+
[39m[35m02[39m[33m
DC[39m[33m,[39m [
33mU[39m[33m+[39m
[35m0304[39m[33m,[
39m [33mU[39m[33m+
[39m[35m0308[39m[
33m,[39m [33mU[39m
[33m+[39m[35m0329
[39m[33m,[39m [33m
U[39m[33m+[39m[35
m2000[39m[33m-[39m
[35m206[39m[33mF[
39m[33m,[39m [33mU
[39m[33m+[39m[35m
20[39m[33mAC[39m[
33m,[39m [33mU[39m
[33m+[39m[35m2122
[39m[33m,[39m [33m
U[39m[33m+[39m[35
m2191[39m[33m,[39m
 [33mU[39m[33m+[3
9m[35m2193[39m[33m
,[39m [33mU[39m[3
3m+[39m[35m2212[39
m[33m,[39m [33mU[
39m[33m+[39m[35m22
15[39m[33m,[39m [
33mU[39m[33m+[39m
[33mFEFF[39m[33m,[
39m [33mU[39m[33m+
[39m[33mFFFD[39m[
33m;[39m
 [90m    |[39m     
    
[31m[1m^[22m[39m
 [90m 27 |[39m }
 [90m 28 |[39m 
[90m/* vietnamese 
*/[39m
 [90m 29 |[39m [33
m@[39mfont[33m-[39
mface {[0m

Import map: Resolved 
by import map


Import trace:
  Server Component:
    [next]/internal/f
ont/google/space_mono
_a0fe6de3.module.css
    [next]/internal/f
ont/google/space_mono
_a0fe6de3.js
    ./privlink/src/li
b/fonts.ts
    ./privlink/src/ap
p/layout.tsx

https://nextjs.org/do
cs/messages/module-no
t-found


[next]/internal/font/
google/space_mono_a0f
e6de3.module.css:35:9
Module not found: 
Can't resolve '@verce
l/turbopack-next/inte
rnal/font/google/font
'
[0m [90m 33 |[39m 
  font[33m-[39mdisp
lay[33m:[39m 
swap[33m;[39m
 [90m 34 |[39m   
src[33m:[39m url([
33m@[39mvercel[33m/
[39mturbopack[33m-
[39mnext[33m/[39min
ternal[33m/[39mfont
[33m/[39mgoogle[35
m/font?{%22url%22:%22
https:/[39m[33m/[3
9mfonts[33m.[39mgst
atic[33m.[39mcom[3
3m/[39ms[33m/[39ms
pacemono[33m/[39mv1
7[33m/[39mi7dMIFZif
jKcF5UAWdDRaPpZUFqaHi
6WZ3S_Yg[33m.[39mwo
ff2[33m%[39m[35m22
[39m[33m,[39m[33m
%[39m[35m22[39mpre
load[33m%[39m[35m2
2[39m[33m:[39m[36
mfalse[39m[33m,[39
m[33m%[39m[35m22[
39mhas_size_adjust[3
3m%[39m[35m22[39m
[33m:[39m[36mtrue[
39m}) format([32m'wo
ff2'[39m)[33m;[39m
[31m[1m>[22m[39m
[90m 35 |[39m   unic
ode[33m-[39mrange[
33m:[39m [33mU[39m
[33m+[39m[35m0102
[39m[33m-[39m[35m0
103[39m[33m,[39m 
[33mU[39m[33m+[39m
[35m0110[39m[33m-
[39m[35m0111[39m[3
3m,[39m [33mU[39m
[33m+[39m[35m0128[
39m[33m-[39m[35m01
29[39m[33m,[39m [
33mU[39m[33m+[39m
[35m0168[39m[33m-[
39m[35m0169[39m[33
m,[39m [33mU[39m[
33m+[39m[35m01[39m
[33mA0[39m[33m-[3
9m[35m01[39m[33mA1
[39m[33m,[39m [33
mU[39m[33m+[39m[3
5m01[39m[33mAF[39m
[33m-[39m[35m01[3
9m[33mB0[39m[33m,
[39m [33mU[39m[33m
+[39m[35m0300[39m
[33m-[39m[35m0301[
39m[33m,[39m [33mU
[39m[33m+[39m[35m
0303[39m[33m-[39m
[35m0304[39m[33m,[
39m [33mU[39m[33m+
[39m[35m0308[39m[
33m-[39m[35m0309[3
9m[33m,[39m [33mU
[39m[33m+[39m[35m0
323[39m[33m,[39m 
[33mU[39m[33m+[39m
[35m0329[39m[33m,
[39m [33mU[39m[33m
+[39m[35m1[39m[33
mEA0[39m[33m-[39m
[35m1[39m[33mEF9[3
9m[33m,[39m [33mU
[39m[33m+[39m[35m2
0[39m[33mAB[39m[3
3m;[39m
 [90m    |[39m     
    
[31m[1m^[22m[39m
 [90m 36 |[39m }
 [90m 37 |[39m 
[90m/* latin-ext 
*/[39m
 [90m 38 |[39m [33
m@[39mfont[33m-[39
mface {[0m

Import map: Resolved 
by import map


Import trace:
  Server Component:
    [next]/internal/f
ont/google/space_mono
_a0fe6de3.module.css
    [next]/internal/f
ont/google/space_mono
_a0fe6de3.js
    ./privlink/src/li
b/fonts.ts
    ./privlink/src/ap
p/layout.tsx

https://nextjs.org/do
cs/messages/module-no
t-found


[next]/internal/font/
google/space_mono_a0f
e6de3.module.css:44:9
Module not found: 
Can't resolve '@verce
l/turbopack-next/inte
rnal/font/google/font
'
[0m [90m 42 |[39m 
  font[33m-[39mdisp
lay[33m:[39m 
swap[33m;[39m
 [90m 43 |[39m   
src[33m:[39m url([
33m@[39mvercel[33m/
[39mturbopack[33m-
[39mnext[33m/[39min
ternal[33m/[39mfont
[33m/[39mgoogle[35
m/font?{%22url%22:%22
https:/[39m[33m/[3
9mfonts[33m.[39mgst
atic[33m.[39mcom[3
3m/[39ms[33m/[39ms
pacemono[33m/[39mv1
7[33m/[39mi7dMIFZif
jKcF5UAWdDRaPpZUFuaHi
6WZ3S_Yg[33m.[39mwo
ff2[33m%[39m[35m22
[39m[33m,[39m[33m
%[39m[35m22[39mpre
load[33m%[39m[35m2
2[39m[33m:[39m[36
mfalse[39m[33m,[39
m[33m%[39m[35m22[
39mhas_size_adjust[3
3m%[39m[35m22[39m
[33m:[39m[36mtrue[
39m}) format([32m'wo
ff2'[39m)[33m;[39m
[31m[1m>[22m[39m
[90m 44 |[39m   unic
ode[33m-[39mrange[
33m:[39m [33mU[39m
[33m+[39m[35m0100
[39m[33m-[39m[35m0
2[39m[33mBA[39m[3
3m,[39m [33mU[39m
[33m+[39m[35m02[39
m[33mBD[39m[33m-[
39m[35m02[39m[33mC
5[39m[33m,[39m [3
3mU[39m[33m+[39m[
35m02[39m[33mC7[39
m[33m-[39m[35m02[
39m[33mCC[39m[33m,
[39m [33mU[39m[33
m+[39m[35m02[39m[
33mCE[39m[33m-[39m
[35m02[39m[33mD7[
39m[33m,[39m [33mU
[39m[33m+[39m[35m
02[39m[33mDD[39m[
33m-[39m[35m02[39m
[33mFF[39m[33m,[3
9m [33mU[39m[33m+
[39m[35m0304[39m[3
3m,[39m [33mU[39m
[33m+[39m[35m0308[
39m[33m,[39m [33mU
[39m[33m+[39m[35m
0329[39m[33m,[39m 
[33mU[39m[33m+[39
m[35m1[39m[33mD00
[39m[33m-[39m[35m1
[39m[33mDBF[39m[3
3m,[39m [33mU[39m
[33m+[39m[35m1E00[
39m[33m-[39m[35m1E
9[39m[33mF[39m[33
m,[39m [33mU[39m[
33m+[39m[35m1[39m
[33mEF2[39m[33m-[3
9m[35m1[39m[33mEFF
[39m[33m,[39m [33
mU[39m[33m+[39m[3
5m2020[39m[33m,[39
m [33mU[39m[33m+[
39m[35m20[39m[33mA
0[39m[33m-[39m[35
m20[39m[33mAB[39m
[33m,[39m [33mU[39
m[33m+[39m[35m20[
39m[33mAD[39m[33m-
[39m[35m20[39m[33
mC0[39m[33m,[39m 
[33mU[39m[33m+[39m
[35m2113[39m[33m,
[39m [33mU[39m[33m
+[39m[35m2[39m[33
mC60[39m[33m-[39m
[35m2[39m[33mC7F[3
9m[33m,[39m [33mU
[39m[33m+[39m[33mA
720[39m[33m-[39m[
33mA7FF[39m[33m;[3
9m
 [90m    |[39m     
    
[31m[1m^[22m[39m
 [90m 45 |[39m }
 [90m 46 |[39m 
[90m/* latin */[39m
 [90m 47 |[39m [33
m@[39mfont[33m-[39
mface {[0m

Import map: Resolved 
by import map


Import trace:
  Server Component:
    [next]/internal/f
ont/google/space_mono
_a0fe6de3.module.css
    [next]/internal/f
ont/google/space_mono
_a0fe6de3.js
    ./privlink/src/li
b/fonts.ts
    ./privlink/src/ap
p/layout.tsx

https://nextjs.org/do
cs/messages/module-no
t-found


[next]/internal/font/
google/titillium_web_
856e0586.module.css:8
:9
Module not found: 
Can't resolve '@verce
l/turbopack-next/inte
rnal/font/google/font
'
[0m [90m  6 |[39m 
  font[33m-[39mdisp
lay[33m:[39m 
swap[33m;[39m
 [90m  7 |[39m   
src[33m:[39m url([
33m@[39mvercel[33m/
[39mturbopack[33m-
[39mnext[33m/[39min
ternal[33m/[39mfont
[33m/[39mgoogle[35
m/font?{%22url%22:%22
https:/[39m[33m/[3
9mfonts[33m.[39mgst
atic[33m.[39mcom[3
3m/[39ms[33m/[39mt
itilliumweb[33m/[39
mv19[33m/[39m[33mN
aPecZTIAOhVxoMyOr9n_E
7fdM3mDaZRbryhsA[39m
[33m.[39mwoff2[33m
%[39m[35m22[39m[3
3m,[39m[33m%[39m[
35m22[39mpreload[33
m%[39m[35m22[39m[
33m:[39m[36mfalse[
39m[33m,[39m[33m%
[39m[35m22[39mhas_s
ize_adjust[33m%[39m
[35m22[39m[33m:[3
9m[36mtrue[39m}) fo
rmat([32m'woff2'[39
m)[33m;[39m
[31m[1m>[22m[39m
[90m  8 |[39m   unic
ode[33m-[39mrange[
33m:[39m [33mU[39m
[33m+[39m[35m0100
[39m[33m-[39m[35m0
2[39m[33mBA[39m[3
3m,[39m [33mU[39m
[33m+[39m[35m02[39
m[33mBD[39m[33m-[
39m[35m02[39m[33mC
5[39m[33m,[39m [3
3mU[39m[33m+[39m[
35m02[39m[33mC7[39
m[33m-[39m[35m02[
39m[33mCC[39m[33m,
[39m [33mU[39m[33
m+[39m[35m02[39m[
33mCE[39m[33m-[39m
[35m02[39m[33mD7[
39m[33m,[39m [33mU
[39m[33m+[39m[35m
02[39m[33mDD[39m[
33m-[39m[35m02[39m
[33mFF[39m[33m,[3
9m [33mU[39m[33m+
[39m[35m0304[39m[3
3m,[39m [33mU[39m
[33m+[39m[35m0308[
39m[33m,[39m [33mU
[39m[33m+[39m[35m
0329[39m[33m,[39m 
[33mU[39m[33m+[39
m[35m1[39m[33mD00
[39m[33m-[39m[35m1
[39m[33mDBF[39m[3
3m,[39m [33mU[39m
[33m+[39m[35m1E00[
39m[33m-[39m[35m1E
9[39m[33mF[39m[33
m,[39m [33mU[39m[
33m+[39m[35m1[39m
[33mEF2[39m[33m-[3
9m[35m1[39m[33mEFF
[39m[33m,[39m [33
mU[39m[33m+[39m[3
5m2020[39m[33m,[39
m [33mU[39m[33m+[
39m[35m20[39m[33mA
0[39m[33m-[39m[35
m20[39m[33mAB[39m
[33m,[39m [33mU[39
m[33m+[39m[35m20[
39m[33mAD[39m[33m-
[39m[35m20[39m[33
mC0[39m[33m,[39m 
[33mU[39m[33m+[39m
[35m2113[39m[33m,
[39m [33mU[39m[33m
+[39m[35m2[39m[33
mC60[39m[33m-[39m
[35m2[39m[33mC7F[3
9m[33m,[39m [33mU
[39m[33m+[39m[33mA
720[39m[33m-[39m[
33mA7FF[39m[33m;[3
9m
 [90m    |[39m     
    
[31m[1m^[22m[39m
 [90m  9 |[39m }
 [90m 10 |[39m 
[90m/* latin */[39m
 [90m 11 |[39m [33
m@[39mfont[33m-[39
mface {[0m

Import map: Resolved 
by import map


Import trace:
  Server Component:
    [next]/internal/f
ont/google/titillium_
web_856e0586.module.c
ss
    [next]/internal/f
ont/google/titillium_
web_856e0586.js
    ./privlink/src/li
b/fonts.ts
    ./privlink/src/ap
p/layout.tsx

https://nextjs.org/do
cs/messages/module-no
t-found


[next]/internal/font/
google/titillium_web_
856e0586.module.css:1
7:9
Module not found: 
Can't resolve '@verce
l/turbopack-next/inte
rnal/font/google/font
'
[0m [90m 15 |[39m 
  font[33m-[39mdisp
lay[33m:[39m 
swap[33m;[39m
 [90m 16 |[39m   
src[33m:[39m url([
33m@[39mvercel[33m/
[39mturbopack[33m-
[39mnext[33m/[39min
ternal[33m/[39mfont
[33m/[39mgoogle[35
m/font?{%22url%22:%22
https:/[39m[33m/[3
9mfonts[33m.[39mgst
atic[33m.[39mcom[3
3m/[39ms[33m/[39mt
itilliumweb[33m/[39
mv19[33m/[39m[33mN
aPecZTIAOhVxoMyOr9n_E
7fdMPmDaZRbrw[39m[3
3m.[39mwoff2[33m%[
39m[35m22[39m[33m,
[39m[33m%[39m[35m
22[39mpreload[33m%
[39m[35m22[39m[33m
:[39m[36mtrue[39m
[33m,[39m[33m%[39m
[35m22[39mhas_size_
adjust[33m%[39m[35
m22[39m[33m:[39m[
36mtrue[39m}) format
([32m'woff2'[39m)[
33m;[39m
[31m[1m>[22m[39m
[90m 17 |[39m   unic
ode[33m-[39mrange[
33m:[39m [33mU[39m
[33m+[39m[35m0000
[39m[33m-[39m[35m0
0[39m[33mFF[39m[3
3m,[39m [33mU[39m
[33m+[39m[35m0131[
39m[33m,[39m [33mU
[39m[33m+[39m[35m
0152[39m[33m-[39m
[35m0153[39m[33m,[
39m [33mU[39m[33m+
[39m[35m02[39m[33
mBB[39m[33m-[39m[
35m02[39m[33mBC[39
m[33m,[39m [33mU[
39m[33m+[39m[35m02
[39m[33mC6[39m[33
m,[39m [33mU[39m[
33m+[39m[35m02[39m
[33mDA[39m[33m,[3
9m [33mU[39m[33m+
[39m[35m02[39m[33m
DC[39m[33m,[39m [
33mU[39m[33m+[39m
[35m0304[39m[33m,[
39m [33mU[39m[33m+
[39m[35m0308[39m[
33m,[39m [33mU[39m
[33m+[39m[35m0329
[39m[33m,[39m [33m
U[39m[33m+[39m[35
m2000[39m[33m-[39m
[35m206[39m[33mF[
39m[33m,[39m [33mU
[39m[33m+[39m[35m
20[39m[33mAC[39m[
33m,[39m [33mU[39m
[33m+[39m[35m2122
[39m[33m,[39m [33m
U[39m[33m+[39m[35
m2191[39m[33m,[39m
 [33mU[39m[33m+[3
9m[35m2193[39m[33m
,[39m [33mU[39m[3
3m+[39m[35m2212[39
m[33m,[39m [33mU[
39m[33m+[39m[35m22
15[39m[33m,[39m [
33mU[39m[33m+[39m
[33mFEFF[39m[33m,[
39m [33mU[39m[33m+
[39m[33mFFFD[39m[
33m;[39m
 [90m    |[39m     
    
[31m[1m^[22m[39m
 [90m 18 |[39m }
 [90m 19 |[39m 
[90m/* latin-ext 
*/[39m
 [90m 20 |[39m [33
m@[39mfont[33m-[39
mface {[0m

Import map: Resolved 
by import map


Import trace:
  Server Component:
    [next]/internal/f
ont/google/titillium_
web_856e0586.module.c
ss
    [next]/internal/f
ont/google/titillium_
web_856e0586.js
    ./privlink/src/li
b/fonts.ts
    ./privlink/src/ap
p/layout.tsx

https://nextjs.org/do
cs/messages/module-no
t-found


[next]/internal/font/
google/titillium_web_
856e0586.module.css:3
5:9
Module not found: 
Can't resolve '@verce
l/turbopack-next/inte
rnal/font/google/font
'
[0m [90m 33 |[39m 
  font[33m-[39mdisp
lay[33m:[39m 
swap[33m;[39m
 [90m 34 |[39m   
src[33m:[39m url([
33m@[39mvercel[33m/
[39mturbopack[33m-
[39mnext[33m/[39min
ternal[33m/[39mfont
[33m/[39mgoogle[35
m/font?{%22url%22:%22
https:/[39m[33m/[3
9mfonts[33m.[39mgst
atic[33m.[39mcom[3
3m/[39ms[33m/[39mt
itilliumweb[33m/[39
mv19[33m/[39m[33mN
aPDcZTIAOhVxoMyOr9n_E
7ffHjDGItzY5abuWI[39
m[33m.[39mwoff2[33
m%[39m[35m22[39m[
33m,[39m[33m%[39m
[35m22[39mpreload[3
3m%[39m[35m22[39m
[33m:[39m[36mtrue[
39m[33m,[39m[33m%
[39m[35m22[39mhas_s
ize_adjust[33m%[39m
[35m22[39m[33m:[3
9m[36mtrue[39m}) fo
rmat([32m'woff2'[39
m)[33m;[39m
[31m[1m>[22m[39m
[90m 35 |[39m   unic
ode[33m-[39mrange[
33m:[39m [33mU[39m
[33m+[39m[35m0000
[39m[33m-[39m[35m0
0[39m[33mFF[39m[3
3m,[39m [33mU[39m
[33m+[39m[35m0131[
39m[33m,[39m [33mU
[39m[33m+[39m[35m
0152[39m[33m-[39m
[35m0153[39m[33m,[
39m [33mU[39m[33m+
[39m[35m02[39m[33
mBB[39m[33m-[39m[
35m02[39m[33mBC[39
m[33m,[39m [33mU[
39m[33m+[39m[35m02
[39m[33mC6[39m[33
m,[39m [33mU[39m[
33m+[39m[35m02[39m
[33mDA[39m[33m,[3
9m [33mU[39m[33m+
[39m[35m02[39m[33m
DC[39m[33m,[39m [
33mU[39m[33m+[39m
[35m0304[39m[33m,[
39m [33mU[39m[33m+
[39m[35m0308[39m[
33m,[39m [33mU[39m
[33m+[39m[35m0329
[39m[33m,[39m [33m
U[39m[33m+[39m[35
m2000[39m[33m-[39m
[35m206[39m[33mF[
39m[33m,[39m [33mU
[39m[33m+[39m[35m
20[39m[33mAC[39m[
33m,[39m [33mU[39m
[33m+[39m[35m2122
[39m[33m,[39m [33m
U[39m[33m+[39m[35
m2191[39m[33m,[39m
 [33mU[39m[33m+[3
9m[35m2193[39m[33m
,[39m [33mU[39m[3
3m+[39m[35m2212[39
m[33m,[39m [33mU[
39m[33m+[39m[35m22
15[39m[33m,[39m [
33mU[39m[33m+[39m
[33mFEFF[39m[33m,[
39m [33mU[39m[33m+
[39m[33mFFFD[39m[
33m;[39m
 [90m    |[39m     
    
[31m[1m^[22m[39m
 [90m 36 |[39m }
 [90m 37 |[39m [33
m@[39mfont[33m-[39
mface {
 [90m 38 |[39m     
font[33m-[39mfamily
[33m:[39m 
[32m'Titillium Web F
allback'[39m[33m;[
39m[0m

Import map: Resolved 
by import map


Import trace:
  Server Component:
    [next]/internal/f
ont/google/titillium_
web_856e0586.module.c
ss
    [next]/internal/f
ont/google/titillium_
web_856e0586.js
    ./privlink/src/li
b/fonts.ts
    ./privlink/src/ap
p/layout.tsx

https://nextjs.org/do
cs/messages/module-no
t-found


[next]/internal/font/
google/ubuntu_55bec97
f.module.css:8:9
Module not found: 
Can't resolve '@verce
l/turbopack-next/inte
rnal/font/google/font
'
[0m [90m  6 |[39m 
  font[33m-[39mdisp
lay[33m:[39m 
swap[33m;[39m
 [90m  7 |[39m   
src[33m:[39m url([
33m@[39mvercel[33m/
[39mturbopack[33m-
[39mnext[33m/[39min
ternal[33m/[39mfont
[33m/[39mgoogle[35
m/font?{%22url%22:%22
https:/[39m[33m/[3
9mfonts[33m.[39mgst
atic[33m.[39mcom[3
3m/[39ms[33m/[39mu
buntu[33m/[39mv21[
33m/[39m[35m4[39mi
Cs6KVjbNBYlgoKcg72nU6
AF7xm[33m.[39mwoff2
[33m%[39m[35m22[3
9m[33m,[39m[33m%[
39m[35m22[39mpreloa
d[33m%[39m[35m22[
39m[33m:[39m[36mfa
lse[39m[33m,[39m[
33m%[39m[35m22[39m
has_size_adjust[33m%
[39m[35m22[39m[33
m:[39m[36mtrue[39m
}) format([32m'woff2
'[39m)[33m;[39m
[31m[1m>[22m[39m
[90m  8 |[39m   unic
ode[33m-[39mrange[
33m:[39m [33mU[39m
[33m+[39m[35m0460
[39m[33m-[39m[35m0
52[39m[33mF[39m[3
3m,[39m [33mU[39m
[33m+[39m[35m1[39m
[33mC80[39m[33m-[
39m[35m1[39m[33mC8
A[39m[33m,[39m [3
3mU[39m[33m+[39m[
35m20[39m[33mB4[39
m[33m,[39m [33mU[
39m[33m+[39m[35m2
[39m[33mDE0[39m[33
m-[39m[35m2[39m[3
3mDFF[39m[33m,[39m
 [33mU[39m[33m+[3
9m[33mA640[39m[33m
-[39m[33mA69F[39m
[33m,[39m [33mU[39
m[33m+[39m[33mFE2E
[39m[33m-[39m[33m
FE2F[39m[33m;[39m
 [90m    |[39m     
    
[31m[1m^[22m[39m
 [90m  9 |[39m }
 [90m 10 |[39m 
[90m/* cyrillic 
*/[39m
 [90m 11 |[39m [33
m@[39mfont[33m-[39
mface {[0m

Import map: Resolved 
by import map


Import trace:
  Server Component:
    [next]/internal/f
ont/google/ubuntu_55b
ec97f.module.css
    [next]/internal/f
ont/google/ubuntu_55b
ec97f.js
    ./privlink/src/li
b/fonts.ts
    ./privlink/src/ap
p/layout.tsx

https://nextjs.org/do
cs/messages/module-no
t-found


[next]/internal/font/
google/ubuntu_55bec97
f.module.css:17:9
Module not found: 
Can't resolve '@verce
l/turbopack-next/inte
rnal/font/google/font
'
[0m [90m 15 |[39m 
  font[33m-[39mdisp
lay[33m:[39m 
swap[33m;[39m
 [90m 16 |[39m   
src[33m:[39m url([
33m@[39mvercel[33m/
[39mturbopack[33m-
[39mnext[33m/[39min
ternal[33m/[39mfont
[33m/[39mgoogle[35
m/font?{%22url%22:%22
https:/[39m[33m/[3
9mfonts[33m.[39mgst
atic[33m.[39mcom[3
3m/[39ms[33m/[39mu
buntu[33m/[39mv21[
33m/[39m[35m4[39mi
Cs6KVjbNBYlgoKew72nU6
AF7xm[33m.[39mwoff2
[33m%[39m[35m22[3
9m[33m,[39m[33m%[
39m[35m22[39mpreloa
d[33m%[39m[35m22[
39m[33m:[39m[36mfa
lse[39m[33m,[39m[
33m%[39m[35m22[39m
has_size_adjust[33m%
[39m[35m22[39m[33
m:[39m[36mtrue[39m
}) format([32m'woff2
'[39m)[33m;[39m
[31m[1m>[22m[39m
[90m 17 |[39m   unic
ode[33m-[39mrange[
33m:[39m [33mU[39m
[33m+[39m[35m0301
[39m[33m,[39m [33m
U[39m[33m+[39m[35
m0400[39m[33m-[39m
[35m045[39m[33mF[
39m[33m,[39m [33mU
[39m[33m+[39m[35m
0490[39m[33m-[39m
[35m0491[39m[33m,[
39m [33mU[39m[33m+
[39m[35m04[39m[33
mB0[39m[33m-[39m[
35m04[39m[33mB1[39
m[33m,[39m [33mU[
39m[33m+[39m[35m21
16[39m[33m;[39m
 [90m    |[39m     
    
[31m[1m^[22m[39m
 [90m 18 |[39m }
 [90m 19 |[39m 
[90m/* greek-ext 
*/[39m
 [90m 20 |[39m [33
m@[39mfont[33m-[39
mface {[0m

Import map: Resolved 
by import map


Import trace:
  Server Component:
    [next]/internal/f
ont/google/ubuntu_55b
ec97f.module.css
    [next]/internal/f
ont/google/ubuntu_55b
ec97f.js
    ./privlink/src/li
b/fonts.ts
    ./privlink/src/ap
p/layout.tsx

https://nextjs.org/do
cs/messages/module-no
t-found


[next]/internal/font/
google/ubuntu_55bec97
f.module.css:26:9
Module not found: 
Can't resolve '@verce
l/turbopack-next/inte
rnal/font/google/font
'
[0m [90m 24 |[39m 
  font[33m-[39mdisp
lay[33m:[39m 
swap[33m;[39m
 [90m 25 |[39m   
src[33m:[39m url([
33m@[39mvercel[33m/
[39mturbopack[33m-
[39mnext[33m/[39min
ternal[33m/[39mfont
[33m/[39mgoogle[35
m/font?{%22url%22:%22
https:/[39m[33m/[3
9mfonts[33m.[39mgst
atic[33m.[39mcom[3
3m/[39ms[33m/[39mu
buntu[33m/[39mv21[
33m/[39m[35m4[39mi
Cs6KVjbNBYlgoKcw72nU6
AF7xm[33m.[39mwoff2
[33m%[39m[35m22[3
9m[33m,[39m[33m%[
39m[35m22[39mpreloa
d[33m%[39m[35m22[
39m[33m:[39m[36mfa
lse[39m[33m,[39m[
33m%[39m[35m22[39m
has_size_adjust[33m%
[39m[35m22[39m[33
m:[39m[36mtrue[39m
}) format([32m'woff2
'[39m)[33m;[39m
[31m[1m>[22m[39m
[90m 26 |[39m   unic
ode[33m-[39mrange[
33m:[39m [33mU[39m
[33m+[39m[35m1[39
m[33mF00[39m[33m-
[39m[35m1[39m[33mF
FF[39m[33m;[39m
 [90m    |[39m     
    
[31m[1m^[22m[39m
 [90m 27 |[39m }
 [90m 28 |[39m 
[90m/* greek */[39m
 [90m 29 |[39m [33
m@[39mfont[33m-[39
mface {[0m

Import map: Resolved 
by import map


Import trace:
  Server Component:
    [next]/internal/f
ont/google/ubuntu_55b
ec97f.module.css
    [next]/internal/f
ont/google/ubuntu_55b
ec97f.js
    ./privlink/src/li
b/fonts.ts
    ./privlink/src/ap
p/layout.tsx

https://nextjs.org/do
cs/messages/module-no
t-found


[next]/internal/font/
google/ubuntu_55bec97
f.module.css:35:9
Module not found: 
Can't resolve '@verce
l/turbopack-next/inte
rnal/font/google/font
'
[0m [90m 33 |[39m 
  font[33m-[39mdisp
lay[33m:[39m 
swap[33m;[39m
 [90m 34 |[39m   
src[33m:[39m url([
33m@[39mvercel[33m/
[39mturbopack[33m-
[39mnext[33m/[39min
ternal[33m/[39mfont
[33m/[39mgoogle[35
m/font?{%22url%22:%22
https:/[39m[33m/[3
9mfonts[33m.[39mgst
atic[33m.[39mcom[3
3m/[39ms[33m/[39mu
buntu[33m/[39mv21[
33m/[39m[35m4[39mi
Cs6KVjbNBYlgoKfA72nU6
AF7xm[33m.[39mwoff2
[33m%[39m[35m22[3
9m[33m,[39m[33m%[
39m[35m22[39mpreloa
d[33m%[39m[35m22[
39m[33m:[39m[36mfa
lse[39m[33m,[39m[
33m%[39m[35m22[39m
has_size_adjust[33m%
[39m[35m22[39m[33
m:[39m[36mtrue[39m
}) format([32m'woff2
'[39m)[33m;[39m
[31m[1m>[22m[39m
[90m 35 |[39m   unic
ode[33m-[39mrange[
33m:[39m [33mU[39m
[33m+[39m[35m0370
[39m[33m-[39m[35m0
377[39m[33m,[39m 
[33mU[39m[33m+[39m
[35m037[39m[33mA[
39m[33m-[39m[35m03
7[39m[33mF[39m[33
m,[39m [33mU[39m[
33m+[39m[35m0384[3
9m[33m-[39m[35m038
[39m[33mA[39m[33m
,[39m [33mU[39m[3
3m+[39m[35m038[39m
[33mC[39m[33m,[39
m [33mU[39m[33m+[
39m[35m038E-03[39m
[33mA1[39m[33m,[39
m [33mU[39m[33m+[
39m[35m03[39m[33mA
3[39m[33m-[39m[35
m03[39m[33mFF[39m
[33m;[39m
 [90m    |[39m     
    
[31m[1m^[22m[39m
 [90m 36 |[39m }
 [90m 37 |[39m 
[90m/* latin-ext 
*/[39m
 [90m 38 |[39m [33
m@[39mfont[33m-[39
mface {[0m

Import map: Resolved 
by import map


Import trace:
  Server Component:
    [next]/internal/f
ont/google/ubuntu_55b
ec97f.module.css
    [next]/internal/f
ont/google/ubuntu_55b
ec97f.js
    ./privlink/src/li
b/fonts.ts
    ./privlink/src/ap
p/layout.tsx

https://nextjs.org/do
cs/messages/module-no
t-found


[next]/internal/font/
google/ubuntu_55bec97
f.module.css:44:9
Module not found: 
Can't resolve '@verce
l/turbopack-next/inte
rnal/font/google/font
'
[0m [90m 42 |[39m 
  font[33m-[39mdisp
lay[33m:[39m 
swap[33m;[39m
 [90m 43 |[39m   
src[33m:[39m url([
33m@[39mvercel[33m/
[39mturbopack[33m-
[39mnext[33m/[39min
ternal[33m/[39mfont
[33m/[39mgoogle[35
m/font?{%22url%22:%22
https:/[39m[33m/[3
9mfonts[33m.[39mgst
atic[33m.[39mcom[3
3m/[39ms[33m/[39mu
buntu[33m/[39mv21[
33m/[39m[35m4[39mi
Cs6KVjbNBYlgoKcQ72nU6
AF7xm[33m.[39mwoff2
[33m%[39m[35m22[3
9m[33m,[39m[33m%[
39m[35m22[39mpreloa
d[33m%[39m[35m22[
39m[33m:[39m[36mfa
lse[39m[33m,[39m[
33m%[39m[35m22[39m
has_size_adjust[33m%
[39m[35m22[39m[33
m:[39m[36mtrue[39m
}) format([32m'woff2
'[39m)[33m;[39m
[31m[1m>[22m[39m
[90m 44 |[39m   unic
ode[33m-[39mrange[
33m:[39m [33mU[39m
[33m+[39m[35m0100
[39m[33m-[39m[35m0
2[39m[33mBA[39m[3
3m,[39m [33mU[39m
[33m+[39m[35m02[39
m[33mBD[39m[33m-[
39m[35m02[39m[33mC
5[39m[33m,[39m [3
3mU[39m[33m+[39m[
35m02[39m[33mC7[39
m[33m-[39m[35m02[
39m[33mCC[39m[33m,
[39m [33mU[39m[33
m+[39m[35m02[39m[
33mCE[39m[33m-[39m
[35m02[39m[33mD7[
39m[33m,[39m [33mU
[39m[33m+[39m[35m
02[39m[33mDD[39m[
33m-[39m[35m02[39m
[33mFF[39m[33m,[3
9m [33mU[39m[33m+
[39m[35m0304[39m[3
3m,[39m [33mU[39m
[33m+[39m[35m0308[
39m[33m,[39m [33mU
[39m[33m+[39m[35m
0329[39m[33m,[39m 
[33mU[39m[33m+[39
m[35m1[39m[33mD00
[39m[33m-[39m[35m1
[39m[33mDBF[39m[3
3m,[39m [33mU[39m
[33m+[39m[35m1E00[
39m[33m-[39m[35m1E
9[39m[33mF[39m[33
m,[39m [33mU[39m[
33m+[39m[35m1[39m
[33mEF2[39m[33m-[3
9m[35m1[39m[33mEFF
[39m[33m,[39m [33
mU[39m[33m+[39m[3
5m2020[39m[33m,[39
m [33mU[39m[33m+[
39m[35m20[39m[33mA
0[39m[33m-[39m[35
m20[39m[33mAB[39m
[33m,[39m [33mU[39
m[33m+[39m[35m20[
39m[33mAD[39m[33m-
[39m[35m20[39m[33
mC0[39m[33m,[39m 
[33mU[39m[33m+[39m
[35m2113[39m[33m,
[39m [33mU[39m[33m
+[39m[35m2[39m[33
mC60[39m[33m-[39m
[35m2[39m[33mC7F[3
9m[33m,[39m [33mU
[39m[33m+[39m[33mA
720[39m[33m-[39m[
33mA7FF[39m[33m;[3
9m
 [90m    |[39m     
    
[31m[1m^[22m[39m
 [90m 45 |[39m }
 [90m 46 |[39m 
[90m/* latin */[39m
 [90m 47 |[39m [33
m@[39mfont[33m-[39
mface {[0m

Import map: Resolved 
by import map


Import trace:
  Server Component:
    [next]/internal/f
ont/google/ubuntu_55b
ec97f.module.css
    [next]/internal/f
ont/google/ubuntu_55b
ec97f.js
    ./privlink/src/li
b/fonts.ts
    ./privlink/src/ap
p/layout.tsx

https://nextjs.org/do
cs/messages/module-no
t-found


[next]/internal/font/
google/ubuntu_55bec97
f.module.css:53:9
Module not found: 
Can't resolve '@verce
l/turbopack-next/inte
rnal/font/google/font
'
[0m [90m 51 |[39m 
  font[33m-[39mdisp
lay[33m:[39m 
swap[33m;[39m
 [90m 52 |[39m   
src[33m:[39m url([
33m@[39mvercel[33m/
[39mturbopack[33m-
[39mnext[33m/[39min
ternal[33m/[39mfont
[33m/[39mgoogle[35
m/font?{%22url%22:%22
https:/[39m[33m/[3
9mfonts[33m.[39mgst
atic[33m.[39mcom[3
3m/[39ms[33m/[39mu
buntu[33m/[39mv21[
33m/[39m[35m4[39mi
Cs6KVjbNBYlgoKfw72nU6
AFw[33m.[39mwoff2[
33m%[39m[35m22[39m
[33m,[39m[33m%[39
m[35m22[39mpreload
[33m%[39m[35m22[39
m[33m:[39m[36mtrue
[39m[33m,[39m[33m
%[39m[35m22[39mhas
_size_adjust[33m%[3
9m[35m22[39m[33m:
[39m[36mtrue[39m}) 
format([32m'woff2'[
39m)[33m;[39m
[31m[1m>[22m[39m
[90m 53 |[39m   unic
ode[33m-[39mrange[
33m:[39m [33mU[39m
[33m+[39m[35m0000
[39m[33m-[39m[35m0
0[39m[33mFF[39m[3
3m,[39m [33mU[39m
[33m+[39m[35m0131[
39m[33m,[39m [33mU
[39m[33m+[39m[35m
0152[39m[33m-[39m
[35m0153[39m[33m,[
39m [33mU[39m[33m+
[39m[35m02[39m[33
mBB[39m[33m-[39m[
35m02[39m[33mBC[39
m[33m,[39m [33mU[
39m[33m+[39m[35m02
[39m[33mC6[39m[33
m,[39m [33mU[39m[
33m+[39m[35m02[39m
[33mDA[39m[33m,[3
9m [33mU[39m[33m+
[39m[35m02[39m[33m
DC[39m[33m,[39m [
33mU[39m[33m+[39m
[35m0304[39m[33m,[
39m [33mU[39m[33m+
[39m[35m0308[39m[
33m,[39m [33mU[39m
[33m+[39m[35m0329
[39m[33m,[39m [33m
U[39m[33m+[39m[35
m2000[39m[33m-[39m
[35m206[39m[33mF[
39m[33m,[39m [33mU
[39m[33m+[39m[35m
20[39m[33mAC[39m[
33m,[39m [33mU[39m
[33m+[39m[35m2122
[39m[33m,[39m [33m
U[39m[33m+[39m[35
m2191[39m[33m,[39m
 [33mU[39m[33m+[3
9m[35m2193[39m[33m
,[39m [33mU[39m[3
3m+[39m[35m2212[39
m[33m,[39m [33mU[
39m[33m+[39m[35m22
15[39m[33m,[39m [
33mU[39m[33m+[39m
[33mFEFF[39m[33m,[
39m [33mU[39m[33m+
[39m[33mFFFD[39m[
33m;[39m
 [90m    |[39m     
    
[31m[1m^[22m[39m
 [90m 54 |[39m }
 [90m 55 |[39m 
[90m/* cyrillic-ext 
*/[39m
 [90m 56 |[39m [33
m@[39mfont[33m-[39
mface {[0m

Import map: Resolved 
by import map


Import trace:
  Server Component:
    [next]/internal/f
ont/google/ubuntu_55b
ec97f.module.css
    [next]/internal/f
ont/google/ubuntu_55b
ec97f.js
    ./privlink/src/li
b/fonts.ts
    ./privlink/src/ap
p/layout.tsx

https://nextjs.org/do
cs/messages/module-no
t-found


[next]/internal/font/
google/ubuntu_55bec97
f.module.css:62:9
Module not found: 
Can't resolve '@verce
l/turbopack-next/inte
rnal/font/google/font
'
[0m [90m 60 |[39m 
  font[33m-[39mdisp
lay[33m:[39m 
swap[33m;[39m
 [90m 61 |[39m   
src[33m:[39m url([
33m@[39mvercel[33m/
[39mturbopack[33m-
[39mnext[33m/[39min
ternal[33m/[39mfont
[33m/[39mgoogle[35
m/font?{%22url%22:%22
https:/[39m[33m/[3
9mfonts[33m.[39mgst
atic[33m.[39mcom[3
3m/[39ms[33m/[39mu
buntu[33m/[39mv21[
33m/[39m[35m4[39mi
Cv6KVjbNBYlgoCxCvjvWy
NPYZvg7UI[33m.[39mw
off2[33m%[39m[35m2
2[39m[33m,[39m[33
m%[39m[35m22[39mpr
eload[33m%[39m[35m
22[39m[33m:[39m[3
6mfalse[39m[33m,[3
9m[33m%[39m[35m22
[39mhas_size_adjust[
33m%[39m[35m22[39m
[33m:[39m[36mtrue
[39m}) format([32m'w
off2'[39m)[33m;[39
m
[31m[1m>[22m[39m
[90m 62 |[39m   unic
ode[33m-[39mrange[
33m:[39m [33mU[39m
[33m+[39m[35m0460
[39m[33m-[39m[35m0
52[39m[33mF[39m[3
3m,[39m [33mU[39m
[33m+[39m[35m1[39m
[33mC80[39m[33m-[
39m[35m1[39m[33mC8
A[39m[33m,[39m [3
3mU[39m[33m+[39m[
35m20[39m[33mB4[39
m[33m,[39m [33mU[
39m[33m+[39m[35m2
[39m[33mDE0[39m[33
m-[39m[35m2[39m[3
3mDFF[39m[33m,[39m
 [33mU[39m[33m+[3
9m[33mA640[39m[33m
-[39m[33mA69F[39m
[33m,[39m [33mU[39
m[33m+[39m[33mFE2E
[39m[33m-[39m[33m
FE2F[39m[33m;[39m
 [90m    |[39m     
    
[31m[1m^[22m[39m
 [90m 63 |[39m }
 [90m 64 |[39m 
[90m/* cyrillic 
*/[39m
 [90m 65 |[39m [33
m@[39mfont[33m-[39
mface {[0m

Import map: Resolved 
by import map


Import trace:
  Server Component:
    [next]/internal/f
ont/google/ubuntu_55b
ec97f.module.css
    [next]/internal/f
ont/google/ubuntu_55b
ec97f.js
    ./privlink/src/li
b/fonts.ts
    ./privlink/src/ap
p/layout.tsx

https://nextjs.org/do
cs/messages/module-no
t-found


[next]/internal/font/
google/ubuntu_55bec97
f.module.css:71:9
Module not found: 
Can't resolve '@verce
l/turbopack-next/inte
rnal/font/google/font
'
[0m [90m 69 |[39m 
  font[33m-[39mdisp
lay[33m:[39m 
swap[33m;[39m
 [90m 70 |[39m   
src[33m:[39m url([
33m@[39mvercel[33m/
[39mturbopack[33m-
[39mnext[33m/[39min
ternal[33m/[39mfont
[33m/[39mgoogle[35
m/font?{%22url%22:%22
https:/[39m[33m/[3
9mfonts[33m.[39mgst
atic[33m.[39mcom[3
3m/[39ms[33m/[39mu
buntu[33m/[39mv21[
33m/[39m[35m4[39mi
Cv6KVjbNBYlgoCxCvjtGy
NPYZvg7UI[33m.[39mw
off2[33m%[39m[35m2
2[39m[33m,[39m[33
m%[39m[35m22[39mpr
eload[33m%[39m[35m
22[39m[33m:[39m[3
6mfalse[39m[33m,[3
9m[33m%[39m[35m22
[39mhas_size_adjust[
33m%[39m[35m22[39m
[33m:[39m[36mtrue
[39m}) format([32m'w
off2'[39m)[33m;[39
m
[31m[1m>[22m[39m
[90m 71 |[39m   unic
ode[33m-[39mrange[
33m:[39m [33mU[39m
[33m+[39m[35m0301
[39m[33m,[39m [33m
U[39m[33m+[39m[35
m0400[39m[33m-[39m
[35m045[39m[33mF[
39m[33m,[39m [33mU
[39m[33m+[39m[35m
0490[39m[33m-[39m
[35m0491[39m[33m,[
39m [33mU[39m[33m+
[39m[35m04[39m[33
mB0[39m[33m-[39m[
35m04[39m[33mB1[39
m[33m,[39m [33mU[
39m[33m+[39m[35m21
16[39m[33m;[39m
 [90m    |[39m     
    
[31m[1m^[22m[39m
 [90m 72 |[39m }
 [90m 73 |[39m 
[90m/* greek-ext 
*/[39m
 [90m 74 |[39m [33
m@[39mfont[33m-[39
mface {[0m

Import map: Resolved 
by import map


Import trace:
  Server Component:
    [next]/internal/f
ont/google/ubuntu_55b
ec97f.module.css
    [next]/internal/f
ont/google/ubuntu_55b
ec97f.js
    ./privlink/src/li
b/fonts.ts
    ./privlink/src/ap
p/layout.tsx

https://nextjs.org/do
cs/messages/module-no
t-found


[next]/internal/font/
google/ubuntu_55bec97
f.module.css:80:9
Module not found: 
Can't resolve '@verce
l/turbopack-next/inte
rnal/font/google/font
'
[0m [90m 78 |[39m 
  font[33m-[39mdisp
lay[33m:[39m 
swap[33m;[39m
 [90m 79 |[39m   
src[33m:[39m url([
33m@[39mvercel[33m/
[39mturbopack[33m-
[39mnext[33m/[39min
ternal[33m/[39mfont
[33m/[39mgoogle[35
m/font?{%22url%22:%22
https:/[39m[33m/[3
9mfonts[33m.[39mgst
atic[33m.[39mcom[3
3m/[39ms[33m/[39mu
buntu[33m/[39mv21[
33m/[39m[35m4[39mi
Cv6KVjbNBYlgoCxCvjvGy
NPYZvg7UI[33m.[39mw
off2[33m%[39m[35m2
2[39m[33m,[39m[33
m%[39m[35m22[39mpr
eload[33m%[39m[35m
22[39m[33m:[39m[3
6mfalse[39m[33m,[3
9m[33m%[39m[35m22
[39mhas_size_adjust[
33m%[39m[35m22[39m
[33m:[39m[36mtrue
[39m}) format([32m'w
off2'[39m)[33m;[39
m
[31m[1m>[22m[39m
[90m 80 |[39m   unic
ode[33m-[39mrange[
33m:[39m [33mU[39m
[33m+[39m[35m1[39
m[33mF00[39m[33m-
[39m[35m1[39m[33mF
FF[39m[33m;[39m
 [90m    |[39m     
    
[31m[1m^[22m[39m
 [90m 81 |[39m }
 [90m 82 |[39m 
[90m/* greek */[39m
 [90m 83 |[39m [33
m@[39mfont[33m-[39
mface {[0m

Import map: Resolved 
by import map


Import trace:
  Server Component:
    [next]/internal/f
ont/google/ubuntu_55b
ec97f.module.css
    [next]/internal/f
ont/google/ubuntu_55b
ec97f.js
    ./privlink/src/li
b/fonts.ts
    ./privlink/src/ap
p/layout.tsx

https://nextjs.org/do
cs/messages/module-no
t-found


[next]/internal/font/
google/ubuntu_55bec97
f.module.css:89:9
Module not found: 
Can't resolve '@verce
l/turbopack-next/inte
rnal/font/google/font
'
[0m [90m 87 |[39m 
  font[33m-[39mdisp
lay[33m:[39m 
swap[33m;[39m
 [90m 88 |[39m   
src[33m:[39m url([
33m@[39mvercel[33m/
[39mturbopack[33m-
[39mnext[33m/[39min
ternal[33m/[39mfont
[33m/[39mgoogle[35
m/font?{%22url%22:%22
https:/[39m[33m/[3
9mfonts[33m.[39mgst
atic[33m.[39mcom[3
3m/[39ms[33m/[39mu
buntu[33m/[39mv21[
33m/[39m[35m4[39mi
Cv6KVjbNBYlgoCxCvjs2y
NPYZvg7UI[33m.[39mw
off2[33m%[39m[35m2
2[39m[33m,[39m[33
m%[39m[35m22[39mpr
eload[33m%[39m[35m
22[39m[33m:[39m[3
6mfalse[39m[33m,[3
9m[33m%[39m[35m22
[39mhas_size_adjust[
33m%[39m[35m22[39m
[33m:[39m[36mtrue
[39m}) format([32m'w
off2'[39m)[33m;[39
m
[31m[1m>[22m[39m
[90m 89 |[39m   unic
ode[33m-[39mrange[
33m:[39m [33mU[39m
[33m+[39m[35m0370
[39m[33m-[39m[35m0
377[39m[33m,[39m 
[33mU[39m[33m+[39m
[35m037[39m[33mA[
39m[33m-[39m[35m03
7[39m[33mF[39m[33
m,[39m [33mU[39m[
33m+[39m[35m0384[3
9m[33m-[39m[35m038
[39m[33mA[39m[33m
,[39m [33mU[39m[3
3m+[39m[35m038[39m
[33mC[39m[33m,[39
m [33mU[39m[33m+[
39m[35m038E-03[39m
[33mA1[39m[33m,[39
m [33mU[39m[33m+[
39m[35m03[39m[33mA
3[39m[33m-[39m[35
m03[39m[33mFF[39m
[33m;[39m
 [90m    |[39m     
    
[31m[1m^[22m[39m
 [90m 90 |[39m }
 [90m 91 |[39m 
[90m/* latin-ext 
*/[39m
 [90m 92 |[39m [33
m@[39mfont[33m-[39
mface {[0m

Import map: Resolved 
by import map


Import trace:
  Server Component:
    [next]/internal/f
ont/google/ubuntu_55b
ec97f.module.css
    [next]/internal/f
ont/google/ubuntu_55b
ec97f.js
    ./privlink/src/li
b/fonts.ts
    ./privlink/src/ap
p/layout.tsx

https://nextjs.org/do
cs/messages/module-no
t-found


[next]/internal/font/
google/ubuntu_55bec97
f.module.css:98:9
Module not found: 
Can't resolve '@verce
l/turbopack-next/inte
rnal/font/google/font
'
[0m [90m  96 
|[39m   font[33m-[
39mdisplay[33m:[39m
 swap[33m;[39m
 [90m  97 |[39m   
src[33m:[39m url([
33m@[39mvercel[33m/
[39mturbopack[33m-
[39mnext[33m/[39min
ternal[33m/[39mfont
[33m/[39mgoogle[35
m/font?{%22url%22:%22
https:/[39m[33m/[3
9mfonts[33m.[39mgst
atic[33m.[39mcom[3
3m/[39ms[33m/[39mu
buntu[33m/[39mv21[
33m/[39m[35m4[39mi
Cv6KVjbNBYlgoCxCvjvmy
NPYZvg7UI[33m.[39mw
off2[33m%[39m[35m2
2[39m[33m,[39m[33
m%[39m[35m22[39mpr
eload[33m%[39m[35m
22[39m[33m:[39m[3
6mfalse[39m[33m,[3
9m[33m%[39m[35m22
[39mhas_size_adjust[
33m%[39m[35m22[39m
[33m:[39m[36mtrue
[39m}) format([32m'w
off2'[39m)[33m;[39
m
[31m[1m>[22m[39m
[90m  98 |[39m   uni
code[33m-[39mrange
[33m:[39m [33mU[39
m[33m+[39m[35m0100
[39m[33m-[39m[35m
02[39m[33mBA[39m[
33m,[39m [33mU[39m
[33m+[39m[35m02[3
9m[33mBD[39m[33m-
[39m[35m02[39m[33m
C5[39m[33m,[39m [
33mU[39m[33m+[39m
[35m02[39m[33mC7[3
9m[33m-[39m[35m02
[39m[33mCC[39m[33m
,[39m [33mU[39m[3
3m+[39m[35m02[39m
[33mCE[39m[33m-[39
m[35m02[39m[33mD7
[39m[33m,[39m [33m
U[39m[33m+[39m[35
m02[39m[33mDD[39m
[33m-[39m[35m02[39
m[33mFF[39m[33m,[
39m [33mU[39m[33m+
[39m[35m0304[39m[
33m,[39m [33mU[39m
[33m+[39m[35m0308
[39m[33m,[39m [33m
U[39m[33m+[39m[35
m0329[39m[33m,[39m
 [33mU[39m[33m+[3
9m[35m1[39m[33mD00
[39m[33m-[39m[35m
1[39m[33mDBF[39m[
33m,[39m [33mU[39m
[33m+[39m[35m1E00
[39m[33m-[39m[35m1
E9[39m[33mF[39m[3
3m,[39m [33mU[39m
[33m+[39m[35m1[39m
[33mEF2[39m[33m-[
39m[35m1[39m[33mEF
F[39m[33m,[39m [3
3mU[39m[33m+[39m[
35m2020[39m[33m,[3
9m [33mU[39m[33m+
[39m[35m20[39m[33m
A0[39m[33m-[39m[3
5m20[39m[33mAB[39m
[33m,[39m [33mU[3
9m[33m+[39m[35m20
[39m[33mAD[39m[33m
-[39m[35m20[39m[3
3mC0[39m[33m,[39m 
[33mU[39m[33m+[39
m[35m2113[39m[33m,
[39m [33mU[39m[33
m+[39m[35m2[39m[3
3mC60[39m[33m-[39m
[35m2[39m[33mC7F[
39m[33m,[39m [33mU
[39m[33m+[39m[33m
A720[39m[33m-[39m
[33mA7FF[39m[33m;[
39m
 [90m     |[39m    
     
[31m[1m^[22m[39m
 [90m  99 |[39m }
 [90m 100 |[39m 
[90m/* latin */[39m
 [90m 101 |[39m [3
3m@[39mfont[33m-[3
9mface {[0m

Import map: Resolved 
by import map


Import trace:
  Server Component:
    [next]/internal/f
ont/google/ubuntu_55b
ec97f.module.css
    [next]/internal/f
ont/google/ubuntu_55b
ec97f.js
    ./privlink/src/li
b/fonts.ts
    ./privlink/src/ap
p/layout.tsx

https://nextjs.org/do
cs/messages/module-no
t-found


[next]/internal/font/
google/ubuntu_55bec97
f.module.css:107:9
Module not found: 
Can't resolve '@verce
l/turbopack-next/inte
rnal/font/google/font
'
[0m [90m 105 
|[39m   font[33m-[
39mdisplay[33m:[39m
 swap[33m;[39m
 [90m 106 |[39m   
src[33m:[39m url([
33m@[39mvercel[33m/
[39mturbopack[33m-
[39mnext[33m/[39min
ternal[33m/[39mfont
[33m/[39mgoogle[35
m/font?{%22url%22:%22
https:/[39m[33m/[3
9mfonts[33m.[39mgst
atic[33m.[39mcom[3
3m/[39ms[33m/[39mu
buntu[33m/[39mv21[
33m/[39m[35m4[39mi
Cv6KVjbNBYlgoCxCvjsGy
NPYZvgw[33m.[39mwof
f2[33m%[39m[35m22
[39m[33m,[39m[33m%
[39m[35m22[39mprel
oad[33m%[39m[35m22
[39m[33m:[39m[36m
true[39m[33m,[39m
[33m%[39m[35m22[39
mhas_size_adjust[33m
%[39m[35m22[39m[3
3m:[39m[36mtrue[39
m}) format([32m'woff
2'[39m)[33m;[39m
[31m[1m>[22m[39m
[90m 107 |[39m   uni
code[33m-[39mrange
[33m:[39m [33mU[39
m[33m+[39m[35m0000
[39m[33m-[39m[35m
00[39m[33mFF[39m[
33m,[39m [33mU[39m
[33m+[39m[35m0131
[39m[33m,[39m [33m
U[39m[33m+[39m[35
m0152[39m[33m-[39m
[35m0153[39m[33m,
[39m [33mU[39m[33m
+[39m[35m02[39m[3
3mBB[39m[33m-[39m
[35m02[39m[33mBC[3
9m[33m,[39m [33mU
[39m[33m+[39m[35m0
2[39m[33mC6[39m[3
3m,[39m [33mU[39m
[33m+[39m[35m02[39
m[33mDA[39m[33m,[
39m [33mU[39m[33m+
[39m[35m02[39m[33
mDC[39m[33m,[39m 
[33mU[39m[33m+[39m
[35m0304[39m[33m,
[39m [33mU[39m[33m
+[39m[35m0308[39m
[33m,[39m [33mU[39
m[33m+[39m[35m0329
[39m[33m,[39m [33
mU[39m[33m+[39m[3
5m2000[39m[33m-[39
m[35m206[39m[33mF
[39m[33m,[39m [33m
U[39m[33m+[39m[35
m20[39m[33mAC[39m
[33m,[39m [33mU[39
m[33m+[39m[35m2122
[39m[33m,[39m [33
mU[39m[33m+[39m[3
5m2191[39m[33m,[39
m [33mU[39m[33m+[
39m[35m2193[39m[33
m,[39m [33mU[39m[
33m+[39m[35m2212[3
9m[33m,[39m [33mU
[39m[33m+[39m[35m2
215[39m[33m,[39m 
[33mU[39m[33m+[39m
[33mFEFF[39m[33m,
[39m [33mU[39m[33m
+[39m[33mFFFD[39m
[33m;[39m
 [90m     |[39m    
     
[31m[1m^[22m[39m
 [90m 108 |[39m }
 [90m 109 |[39m [3
3m@[39mfont[33m-[3
9mface {
 [90m 110 |[39m    
 font[33m-[39mfamil
y[33m:[39m 
[32m'Ubuntu Fallback
'[39m[33m;[39m[0m

Import map: Resolved 
by import map


Import trace:
  Server Component:
    [next]/internal/f
ont/google/ubuntu_55b
ec97f.module.css
    [next]/internal/f
ont/google/ubuntu_55b
ec97f.js
    ./privlink/src/li
b/fonts.ts
    ./privlink/src/ap
p/layout.tsx

https://nextjs.org/do
cs/messages/module-no
t-found


[next]/internal/font/
google/abril_fatface_
b4e87078.module.css
next/font: error:
Failed to fetch 
`Abril Fatface` from 
Google Fonts.

Import trace:
  Server Component:
    [next]/internal/f
ont/google/abril_fatf
ace_b4e87078.module.c
ss
    [next]/internal/f
ont/google/abril_fatf
ace_b4e87078.js
    ./privlink/src/li
b/fonts.ts
    ./privlink/src/ap
p/layout.tsx


[next]/internal/font/
google/anton_91ec5b64
.module.css
next/font: error:
Failed to fetch 
`Anton` from Google 
Fonts.

Import trace:
  Server Component:
    [next]/internal/f
ont/google/anton_91ec
5b64.module.css
    [next]/internal/f
ont/google/anton_91ec
5b64.js
    ./privlink/src/li
b/fonts.ts
    ./privlink/src/ap
p/layout.tsx


[next]/internal/font/
google/bebas_neue_a09
14553.module.css
next/font: error:
Failed to fetch 
`Bebas Neue` from 
Google Fonts.

Import trace:
  Server Component:
    [next]/internal/f
ont/google/bebas_neue
_a0914553.module.css
    [next]/internal/f
ont/google/bebas_neue
_a0914553.js
    ./privlink/src/li
b/fonts.ts
    ./privlink/src/ap
p/layout.tsx


[next]/internal/font/
google/exo_2_88d03b82
.module.css
next/font: error:
Failed to fetch `Exo 
2` from Google Fonts.

Import trace:
  Server Component:
    [next]/internal/f
ont/google/exo_2_88d0
3b82.module.css
    [next]/internal/f
ont/google/exo_2_88d0
3b82.js
    ./privlink/src/li
b/fonts.ts
    ./privlink/src/ap
p/layout.tsx


[next]/internal/font/
google/inter_e8e54af.
module.css
next/font: error:
Failed to fetch 
`Inter` from Google 
Fonts.

Import trace:
  Server Component:
    [next]/internal/f
ont/google/inter_e8e5
4af.module.css
    [next]/internal/f
ont/google/inter_e8e5
4af.js
    ./privlink/src/li
b/fonts.ts
    ./privlink/src/ap
p/layout.tsx


[next]/internal/font/
google/kanit_d8c81dd4
.module.css
next/font: error:
Failed to fetch 
`Kanit` from Google 
Fonts.

Import trace:
  Server Component:
    [next]/internal/f
ont/google/kanit_d8c8
1dd4.module.css
    [next]/internal/f
ont/google/kanit_d8c8
1dd4.js
    ./privlink/src/li
b/fonts.ts
    ./privlink/src/ap
p/layout.tsx


[next]/internal/font/
google/lato_fee01702.
module.css
next/font: error:
Failed to fetch 
`Lato` from Google 
Fonts.

Import trace:
  Server Component:
    [next]/internal/f
ont/google/lato_fee01
702.module.css
    [next]/internal/f
ont/google/lato_fee01
702.js
    ./privlink/src/li
b/fonts.ts
    ./privlink/src/ap
p/layout.tsx


[next]/internal/font/
google/lobster_253dc3
31.module.css
next/font: error:
Failed to fetch 
`Lobster` from 
Google Fonts.

Import trace:
  Server Component:
    [next]/internal/f
ont/google/lobster_25
3dc331.module.css
    [next]/internal/f
ont/google/lobster_25
3dc331.js
    ./privlink/src/li
b/fonts.ts
    ./privlink/src/ap
p/layout.tsx


[next]/internal/font/
google/lora_89cfb44c.
module.css
next/font: error:
Failed to fetch 
`Lora` from Google 
Fonts.

Import trace:
  Server Component:
    [next]/internal/f
ont/google/lora_89cfb
44c.module.css
    [next]/internal/f
ont/google/lora_89cfb
44c.js
    ./privlink/src/li
b/fonts.ts
    ./privlink/src/ap
p/layout.tsx


[next]/internal/font/
google/merriweather_7
57e132.module.css
next/font: error:
Failed to fetch 
`Merriweather` from 
Google Fonts.

Import trace:
  Server Component:
    [next]/internal/f
ont/google/merriweath
er_757e132.module.css
    [next]/internal/f
ont/google/merriweath
er_757e132.js
    ./privlink/src/li
b/fonts.ts
    ./privlink/src/ap
p/layout.tsx


[next]/internal/font/
google/montserrat_dba
a1693.module.css
next/font: error:
Failed to fetch 
`Montserrat` from 
Google Fonts.

Import trace:
  Server Component:
    [next]/internal/f
ont/google/montserrat
_dbaa1693.module.css
    [next]/internal/f
ont/google/montserrat
_dbaa1693.js
    ./privlink/src/li
b/fonts.ts
    ./privlink/src/ap
p/layout.tsx


[next]/internal/font/
google/mulish_fcec98c
3.module.css
next/font: error:
Failed to fetch 
`Mulish` from Google 
Fonts.

Import trace:
  Server Component:
    [next]/internal/f
ont/google/mulish_fce
c98c3.module.css
    [next]/internal/f
ont/google/mulish_fce
c98c3.js
    ./privlink/src/li
b/fonts.ts
    ./privlink/src/ap
p/layout.tsx


[next]/internal/font/
google/open_sans_c7a6
d839.module.css
next/font: error:
Failed to fetch 
`Open Sans` from 
Google Fonts.

Import trace:
  Server Component:
    [next]/internal/f
ont/google/open_sans_
c7a6d839.module.css
    [next]/internal/f
ont/google/open_sans_
c7a6d839.js
    ./privlink/src/li
b/fonts.ts
    ./privlink/src/ap
p/layout.tsx


[next]/internal/font/
google/playfair_displ
ay_b979ab0d.module.cs
s
next/font: error:
Failed to fetch 
`Playfair Display` 
from Google Fonts.

Import trace:
  Server Component:
    [next]/internal/f
ont/google/playfair_d
isplay_b979ab0d.modul
e.css
    [next]/internal/f
ont/google/playfair_d
isplay_b979ab0d.js
    ./privlink/src/li
b/fonts.ts
    ./privlink/src/ap
p/layout.tsx


[next]/internal/font/
google/poppins_484fed
be.module.css
next/font: error:
Failed to fetch 
`Poppins` from 
Google Fonts.

Import trace:
  Server Component:
    [next]/internal/f
ont/google/poppins_48
4fedbe.module.css
    [next]/internal/f
ont/google/poppins_48
4fedbe.js
    ./privlink/src/li
b/fonts.ts
    ./privlink/src/ap
p/layout.tsx


[next]/internal/font/
google/raleway_6ebe92
60.module.css
next/font: error:
Failed to fetch 
`Raleway` from 
Google Fonts.

Import trace:
  Server Component:
    [next]/internal/f
ont/google/raleway_6e
be9260.module.css
    [next]/internal/f
ont/google/raleway_6e
be9260.js
    ./privlink/src/li
b/fonts.ts
    ./privlink/src/ap
p/layout.tsx


[next]/internal/font/
google/rubik_72bf7d64
.module.css
next/font: error:
Failed to fetch 
`Rubik` from Google 
Fonts.

Import trace:
  Server Component:
    [next]/internal/f
ont/google/rubik_72bf
7d64.module.css
    [next]/internal/f
ont/google/rubik_72bf
7d64.js
    ./privlink/src/li
b/fonts.ts
    ./privlink/src/ap
p/layout.tsx


[next]/internal/font/
google/work_sans_89d1
319d.module.css
next/font: error:
Failed to fetch 
`Work Sans` from 
Google Fonts.

Import trace:
  Server Component:
    [next]/internal/f
ont/google/work_sans_
89d1319d.module.css
    [next]/internal/f
ont/google/work_sans_
89d1319d.js
    ./privlink/src/li
b/fonts.ts
    ./privlink/src/ap
p/layout.tsx


    at <unknown> ([ne
xt]/internal/font/goo
gle/dancing_script_c1
1f63a1.module.css:8:9
)
    at <unknown> (htt
ps://nextjs.org/docs/
messages/module-not-f
ound)
    at <unknown> ([ne
xt]/internal/font/goo
gle/dancing_script_c1
1f63a1.module.css:26:
9)
    at <unknown> (htt
ps://nextjs.org/docs/
messages/module-not-f
ound)
    at <unknown> ([ne
xt]/internal/font/goo
gle/geist_a71539c9.mo
dule.css:8:9)
    at <unknown> (htt
ps://nextjs.org/docs/
messages/module-not-f
ound)
    at <unknown> ([ne
xt]/internal/font/goo
gle/geist_a71539c9.mo
dule.css:17:9)
    at <unknown> (htt
ps://nextjs.org/docs/
messages/module-not-f
ound)
    at <unknown> ([ne
xt]/internal/font/goo
gle/geist_a71539c9.mo
dule.css:26:9)
    at <unknown> (htt
ps://nextjs.org/docs/
messages/module-not-f
ound)
    at <unknown> ([ne
xt]/internal/font/goo
gle/geist_mono_8d43a2
aa.module.css:8:9)
    at <unknown> (htt
ps://nextjs.org/docs/
messages/module-not-f
ound)
    at <unknown> ([ne
xt]/internal/font/goo
gle/geist_mono_8d43a2
aa.module.css:17:9)
    at <unknown> (htt
ps://nextjs.org/docs/
messages/module-not-f
ound)
    at <unknown> ([ne
xt]/internal/font/goo
gle/geist_mono_8d43a2
aa.module.css:26:9)
    at <unknown> (htt
ps://nextjs.org/docs/
messages/module-not-f
ound)
    at <unknown> ([ne
xt]/internal/font/goo
gle/josefin_sans_c96d
8e00.module.css:8:9)
    at <unknown> (htt
ps://nextjs.org/docs/
messages/module-not-f
ound)
    at <unknown> ([ne
xt]/internal/font/goo
gle/josefin_sans_c96d
8e00.module.css:17:9)
    at <unknown> (htt
ps://nextjs.org/docs/
messages/module-not-f
ound)
    at <unknown> ([ne
xt]/internal/font/goo
gle/josefin_sans_c96d
8e00.module.css:26:9)
    at <unknown> (htt
ps://nextjs.org/docs/
messages/module-not-f
ound)
    at <unknown> ([ne
xt]/internal/font/goo
gle/nunito_7dba0d29.m
odule.css:8:9)
    at <unknown> (htt
ps://nextjs.org/docs/
messages/module-not-f
ound)
    at <unknown> ([ne
xt]/internal/font/goo
gle/nunito_7dba0d29.m
odule.css:17:9)
    at <unknown> (htt
ps://nextjs.org/docs/
messages/module-not-f
ound)
    at <unknown> ([ne
xt]/internal/font/goo
gle/nunito_7dba0d29.m
odule.css:26:9)
    at <unknown> (htt
ps://nextjs.org/docs/
messages/module-not-f
ound)
    at <unknown> ([ne
xt]/internal/font/goo
gle/nunito_7dba0d29.m
odule.css:35:9)
    at <unknown> (htt
ps://nextjs.org/docs/
messages/module-not-f
ound)
    at <unknown> ([ne
xt]/internal/font/goo
gle/nunito_7dba0d29.m
odule.css:44:9)
    at <unknown> (htt
ps://nextjs.org/docs/
messages/module-not-f
ound)
    at <unknown> ([ne
xt]/internal/font/goo
gle/oswald_16ee1c1c.m
odule.css:8:9)
    at <unknown> (htt
ps://nextjs.org/docs/
messages/module-not-f
ound)
    at <unknown> ([ne
xt]/internal/font/goo
gle/oswald_16ee1c1c.m
odule.css:17:9)
    at <unknown> (htt
ps://nextjs.org/docs/
messages/module-not-f
ound)
    at <unknown> ([ne
xt]/internal/font/goo
gle/oswald_16ee1c1c.m
odule.css:26:9)
    at <unknown> (htt
ps://nextjs.org/docs/
messages/module-not-f
ound)
    at <unknown> ([ne
xt]/internal/font/goo
gle/oswald_16ee1c1c.m
odule.css:35:9)
    at <unknown> (htt
ps://nextjs.org/docs/
messages/module-not-f
ound)
    at <unknown> ([ne
xt]/internal/font/goo
gle/oswald_16ee1c1c.m
odule.css:44:9)
    at <unknown> (htt
ps://nextjs.org/docs/
messages/module-not-f
ound)
    at <unknown> ([ne
xt]/internal/font/goo
gle/pacifico_6027e7a1
.module.css:8:9)
    at <unknown> (htt
ps://nextjs.org/docs/
messages/module-not-f
ound)
    at <unknown> ([ne
xt]/internal/font/goo
gle/pacifico_6027e7a1
.module.css:17:9)
    at <unknown> (htt
ps://nextjs.org/docs/
messages/module-not-f
ound)
    at <unknown> ([ne
xt]/internal/font/goo
gle/pacifico_6027e7a1
.module.css:26:9)
    at <unknown> (htt
ps://nextjs.org/docs/
messages/module-not-f
ound)
    at <unknown> ([ne
xt]/internal/font/goo
gle/pacifico_6027e7a1
.module.css:35:9)
    at <unknown> (htt
ps://nextjs.org/docs/
messages/module-not-f
ound)
    at <unknown> ([ne
xt]/internal/font/goo
gle/pacifico_6027e7a1
.module.css:44:9)
    at <unknown> (htt
ps://nextjs.org/docs/
messages/module-not-f
ound)
    at <unknown> ([ne
xt]/internal/font/goo
gle/quicksand_7ec9eb9
0.module.css:8:9)
    at <unknown> (htt
ps://nextjs.org/docs/
messages/module-not-f
ound)
    at <unknown> ([ne
xt]/internal/font/goo
gle/quicksand_7ec9eb9
0.module.css:17:9)
    at <unknown> (htt
ps://nextjs.org/docs/
messages/module-not-f
ound)
    at <unknown> ([ne
xt]/internal/font/goo
gle/quicksand_7ec9eb9
0.module.css:26:9)
    at <unknown> (htt
ps://nextjs.org/docs/
messages/module-not-f
ound)
    at <unknown> ([ne
xt]/internal/font/goo
gle/roboto_2062c160.m
odule.css:9:9)
    at <unknown> (htt
ps://nextjs.org/docs/
messages/module-not-f
ound)
    at <unknown> ([ne
xt]/internal/font/goo
gle/roboto_2062c160.m
odule.css:19:9)
    at <unknown> (htt
ps://nextjs.org/docs/
messages/module-not-f
ound)
    at <unknown> ([ne
xt]/internal/font/goo
gle/roboto_2062c160.m
odule.css:29:9)
    at <unknown> (htt
ps://nextjs.org/docs/
messages/module-not-f
ound)
    at <unknown> ([ne
xt]/internal/font/goo
gle/roboto_2062c160.m
odule.css:39:9)
    at <unknown> (htt
ps://nextjs.org/docs/
messages/module-not-f
ound)
    at <unknown> ([ne
xt]/internal/font/goo
gle/roboto_2062c160.m
odule.css:49:9)
    at <unknown> (htt
ps://nextjs.org/docs/
messages/module-not-f
ound)
    at <unknown> ([ne
xt]/internal/font/goo
gle/roboto_2062c160.m
odule.css:59:9)
    at <unknown> (htt
ps://nextjs.org/docs/
messages/module-not-f
ound)
    at <unknown> ([ne
xt]/internal/font/goo
gle/roboto_2062c160.m
odule.css:69:9)
    at <unknown> (htt
ps://nextjs.org/docs/
messages/module-not-f
ound)
    at <unknown> ([ne
xt]/internal/font/goo
gle/roboto_2062c160.m
odule.css:79:9)
    at <unknown> (htt
ps://nextjs.org/docs/
messages/module-not-f
ound)
    at <unknown> ([ne
xt]/internal/font/goo
gle/roboto_2062c160.m
odule.css:89:9)
    at <unknown> (htt
ps://nextjs.org/docs/
messages/module-not-f
ound)
    at <unknown> ([ne
xt]/internal/font/goo
gle/roboto_2062c160.m
odule.css:99:9)
    at <unknown> (htt
ps://nextjs.org/docs/
messages/module-not-f
ound)
    at <unknown> ([ne
xt]/internal/font/goo
gle/roboto_2062c160.m
odule.css:109:9)
    at <unknown> (htt
ps://nextjs.org/docs/
messages/module-not-f
ound)
    at <unknown> ([ne
xt]/internal/font/goo
gle/roboto_2062c160.m
odule.css:119:9)
    at <unknown> (htt
ps://nextjs.org/docs/
messages/module-not-f
ound)
    at <unknown> ([ne
xt]/internal/font/goo
gle/roboto_2062c160.m
odule.css:129:9)
    at <unknown> (htt
ps://nextjs.org/docs/
messages/module-not-f
ound)
    at <unknown> ([ne
xt]/internal/font/goo
gle/roboto_2062c160.m
odule.css:139:9)
    at <unknown> (htt
ps://nextjs.org/docs/
messages/module-not-f
ound)
    at <unknown> ([ne
xt]/internal/font/goo
gle/roboto_2062c160.m
odule.css:149:9)
    at <unknown> (htt
ps://nextjs.org/docs/
messages/module-not-f
ound)
    at <unknown> ([ne
xt]/internal/font/goo
gle/roboto_2062c160.m
odule.css:159:9)
    at <unknown> (htt
ps://nextjs.org/docs/
messages/module-not-f
ound)
    at <unknown> ([ne
xt]/internal/font/goo
gle/roboto_2062c160.m
odule.css:169:9)
    at <unknown> (htt
ps://nextjs.org/docs/
messages/module-not-f
ound)
    at <unknown> ([ne
xt]/internal/font/goo
gle/roboto_2062c160.m
odule.css:179:9)
    at <unknown> (htt
ps://nextjs.org/docs/
messages/module-not-f
ound)
    at <unknown> ([ne
xt]/internal/font/goo
gle/source_code_pro_e
97eb433.module.css:8:
9)
    at <unknown> (htt
ps://nextjs.org/docs/
messages/module-not-f
ound)
    at <unknown> ([ne
xt]/internal/font/goo
gle/source_code_pro_e
97eb433.module.css:17
:9)
    at <unknown> (htt
ps://nextjs.org/docs/
messages/module-not-f
ound)
    at <unknown> ([ne
xt]/internal/font/goo
gle/source_code_pro_e
97eb433.module.css:26
:9)
    at <unknown> (htt
ps://nextjs.org/docs/
messages/module-not-f
ound)
    at <unknown> ([ne
xt]/internal/font/goo
gle/source_code_pro_e
97eb433.module.css:35
:9)
    at <unknown> (htt
ps://nextjs.org/docs/
messages/module-not-f
ound)
    at <unknown> ([ne
xt]/internal/font/goo
gle/source_code_pro_e
97eb433.module.css:44
:9)
    at <unknown> (htt
ps://nextjs.org/docs/
messages/module-not-f
ound)
    at <unknown> ([ne
xt]/internal/font/goo
gle/source_code_pro_e
97eb433.module.css:53
:9)
    at <unknown> (htt
ps://nextjs.org/docs/
messages/module-not-f
ound)
    at <unknown> ([ne
xt]/internal/font/goo
gle/source_code_pro_e
97eb433.module.css:62
:9)
    at <unknown> (htt
ps://nextjs.org/docs/
messages/module-not-f
ound)
    at <unknown> ([ne
xt]/internal/font/goo
gle/space_mono_a0fe6d
e3.module.css:8:9)
    at <unknown> (htt
ps://nextjs.org/docs/
messages/module-not-f
ound)
    at <unknown> ([ne
xt]/internal/font/goo
gle/space_mono_a0fe6d
e3.module.css:17:9)
    at <unknown> (htt
ps://nextjs.org/docs/
messages/module-not-f
ound)
    at <unknown> ([ne
xt]/internal/font/goo
gle/space_mono_a0fe6d
e3.module.css:26:9)
    at <unknown> (htt
ps://nextjs.org/docs/
messages/module-not-f
ound)
    at <unknown> ([ne
xt]/internal/font/goo
gle/space_mono_a0fe6d
e3.module.css:35:9)
    at <unknown> (htt
ps://nextjs.org/docs/
messages/module-not-f
ound)
    at <unknown> ([ne
xt]/internal/font/goo
gle/space_mono_a0fe6d
e3.module.css:44:9)
    at <unknown> (htt
ps://nextjs.org/docs/
messages/module-not-f
ound)
    at <unknown> ([ne
xt]/internal/font/goo
gle/titillium_web_856
e0586.module.css:8:9)
    at <unknown> (htt
ps://nextjs.org/docs/
messages/module-not-f
ound)
    at <unknown> ([ne
xt]/internal/font/goo
gle/titillium_web_856
e0586.module.css:17:9
)
    at <unknown> (htt
ps://nextjs.org/docs/
messages/module-not-f
ound)
    at <unknown> ([ne
xt]/internal/font/goo
gle/titillium_web_856
e0586.module.css:35:9
)
    at <unknown> (htt
ps://nextjs.org/docs/
messages/module-not-f
ound)
    at <unknown> ([ne
xt]/internal/font/goo
gle/ubuntu_55bec97f.m
odule.css:8:9)
    at <unknown> (htt
ps://nextjs.org/docs/
messages/module-not-f
ound)
    at <unknown> ([ne
xt]/internal/font/goo
gle/ubuntu_55bec97f.m
odule.css:17:9)
    at <unknown> (htt
ps://nextjs.org/docs/
messages/module-not-f
ound)
    at <unknown> ([ne
xt]/internal/font/goo
gle/ubuntu_55bec97f.m
odule.css:26:9)
    at <unknown> (htt
ps://nextjs.org/docs/
messages/module-not-f
ound)
    at <unknown> ([ne
xt]/internal/font/goo
gle/ubuntu_55bec97f.m
odule.css:35:9)
    at <unknown> (htt
ps://nextjs.org/docs/
messages/module-not-f
ound)
    at <unknown> ([ne
xt]/internal/font/goo
gle/ubuntu_55bec97f.m
odule.css:44:9)
    at <unknown> (htt
ps://nextjs.org/docs/
messages/module-not-f
ound)
    at <unknown> ([ne
xt]/internal/font/goo
gle/ubuntu_55bec97f.m
odule.css:53:9)
    at <unknown> (htt
ps://nextjs.org/docs/
messages/module-not-f
ound)
    at <unknown> ([ne
xt]/internal/font/goo
gle/ubuntu_55bec97f.m
odule.css:62:9)
    at <unknown> (htt
ps://nextjs.org/docs/
messages/module-not-f
ound)
    at <unknown> ([ne
xt]/internal/font/goo
gle/ubuntu_55bec97f.m
odule.css:71:9)
    at <unknown> (htt
ps://nextjs.org/docs/
messages/module-not-f
ound)
    at <unknown> ([ne
xt]/internal/font/goo
gle/ubuntu_55bec97f.m
odule.css:80:9)
    at <unknown> (htt
ps://nextjs.org/docs/
messages/module-not-f
ound)
    at <unknown> ([ne
xt]/internal/font/goo
gle/ubuntu_55bec97f.m
odule.css:89:9)
    at <unknown> (htt
ps://nextjs.org/docs/
messages/module-not-f
ound)
    at <unknown> ([ne
xt]/internal/font/goo
gle/ubuntu_55bec97f.m
odule.css:98:9)
    at <unknown> (htt
ps://nextjs.org/docs/
messages/module-not-f
ound)
    at <unknown> ([ne
xt]/internal/font/goo
gle/ubuntu_55bec97f.m
odule.css:107:9)
    at <unknown> (htt
ps://nextjs.org/docs/
messages/module-not-f
ound)
